Archive member included to satisfy reference by file (symbol)

C:/Freescale/KSDK_1.3.0/lib/ksdk_platform_lib/kds/K64F12/debug/libksdk_platform.a(fsl_uart_hal.o)
                              ./Utilities/fsl_debug_console.o (UART_HAL_SetBaudRate)
C:/Freescale/KSDK_1.3.0/lib/ksdk_platform_lib/kds/K64F12/debug/libksdk_platform.a(fsl_gpio_driver.o)
                              ./Board/board.o (GPIO_DRV_Init)
C:/Freescale/KSDK_1.3.0/lib/ksdk_platform_lib/kds/K64F12/debug/libksdk_platform.a(fsl_clock_MK64F12.o)
                              ./Board/board.o (CLOCK_SYS_SetSimConfigration)
C:/Freescale/KSDK_1.3.0/lib/ksdk_platform_lib/kds/K64F12/debug/libksdk_platform.a(fsl_clock_manager.o)
                              ./Board/board.o (CLOCK_SYS_BootToPee)
C:/Freescale/KSDK_1.3.0/lib/ksdk_platform_lib/kds/K64F12/debug/libksdk_platform.a(fsl_clock_manager_common.o)
                              C:/Freescale/KSDK_1.3.0/lib/ksdk_platform_lib/kds/K64F12/debug/libksdk_platform.a(fsl_clock_MK64F12.o) (g_oscBase)
C:/Freescale/KSDK_1.3.0/lib/ksdk_platform_lib/kds/K64F12/debug/libksdk_platform.a(fsl_os_abstraction_bm.o)
                              C:/Freescale/KSDK_1.3.0/lib/ksdk_platform_lib/kds/K64F12/debug/libksdk_platform.a(fsl_clock_manager.o) (OSA_EnterCritical)
C:/Freescale/KSDK_1.3.0/lib/ksdk_platform_lib/kds/K64F12/debug/libksdk_platform.a(fsl_sim_hal_MK64F12.o)
                              C:/Freescale/KSDK_1.3.0/lib/ksdk_platform_lib/kds/K64F12/debug/libksdk_platform.a(fsl_clock_MK64F12.o) (CLOCK_HAL_GetUsbfsDiv)
C:/Freescale/KSDK_1.3.0/lib/ksdk_platform_lib/kds/K64F12/debug/libksdk_platform.a(fsl_osc_hal.o)
                              C:/Freescale/KSDK_1.3.0/lib/ksdk_platform_lib/kds/K64F12/debug/libksdk_platform.a(fsl_clock_manager.o) (OSC_HAL_SetCapacitor)
C:/Freescale/KSDK_1.3.0/lib/ksdk_platform_lib/kds/K64F12/debug/libksdk_platform.a(fsl_mcg_hal.o)
                              C:/Freescale/KSDK_1.3.0/lib/ksdk_platform_lib/kds/K64F12/debug/libksdk_platform.a(fsl_clock_MK64F12.o) (g_xtal0ClkFreq)
C:/Freescale/KSDK_1.3.0/lib/ksdk_platform_lib/kds/K64F12/debug/libksdk_platform.a(fsl_mcg_hal_modes.o)
                              C:/Freescale/KSDK_1.3.0/lib/ksdk_platform_lib/kds/K64F12/debug/libksdk_platform.a(fsl_clock_manager.o) (CLOCK_HAL_GetMcgMode)
C:/Freescale/KSDK_1.3.0/lib/ksdk_platform_lib/kds/K64F12/debug/libksdk_platform.a(fsl_lptmr_hal.o)
                              C:/Freescale/KSDK_1.3.0/lib/ksdk_platform_lib/kds/K64F12/debug/libksdk_platform.a(fsl_os_abstraction_bm.o) (LPTMR_HAL_SetTimerWorkingMode)
C:/Freescale/KSDK_1.3.0/lib/ksdk_platform_lib/kds/K64F12/debug/libksdk_platform.a(fsl_interrupt_manager.o)
                              C:/Freescale/KSDK_1.3.0/lib/ksdk_platform_lib/kds/K64F12/debug/libksdk_platform.a(fsl_os_abstraction_bm.o) (INT_SYS_InstallHandler)
C:/Freescale/KSDK_1.3.0/lib/ksdk_platform_lib/kds/K64F12/debug/libksdk_platform.a(fsl_gpio_hal.o)
                              C:/Freescale/KSDK_1.3.0/lib/ksdk_platform_lib/kds/K64F12/debug/libksdk_platform.a(fsl_gpio_driver.o) (GPIO_HAL_SetPinDir)
C:/Freescale/KSDK_1.3.0/lib/ksdk_platform_lib/kds/K64F12/debug/libksdk_platform.a(fsl_gpio_common.o)
                              C:/Freescale/KSDK_1.3.0/lib/ksdk_platform_lib/kds/K64F12/debug/libksdk_platform.a(fsl_gpio_driver.o) (g_gpioBase)
c:/program files (x86)/gnu tools arm embedded/5.4 2016q3/bin/../lib/gcc/arm-none-eabi/5.4.1/../../../../arm-none-eabi/lib/armv7e-m/fpu\libg_nano.a(lib_a-assert.o)
                              ./Board/board.o (__assert_func)
c:/program files (x86)/gnu tools arm embedded/5.4 2016q3/bin/../lib/gcc/arm-none-eabi/5.4.1/../../../../arm-none-eabi/lib/armv7e-m/fpu\libg_nano.a(lib_a-calloc.o)
                              C:/Freescale/KSDK_1.3.0/lib/ksdk_platform_lib/kds/K64F12/debug/libksdk_platform.a(fsl_os_abstraction_bm.o) (calloc)
c:/program files (x86)/gnu tools arm embedded/5.4 2016q3/bin/../lib/gcc/arm-none-eabi/5.4.1/../../../../arm-none-eabi/lib/armv7e-m/fpu\libg_nano.a(lib_a-exit.o)
                              c:/program files (x86)/gnu tools arm embedded/5.4 2016q3/bin/../lib/gcc/arm-none-eabi/5.4.1/../../../../arm-none-eabi/lib/armv7e-m/fpu/crt0.o (exit)
c:/program files (x86)/gnu tools arm embedded/5.4 2016q3/bin/../lib/gcc/arm-none-eabi/5.4.1/../../../../arm-none-eabi/lib/armv7e-m/fpu\libg_nano.a(lib_a-fprintf.o)
                              c:/program files (x86)/gnu tools arm embedded/5.4 2016q3/bin/../lib/gcc/arm-none-eabi/5.4.1/../../../../arm-none-eabi/lib/armv7e-m/fpu\libg_nano.a(lib_a-assert.o) (fiprintf)
c:/program files (x86)/gnu tools arm embedded/5.4 2016q3/bin/../lib/gcc/arm-none-eabi/5.4.1/../../../../arm-none-eabi/lib/armv7e-m/fpu\libg_nano.a(lib_a-impure.o)
                              c:/program files (x86)/gnu tools arm embedded/5.4 2016q3/bin/../lib/gcc/arm-none-eabi/5.4.1/../../../../arm-none-eabi/lib/armv7e-m/fpu\libg_nano.a(lib_a-exit.o) (_global_impure_ptr)
[...]
Memory Configuration

Name             Origin             Length             Attributes
m_interrupts     0x00000000         0x00000400         xr
m_flash_config   0x00000400         0x00000010         xr
m_text           0x00000410         0x000ffbf0         xr
m_data           0x1fff0000         0x00010000         rw
m_data_2         0x20000000         0x00030000         rw
*default*        0x00000000         0xffffffff

Linker script and memory map

LOAD c:/program files (x86)/gnu tools arm embedded/5.4 2016q3/bin/../lib/gcc/arm-none-eabi/5.4.1/armv7e-m/fpu/crti.o
LOAD c:/program files (x86)/gnu tools arm embedded/5.4 2016q3/bin/../lib/gcc/arm-none-eabi/5.4.1/armv7e-m/fpu/crtbegin.o
LOAD c:/program files (x86)/gnu tools arm embedded/5.4 2016q3/bin/../lib/gcc/arm-none-eabi/5.4.1/../../../../arm-none-eabi/lib/armv7e-m/fpu/crt0.o
LOAD ./p02/task.o
LOAD ./p00/queue.o
LOAD ./include/ucontext.o
LOAD ./Utilities/fsl_debug_console.o
LOAD ./Sources/main.o
LOAD ./Project_Settings/Startup_Code/startup.o
LOAD ./Project_Settings/Startup_Code/startup_MK64F12.o
LOAD ./Project_Settings/Startup_Code/system_MK64F12.o
LOAD ./Board/board.o
LOAD ./Board/gpio_pins.o
LOAD ./Board/hardware_init.o
LOAD ./Board/pin_mux.o
LOAD C:/Freescale/KSDK_1.3.0/lib/ksdk_platform_lib/kds/K64F12/debug/libksdk_platform.a
LOAD c:/program files (x86)/gnu tools arm embedded/5.4 2016q3/bin/../lib/gcc/arm-none-eabi/5.4.1/../../../../arm-none-eabi/lib/armv7e-m/fpu\libstdc++_nano.a
LOAD c:/program files (x86)/gnu tools arm embedded/5.4 2016q3/bin/../lib/gcc/arm-none-eabi/5.4.1/../../../../arm-none-eabi/lib/armv7e-m/fpu\libm.a
START GROUP
LOAD c:/program files (x86)/gnu tools arm embedded/5.4 2016q3/bin/../lib/gcc/arm-none-eabi/5.4.1/armv7e-m/fpu\libgcc.a
LOAD c:/program files (x86)/gnu tools arm embedded/5.4 2016q3/bin/../lib/gcc/arm-none-eabi/5.4.1/../../../../arm-none-eabi/lib/armv7e-m/fpu\libg_nano.a
LOAD c:/program files (x86)/gnu tools arm embedded/5.4 2016q3/bin/../lib/gcc/arm-none-eabi/5.4.1/../../../../arm-none-eabi/lib/armv7e-m/fpu\libc_nano.a
END GROUP
START GROUP
LOAD c:/program files (x86)/gnu tools arm embedded/5.4 2016q3/bin/../lib/gcc/arm-none-eabi/5.4.1/armv7e-m/fpu\libgcc.a
LOAD c:/program files (x86)/gnu tools arm embedded/5.4 2016q3/bin/../lib/gcc/arm-none-eabi/5.4.1/../../../../arm-none-eabi/lib/armv7e-m/fpu\libc_nano.a
LOAD c:/program files (x86)/gnu tools arm embedded/5.4 2016q3/bin/../lib/gcc/arm-none-eabi/5.4.1/../../../../arm-none-eabi/lib/armv7e-m/fpu\libnosys.a
END GROUP
START GROUP
LOAD c:/program files (x86)/gnu tools arm embedded/5.4 2016q3/bin/../lib/gcc/arm-none-eabi/5.4.1/armv7e-m/fpu\libgcc.a
LOAD c:/program files (x86)/gnu tools arm embedded/5.4 2016q3/bin/../lib/gcc/arm-none-eabi/5.4.1/../../../../arm-none-eabi/lib/armv7e-m/fpu\libc_nano.a
LOAD c:/program files (x86)/gnu tools arm embedded/5.4 2016q3/bin/../lib/gcc/arm-none-eabi/5.4.1/../../../../arm-none-eabi/lib/armv7e-m/fpu\libnosys.a
END GROUP
LOAD c:/program files (x86)/gnu tools arm embedded/5.4 2016q3/bin/../lib/gcc/arm-none-eabi/5.4.1/armv7e-m/fpu/crtend.o
LOAD c:/program files (x86)/gnu tools arm embedded/5.4 2016q3/bin/../lib/gcc/arm-none-eabi/5.4.1/armv7e-m/fpu/crtn.o
                0x00000400                HEAP_SIZE = DEFINED (__heap_size__)?__heap_size__:0x400
                0x00000400                STACK_SIZE = DEFINED (__stack_size__)?__stack_size__:0x400
                0x00000000                M_VECTOR_RAM_SIZE = DEFINED (__ram_vector_table__)?0x400:0x0

.interrupts     0x00000000      0x400
                0x00000000                __VECTOR_TABLE = .
                0x00000000                . = ALIGN (0x4)
 *(.isr_vector)
 .isr_vector    0x00000000      0x400 ./Project_Settings/Startup_Code/startup_MK64F12.o
                0x00000000                __isr_vector
                0x00000400                . = ALIGN (0x4)

.flash_config   0x00000400       0x10
                0x00000400                . = ALIGN (0x4)
 *(.FlashConfig)
 .FlashConfig   0x00000400       0x10 ./Project_Settings/Startup_Code/startup_MK64F12.o
                0x00000410                . = ALIGN (0x4)

.text           0x00000410     0x4bf0
                0x00000410                . = ALIGN (0x4)
 *(.text)
 .text          0x00000410       0x5c c:/program files (x86)/gnu tools arm embedded/5.4 2016q3/bin/../lib/gcc/arm-none-eabi/5.4.1/armv7e-m/fpu/crtbegin.o
 .text          0x0000046c       0x74 c:/program files (x86)/gnu tools arm embedded/5.4 2016q3/bin/../lib/gcc/arm-none-eabi/5.4.1/../../../../arm-none-eabi/lib/armv7e-m/fpu/crt0.o
                0x0000046c                _start
                0x0000046c                _mainCRTStartup
 .text          0x000004e0       0x14 ./Project_Settings/Startup_Code/startup_MK64F12.o
                0x000004e0                Reset_Handler
                0x000004f0                DebugMon_Handler
                0x000004f0                I2C0_IRQHandler
                0x000004f0                HardFault_Handler
                0x000004f0                SysTick_Handler
                0x000004f0                UART3_RX_TX_IRQHandler
                0x000004f0                PendSV_Handler
                0x000004f0                NMI_Handler
                0x000004f0                UART0_RX_TX_IRQHandler
                0x000004f0                I2C1_IRQHandler
                0x000004f0                DMA2_IRQHandler
                0x000004f0                ENET_Error_IRQHandler
                0x000004f0                CAN0_Tx_Warning_IRQHandler
                0x000004f0                PIT0_IRQHandler
                0x000004f0                CAN0_ORed_Message_buffer_IRQHandler
                0x000004f0                CMP2_IRQHandler
                0x000004f0                LLWU_IRQHandler
                0x000004f0                ENET_Receive_IRQHandler
                0x000004f0                ENET_1588_Timer_IRQHandler
                0x000004f0                UART2_RX_TX_IRQHandler
                0x000004f0                SWI_IRQHandler
                0x000004f0                ADC0_IRQHandler
                0x000004f0                UsageFault_Handler
                0x000004f0                I2S0_Tx_IRQHandler
                0x000004f0                CMT_IRQHandler
                0x000004f0                UART4_RX_TX_IRQHandler
                0x000004f0                SPI1_IRQHandler
                0x000004f0                DefaultISR
                0x000004f0                DMA9_IRQHandler
                0x000004f0                DMA14_IRQHandler
                0x000004f0                CMP1_IRQHandler
                0x000004f0                Reserved71_IRQHandler
                0x000004f0                PORTD_IRQHandler
                0x000004f0                PORTB_IRQHandler
                0x000004f0                UART4_ERR_IRQHandler
                0x000004f0                ADC1_IRQHandler
                0x000004f0                I2C2_IRQHandler
                0x000004f0                PIT2_IRQHandler
                0x000004f0                I2S0_Rx_IRQHandler
                0x000004f0                DMA5_IRQHandler
                0x000004f0                RTC_IRQHandler
                0x000004f0                PDB0_IRQHandler
                0x000004f0                CAN0_Rx_Warning_IRQHandler
                0x000004f0                FTM1_IRQHandler
                0x000004f0                UART5_RX_TX_IRQHandler
                0x000004f0                UART3_ERR_IRQHandler
                0x000004f0                PIT3_IRQHandler
                0x000004f0                SDHC_IRQHandler
                0x000004f0                RTC_Seconds_IRQHandler
                0x000004f0                MCG_IRQHandler
                0x000004f0                FTFE_IRQHandler
                0x000004f0                UART2_ERR_IRQHandler
                0x000004f0                DMA11_IRQHandler
                0x000004f0                UART5_ERR_IRQHandler
                0x000004f0                Read_Collision_IRQHandler
                0x000004f0                DMA7_IRQHandler
                0x000004f0                ENET_Transmit_IRQHandler
                0x000004f0                USBDCD_IRQHandler
                0x000004f0                USB0_IRQHandler
                0x000004f0                SPI2_IRQHandler
                0x000004f0                WDOG_EWM_IRQHandler
                0x000004f0                MemManage_Handler
                0x000004f0                SVC_Handler
                0x000004f0                DMA13_IRQHandler
                0x000004f0                DMA3_IRQHandler
                0x000004f0                UART0_LON_IRQHandler
                0x000004f0                RNG_IRQHandler
                0x000004f0                DMA0_IRQHandler
                0x000004f0                DMA15_IRQHandler
                0x000004f0                DAC0_IRQHandler
                0x000004f0                CAN0_Error_IRQHandler
                0x000004f0                DMA4_IRQHandler
                0x000004f0                PIT1_IRQHandler
                0x000004f0                UART0_ERR_IRQHandler
                0x000004f0                DMA_Error_IRQHandler
                0x000004f0                LVD_LVW_IRQHandler
                0x000004f0                SPI0_IRQHandler
                0x000004f0                FTM0_IRQHandler
                0x000004f0                PORTA_IRQHandler
                0x000004f0                DAC1_IRQHandler
                0x000004f0                MCM_IRQHandler
                0x000004f0                DMA12_IRQHandler
                0x000004f0                CAN0_Bus_Off_IRQHandler
                0x000004f0                FTM3_IRQHandler
                0x000004f0                PORTE_IRQHandler
                0x000004f0                FTM2_IRQHandler
                0x000004f0                LPTMR0_IRQHandler
                0x000004f0                BusFault_Handler
                0x000004f0                DMA8_IRQHandler
                0x000004f0                DMA10_IRQHandler
                0x000004f0                CAN0_Wake_Up_IRQHandler
                0x000004f0                UART1_ERR_IRQHandler
                0x000004f0                UART1_RX_TX_IRQHandler
                0x000004f0                CMP0_IRQHandler
                0x000004f0                PORTC_IRQHandler
                0x000004f0                DMA6_IRQHandler
                0x000004f0                DMA1_IRQHandler
 *fill*         0x000004f4        0xc 
 .text          0x00000500       0xa0 c:/program files (x86)/gnu tools arm embedded/5.4 2016q3/bin/../lib/gcc/arm-none-eabi/5.4.1/../../../../arm-none-eabi/lib/armv7e-m/fpu\libg_nano.a(lib_a-memchr.o)
                0x00000500                memchr
 *(.text*)
 .text.task_init
                0x000005a0       0x78 ./p02/task.o
                0x000005a0                task_init
 .text.task_create
                0x00000618       0xdc ./p02/task.o
                0x00000618                task_create
 .text.task_switch
                0x000006f4       0x60 ./p02/task.o
                0x000006f4                task_switch
 .text.task_exit
                0x00000754       0x78 ./p02/task.o
                0x00000754                task_exit
 .text.task_yield
                0x000007cc       0xd4 ./p02/task.o
                0x000007cc                task_yield
 .text.scheduler
                0x000008a0       0xa8 ./p02/task.o
                0x000008a0                scheduler
 .text.dispatcher_body
                0x00000948       0x40 ./p02/task.o
                0x00000948                dispatcher_body
 .text.print_queue
                0x00000988       0x70 ./p02/task.o
                0x00000988                print_queue
 .text.queue_append
                0x000009f8       0x88 ./p00/queue.o
                0x000009f8                queue_append
 .text.queue_remove
                0x00000a80      0x118 ./p00/queue.o
                0x00000a80                queue_remove
 .text.queue_size
                0x00000b98       0x3c ./p00/queue.o
                0x00000b98                queue_size
 .text.queue_print
                0x00000bd4       0x68 ./p00/queue.o
                0x00000bd4                queue_print
 .text.esta_na_fila
                0x00000c3c       0x38 ./p00/queue.o
                0x00000c3c                esta_na_fila
 .text.getcontext
                0x00000c74      0x190 ./include/ucontext.o
                0x00000c74                getcontext
 .text.setcontext
                0x00000e04      0x1a8 ./include/ucontext.o
                0x00000e04                setcontext
 .text.makecontext
                0x00000fac       0x20 ./include/ucontext.o
                0x00000fac                makecontext
 .text.swapcontext
                0x00000fcc       0x20 ./include/ucontext.o
                0x00000fcc                swapcontext
 .text.UART_HAL_EnableTransmitter
                0x00000fec       0x24 ./Utilities/fsl_debug_console.o
 .text.UART_HAL_EnableReceiver
                0x00001010       0x24 ./Utilities/fsl_debug_console.o
 .text.UART_HAL_SetBitCountPerChar
                0x00001034       0x2c ./Utilities/fsl_debug_console.o
 .text.UART_HAL_SetStopBitCount
                0x00001060       0x28 ./Utilities/fsl_debug_console.o
 .text.DbgConsole_Init
                0x00001088       0xc8 ./Utilities/fsl_debug_console.o
                0x00001088                DbgConsole_Init
 .text._write   0x00001150       0x54 ./Utilities/fsl_debug_console.o
                0x00001150                _write
 .text._read    0x000011a4       0x44 ./Utilities/fsl_debug_console.o
                0x000011a4                _read
 .text.UART_HAL_EnableTransmitter
                0x000011e8       0x24 ./Sources/main.o
 .text.UART_HAL_EnableReceiver
                0x0000120c       0x24 ./Sources/main.o
 .text.UART_HAL_SetBitCountPerChar
                0x00001230       0x2c ./Sources/main.o
 .text.UART_HAL_SetStopBitCount
                0x0000125c       0x28 ./Sources/main.o
 .text.Body     0x00001284       0x48 ./Sources/main.o
                0x00001284                Body
 .text.main     0x000012cc       0xf8 ./Sources/main.o
                0x000012cc                main
 .text.init_data_bss
                0x000013c4       0xcc ./Project_Settings/Startup_Code/startup.o
                0x000013c4                init_data_bss
 .text.SystemInit
                0x00001490       0x40 ./Project_Settings/Startup_Code/system_MK64F12.o
                0x00001490                SystemInit
 .text.PORT_HAL_SetMuxMode
                0x000014d0       0x58 ./Board/board.o
 .text.SMC_HAL_SetProtection
                0x00001528       0x20 ./Board/board.o
 .text.BOARD_InitOsc0
                0x00001548       0x30 ./Board/board.o
                0x00001548                BOARD_InitOsc0
 .text.BOARD_InitRtcOsc
                0x00001578       0x28 ./Board/board.o
                0x00001578                BOARD_InitRtcOsc
 .text.CLOCK_SetBootConfig
                0x000015a0       0x3c ./Board/board.o
 .text.BOARD_ClockInit
                0x000015dc       0x34 ./Board/board.o
                0x000015dc                BOARD_ClockInit
 .text.dbg_uart_init
                0x00001610       0x1c ./Board/board.o
                0x00001610                dbg_uart_init
 .text.hardware_init
                0x0000162c       0x28 ./Board/hardware_init.o
                0x0000162c                hardware_init
 .text.PORT_HAL_SetMuxMode
                0x00001654       0x58 ./Board/pin_mux.o
 .text.configure_uart_pins
                0x000016ac       0x6c ./Board/pin_mux.o
                0x000016ac                configure_uart_pins
 .text.UART_HAL_SetBaudRate
                0x00001718       0xa0 C:/Freescale/KSDK_1.3.0/lib/ksdk_platform_lib/kds/K64F12/debug/libksdk_platform.a(fsl_uart_hal.o)
                0x00001718                UART_HAL_SetBaudRate
 .text.UART_HAL_SetParityMode
                0x000017b8       0x40 C:/Freescale/KSDK_1.3.0/lib/ksdk_platform_lib/kds/K64F12/debug/libksdk_platform.a(fsl_uart_hal.o)
                0x000017b8                UART_HAL_SetParityMode
 .text.UART_HAL_Putchar
                0x000017f8       0x28 C:/Freescale/KSDK_1.3.0/lib/ksdk_platform_lib/kds/K64F12/debug/libksdk_platform.a(fsl_uart_hal.o)
                0x000017f8                UART_HAL_Putchar
 .text.UART_HAL_Getchar
                0x00001820       0x2c C:/Freescale/KSDK_1.3.0/lib/ksdk_platform_lib/kds/K64F12/debug/libksdk_platform.a(fsl_uart_hal.o)
                0x00001820                UART_HAL_Getchar
 .text.UART_HAL_SendDataPolling
                0x0000184c       0x44 C:/Freescale/KSDK_1.3.0/lib/ksdk_platform_lib/kds/K64F12/debug/libksdk_platform.a(fsl_uart_hal.o)
                0x0000184c                UART_HAL_SendDataPolling
 .text.UART_HAL_ReceiveDataPolling
                0x00001890       0x78 C:/Freescale/KSDK_1.3.0/lib/ksdk_platform_lib/kds/K64F12/debug/libksdk_platform.a(fsl_uart_hal.o)
                0x00001890                UART_HAL_ReceiveDataPolling
 .text.SIM_HAL_EnableClock
                0x00001908       0x3c C:/Freescale/KSDK_1.3.0/lib/ksdk_platform_lib/kds/K64F12/debug/libksdk_platform.a(fsl_clock_MK64F12.o)
 .text.CLOCK_HAL_SetExternalRefClock32kSrc
                0x00001944       0x2c C:/Freescale/KSDK_1.3.0/lib/ksdk_platform_lib/kds/K64F12/debug/libksdk_platform.a(fsl_clock_MK64F12.o)
 .text.CLOCK_HAL_SetPllfllSel
                0x00001970       0x38 C:/Freescale/KSDK_1.3.0/lib/ksdk_platform_lib/kds/K64F12/debug/libksdk_platform.a(fsl_clock_MK64F12.o)
 .text.CLOCK_HAL_GetOutDiv1
                0x000019a8       0x24 C:/Freescale/KSDK_1.3.0/lib/ksdk_platform_lib/kds/K64F12/debug/libksdk_platform.a(fsl_clock_MK64F12.o)
 .text.CLOCK_HAL_GetOutDiv2
                0x000019cc       0x28 C:/Freescale/KSDK_1.3.0/lib/ksdk_platform_lib/kds/K64F12/debug/libksdk_platform.a(fsl_clock_MK64F12.o)
 .text.CLOCK_SYS_SetSimConfigration
                0x000019f4       0x44 C:/Freescale/KSDK_1.3.0/lib/ksdk_platform_lib/kds/K64F12/debug/libksdk_platform.a(fsl_clock_MK64F12.o)
                0x000019f4                CLOCK_SYS_SetSimConfigration
 .text.CLOCK_SYS_GetSystemClockFreq
                0x00001a38       0x28 C:/Freescale/KSDK_1.3.0/lib/ksdk_platform_lib/kds/K64F12/debug/libksdk_platform.a(fsl_clock_MK64F12.o)
                0x00001a38                CLOCK_SYS_GetSystemClockFreq
 .text.CLOCK_SYS_GetBusClockFreq
                0x00001a60       0x28 C:/Freescale/KSDK_1.3.0/lib/ksdk_platform_lib/kds/K64F12/debug/libksdk_platform.a(fsl_clock_MK64F12.o)
                0x00001a60                CLOCK_SYS_GetBusClockFreq
 .text.CLOCK_SYS_GetUartFreq
                0x00001a88       0x4c C:/Freescale/KSDK_1.3.0/lib/ksdk_platform_lib/kds/K64F12/debug/libksdk_platform.a(fsl_clock_MK64F12.o)
                0x00001a88                CLOCK_SYS_GetUartFreq
 .text.CLOCK_SYS_EnablePortClock
                0x00001ad4       0x48 C:/Freescale/KSDK_1.3.0/lib/ksdk_platform_lib/kds/K64F12/debug/libksdk_platform.a(fsl_clock_MK64F12.o)
                0x00001ad4                CLOCK_SYS_EnablePortClock
 .text.CLOCK_SYS_EnableUartClock
                0x00001b1c       0x48 C:/Freescale/KSDK_1.3.0/lib/ksdk_platform_lib/kds/K64F12/debug/libksdk_platform.a(fsl_clock_MK64F12.o)
                0x00001b1c                CLOCK_SYS_EnableUartClock
 .text.SIM_HAL_EnableClock
                0x00001b64       0x3c C:/Freescale/KSDK_1.3.0/lib/ksdk_platform_lib/kds/K64F12/debug/libksdk_platform.a(fsl_clock_manager.o)
 .text.CLOCK_HAL_SetClkOutSrc
                0x00001ba0       0x30 C:/Freescale/KSDK_1.3.0/lib/ksdk_platform_lib/kds/K64F12/debug/libksdk_platform.a(fsl_clock_manager.o)
 .text.CLOCK_HAL_SetClksFrdivIrefs
                0x00001bd0       0x54 C:/Freescale/KSDK_1.3.0/lib/ksdk_platform_lib/kds/K64F12/debug/libksdk_platform.a(fsl_clock_manager.o)
 .text.CLOCK_HAL_GetClkOutStat
                0x00001c24       0x24 C:/Freescale/KSDK_1.3.0/lib/ksdk_platform_lib/kds/K64F12/debug/libksdk_platform.a(fsl_clock_manager.o)
 .text.CLOCK_HAL_GetFllSrc
                0x00001c48       0x24 C:/Freescale/KSDK_1.3.0/lib/ksdk_platform_lib/kds/K64F12/debug/libksdk_platform.a(fsl_clock_manager.o)
 .text.CLOCK_HAL_IsOsc0Stable
                0x00001c6c       0x30 C:/Freescale/KSDK_1.3.0/lib/ksdk_platform_lib/kds/K64F12/debug/libksdk_platform.a(fsl_clock_manager.o)
 .text.OSC_HAL_SetExternalRefClkCmd
                0x00001c9c       0x24 C:/Freescale/KSDK_1.3.0/lib/ksdk_platform_lib/kds/K64F12/debug/libksdk_platform.a(fsl_clock_manager.o)
 .text.OSC_HAL_SetExternalRefClkInStopModeCmd
                0x00001cc0       0x24 C:/Freescale/KSDK_1.3.0/lib/ksdk_platform_lib/kds/K64F12/debug/libksdk_platform.a(fsl_clock_manager.o)
 .text.CLOCK_SYS_EnableRtcClock
                0x00001ce4       0x1c C:/Freescale/KSDK_1.3.0/lib/ksdk_platform_lib/kds/K64F12/debug/libksdk_platform.a(fsl_clock_manager.o)
 .text.RTC_HAL_SetOsc2pfLoadCmd
                0x00001d00       0x28 C:/Freescale/KSDK_1.3.0/lib/ksdk_platform_lib/kds/K64F12/debug/libksdk_platform.a(fsl_clock_manager.o)
 .text.RTC_HAL_SetOsc4pfLoadCmd
                0x00001d28       0x28 C:/Freescale/KSDK_1.3.0/lib/ksdk_platform_lib/kds/K64F12/debug/libksdk_platform.a(fsl_clock_manager.o)
 .text.RTC_HAL_SetOsc8pfLoadCmd
                0x00001d50       0x28 C:/Freescale/KSDK_1.3.0/lib/ksdk_platform_lib/kds/K64F12/debug/libksdk_platform.a(fsl_clock_manager.o)
 .text.RTC_HAL_SetOsc16pfLoadCmd
                0x00001d78       0x28 C:/Freescale/KSDK_1.3.0/lib/ksdk_platform_lib/kds/K64F12/debug/libksdk_platform.a(fsl_clock_manager.o)
 .text.RTC_HAL_SetOscillatorCmd
                0x00001da0       0x28 C:/Freescale/KSDK_1.3.0/lib/ksdk_platform_lib/kds/K64F12/debug/libksdk_platform.a(fsl_clock_manager.o)
 .text.RTC_HAL_IsOscillatorEnabled
                0x00001dc8       0x2c C:/Freescale/KSDK_1.3.0/lib/ksdk_platform_lib/kds/K64F12/debug/libksdk_platform.a(fsl_clock_manager.o)
 .text.CLOCK_SYS_BootToPee
                0x00001df4       0xa4 C:/Freescale/KSDK_1.3.0/lib/ksdk_platform_lib/kds/K64F12/debug/libksdk_platform.a(fsl_clock_manager.o)
                0x00001df4                CLOCK_SYS_BootToPee
 .text.CLOCK_SYS_OscInit
                0x00001e98       0xe8 C:/Freescale/KSDK_1.3.0/lib/ksdk_platform_lib/kds/K64F12/debug/libksdk_platform.a(fsl_clock_manager.o)
                0x00001e98                CLOCK_SYS_OscInit
 .text.CLOCK_SYS_SetOscerConfigration
                0x00001f80       0x3c C:/Freescale/KSDK_1.3.0/lib/ksdk_platform_lib/kds/K64F12/debug/libksdk_platform.a(fsl_clock_manager.o)
                0x00001f80                CLOCK_SYS_SetOscerConfigration
 .text.CLOCK_SYS_RtcOscInit
                0x00001fbc       0xa0 C:/Freescale/KSDK_1.3.0/lib/ksdk_platform_lib/kds/K64F12/debug/libksdk_platform.a(fsl_clock_manager.o)
                0x00001fbc                CLOCK_SYS_RtcOscInit
 .text.CLOCK_HAL_SetOutDiv
                0x0000205c       0x5c C:/Freescale/KSDK_1.3.0/lib/ksdk_platform_lib/kds/K64F12/debug/libksdk_platform.a(fsl_sim_hal_MK64F12.o)
                0x0000205c                CLOCK_HAL_SetOutDiv
 .text.OSC_HAL_SetCapacitor
                0x000020b8       0x2c C:/Freescale/KSDK_1.3.0/lib/ksdk_platform_lib/kds/K64F12/debug/libksdk_platform.a(fsl_osc_hal.o)
                0x000020b8                OSC_HAL_SetCapacitor
 .text.CLOCK_HAL_GetClkOutStat
                0x000020e4       0x24 C:/Freescale/KSDK_1.3.0/lib/ksdk_platform_lib/kds/K64F12/debug/libksdk_platform.a(fsl_mcg_hal.o)
 .text.CLOCK_HAL_SetInternalRefClkMode
                0x00002108       0x24 C:/Freescale/KSDK_1.3.0/lib/ksdk_platform_lib/kds/K64F12/debug/libksdk_platform.a(fsl_mcg_hal.o)
 .text.CLOCK_HAL_GetInternalRefClkMode
                0x0000212c       0x24 C:/Freescale/KSDK_1.3.0/lib/ksdk_platform_lib/kds/K64F12/debug/libksdk_platform.a(fsl_mcg_hal.o)
 .text.CLOCK_HAL_IsPllSelected
                0x00002150       0x30 C:/Freescale/KSDK_1.3.0/lib/ksdk_platform_lib/kds/K64F12/debug/libksdk_platform.a(fsl_mcg_hal.o)
 .text.CLOCK_HAL_IsOsc0Stable
                0x00002180       0x30 C:/Freescale/KSDK_1.3.0/lib/ksdk_platform_lib/kds/K64F12/debug/libksdk_platform.a(fsl_mcg_hal.o)
 .text.CLOCK_HAL_TestOscFreq
                0x000021b0       0x50 C:/Freescale/KSDK_1.3.0/lib/ksdk_platform_lib/kds/K64F12/debug/libksdk_platform.a(fsl_mcg_hal.o)
                0x000021b0                CLOCK_HAL_TestOscFreq
 .text.CLOCK_HAL_PrepareOsc
                0x00002200       0x5c C:/Freescale/KSDK_1.3.0/lib/ksdk_platform_lib/kds/K64F12/debug/libksdk_platform.a(fsl_mcg_hal.o)
                0x00002200                CLOCK_HAL_PrepareOsc
 .text.CLOCK_HAL_GetMcgExternalClkFreq
                0x0000225c       0x28 C:/Freescale/KSDK_1.3.0/lib/ksdk_platform_lib/kds/K64F12/debug/libksdk_platform.a(fsl_mcg_hal.o)
 .text.CLOCK_HAL_TestFllExternalRefFreq
                0x00002284       0x90 C:/Freescale/KSDK_1.3.0/lib/ksdk_platform_lib/kds/K64F12/debug/libksdk_platform.a(fsl_mcg_hal.o)
                0x00002284                CLOCK_HAL_TestFllExternalRefFreq
 .text.CLOCK_HAL_GetFllRefClk
                0x00002314       0x74 C:/Freescale/KSDK_1.3.0/lib/ksdk_platform_lib/kds/K64F12/debug/libksdk_platform.a(fsl_mcg_hal.o)
                0x00002314                CLOCK_HAL_GetFllRefClk
 .text.CLOCK_HAL_TestFllFreq
                0x00002388       0x5c C:/Freescale/KSDK_1.3.0/lib/ksdk_platform_lib/kds/K64F12/debug/libksdk_platform.a(fsl_mcg_hal.o)
                0x00002388                CLOCK_HAL_TestFllFreq
 .text.CLOCK_HAL_GetFllClk
                0x000023e4       0x60 C:/Freescale/KSDK_1.3.0/lib/ksdk_platform_lib/kds/K64F12/debug/libksdk_platform.a(fsl_mcg_hal.o)
                0x000023e4                CLOCK_HAL_GetFllClk
 .text.CLOCK_HAL_UpdateFastClkInternalRefDiv
                0x00002444       0xa4 C:/Freescale/KSDK_1.3.0/lib/ksdk_platform_lib/kds/K64F12/debug/libksdk_platform.a(fsl_mcg_hal.o)
                0x00002444                CLOCK_HAL_UpdateFastClkInternalRefDiv
 .text.CLOCK_HAL_UpdateInternalRefClk
                0x000024e8       0x70 C:/Freescale/KSDK_1.3.0/lib/ksdk_platform_lib/kds/K64F12/debug/libksdk_platform.a(fsl_mcg_hal.o)
                0x000024e8                CLOCK_HAL_UpdateInternalRefClk
 .text.CLOCK_HAL_GetPll0RefFreq
                0x00002558       0x18 C:/Freescale/KSDK_1.3.0/lib/ksdk_platform_lib/kds/K64F12/debug/libksdk_platform.a(fsl_mcg_hal.o)
                0x00002558                CLOCK_HAL_GetPll0RefFreq
 .text.CLOCK_HAL_GetPll0Clk
                0x00002570       0x7c C:/Freescale/KSDK_1.3.0/lib/ksdk_platform_lib/kds/K64F12/debug/libksdk_platform.a(fsl_mcg_hal.o)
                0x00002570                CLOCK_HAL_GetPll0Clk
 .text.CLOCK_HAL_GetInternalRefClk
                0x000025ec       0x64 C:/Freescale/KSDK_1.3.0/lib/ksdk_platform_lib/kds/K64F12/debug/libksdk_platform.a(fsl_mcg_hal.o)
                0x000025ec                CLOCK_HAL_GetInternalRefClk
 .text.CLOCK_HAL_GetOutClk
                0x00002650       0x68 C:/Freescale/KSDK_1.3.0/lib/ksdk_platform_lib/kds/K64F12/debug/libksdk_platform.a(fsl_mcg_hal.o)
                0x00002650                CLOCK_HAL_GetOutClk
 .text.CLOCK_HAL_SetOsc0Mode
                0x000026b8       0x58 C:/Freescale/KSDK_1.3.0/lib/ksdk_platform_lib/kds/K64F12/debug/libksdk_platform.a(fsl_mcg_hal.o)
                0x000026b8                CLOCK_HAL_SetOsc0Mode
 .text.CLOCK_HAL_GetClkOutStat
                0x00002710       0x24 C:/Freescale/KSDK_1.3.0/lib/ksdk_platform_lib/kds/K64F12/debug/libksdk_platform.a(fsl_mcg_hal_modes.o)
 .text.CLOCK_HAL_SetPll0EnableCmd
                0x00002734       0x28 C:/Freescale/KSDK_1.3.0/lib/ksdk_platform_lib/kds/K64F12/debug/libksdk_platform.a(fsl_mcg_hal_modes.o)
 .text.CLOCK_HAL_IsPll0Locked
                0x0000275c       0x30 C:/Freescale/KSDK_1.3.0/lib/ksdk_platform_lib/kds/K64F12/debug/libksdk_platform.a(fsl_mcg_hal_modes.o)
 .text.CLOCK_HAL_IsPllSelected
                0x0000278c       0x30 C:/Freescale/KSDK_1.3.0/lib/ksdk_platform_lib/kds/K64F12/debug/libksdk_platform.a(fsl_mcg_hal_modes.o)
 .text.CLOCK_HAL_SetPbeMode
                0x000027bc       0xec C:/Freescale/KSDK_1.3.0/lib/ksdk_platform_lib/kds/K64F12/debug/libksdk_platform.a(fsl_mcg_hal_modes.o)
                0x000027bc                CLOCK_HAL_SetPbeMode
 .text.__assert_func
                0x000028a8       0x3c c:/program files (x86)/gnu tools arm embedded/5.4 2016q3/bin/../lib/gcc/arm-none-eabi/5.4.1/../../../../arm-none-eabi/lib/armv7e-m/fpu\libg_nano.a(lib_a-assert.o)
                0x000028a8                __assert_func
 .text.exit     0x000028e4       0x28 c:/program files (x86)/gnu tools arm embedded/5.4 2016q3/bin/../lib/gcc/arm-none-eabi/5.4.1/../../../../arm-none-eabi/lib/armv7e-m/fpu\libg_nano.a(lib_a-exit.o)
                0x000028e4                exit
 .text.fprintf  0x0000290c       0x24 c:/program files (x86)/gnu tools arm embedded/5.4 2016q3/bin/../lib/gcc/arm-none-eabi/5.4.1/../../../../arm-none-eabi/lib/armv7e-m/fpu\libg_nano.a(lib_a-fprintf.o)
                0x0000290c                fiprintf
                0x0000290c                fprintf
 .text.__libc_init_array
                0x00002930       0x4c c:/program files (x86)/gnu tools arm embedded/5.4 2016q3/bin/../lib/gcc/arm-none-eabi/5.4.1/../../../../arm-none-eabi/lib/armv7e-m/fpu\libg_nano.a(lib_a-init.o)
                0x00002930                __libc_init_array
 .text.malloc   0x0000297c       0x10 c:/program files (x86)/gnu tools arm embedded/5.4 2016q3/bin/../lib/gcc/arm-none-eabi/5.4.1/../../../../arm-none-eabi/lib/armv7e-m/fpu\libg_nano.a(lib_a-malloc.o)
                0x0000297c                malloc
 .text.memset   0x0000298c       0x10 c:/program files (x86)/gnu tools arm embedded/5.4 2016q3/bin/../lib/gcc/arm-none-eabi/5.4.1/../../../../arm-none-eabi/lib/armv7e-m/fpu\libg_nano.a(lib_a-memset.o)
                0x0000298c                memset
 .text._free_r  0x0000299c       0x9c c:/program files (x86)/gnu tools arm embedded/5.4 2016q3/bin/../lib/gcc/arm-none-eabi/5.4.1/../../../../arm-none-eabi/lib/armv7e-m/fpu\libg_nano.a(lib_a-nano-freer.o)
                0x0000299c                _free_r
 .text._malloc_r
                0x00002a38       0xbc c:/program files (x86)/gnu tools arm embedded/5.4 2016q3/bin/../lib/gcc/arm-none-eabi/5.4.1/../../../../arm-none-eabi/lib/armv7e-m/fpu\libg_nano.a(lib_a-nano-mallocr.o)
                0x00002a38                _malloc_r
 .text.__sfputc_r
                0x00002af4       0x30 c:/program files (x86)/gnu tools arm embedded/5.4 2016q3/bin/../lib/gcc/arm-none-eabi/5.4.1/../../../../arm-none-eabi/lib/armv7e-m/fpu\libg_nano.a(lib_a-nano-vfprintf.o)
 .text.__sfputs_r
                0x00002b24       0x24 c:/program files (x86)/gnu tools arm embedded/5.4 2016q3/bin/../lib/gcc/arm-none-eabi/5.4.1/../../../../arm-none-eabi/lib/armv7e-m/fpu\libg_nano.a(lib_a-nano-vfprintf.o)
                0x00002b24                __sfputs_r
 .text._vfprintf_r
                0x00002b48      0x238 c:/program files (x86)/gnu tools arm embedded/5.4 2016q3/bin/../lib/gcc/arm-none-eabi/5.4.1/../../../../arm-none-eabi/lib/armv7e-m/fpu\libg_nano.a(lib_a-nano-vfprintf.o)
                0x00002b48                _vfprintf_r
                0x00002b48                _vfiprintf_r
 .text._printf_common
                0x00002d80       0xec c:/program files (x86)/gnu tools arm embedded/5.4 2016q3/bin/../lib/gcc/arm-none-eabi/5.4.1/../../../../arm-none-eabi/lib/armv7e-m/fpu\libg_nano.a(lib_a-nano-vfprintf_i.o)
                0x00002d80                _printf_common
 .text._printf_i
                0x00002e6c      0x24c c:/program files (x86)/gnu tools arm embedded/5.4 2016q3/bin/../lib/gcc/arm-none-eabi/5.4.1/../../../../arm-none-eabi/lib/armv7e-m/fpu\libg_nano.a(lib_a-nano-vfprintf_i.o)
                0x00002e6c                _printf_i
 .text._perror_r
                0x000030b8       0x4c c:/program files (x86)/gnu tools arm embedded/5.4 2016q3/bin/../lib/gcc/arm-none-eabi/5.4.1/../../../../arm-none-eabi/lib/armv7e-m/fpu\libg_nano.a(lib_a-perror.o)
                0x000030b8                _perror_r
 .text.perror   0x00003104       0x10 c:/program files (x86)/gnu tools arm embedded/5.4 2016q3/bin/../lib/gcc/arm-none-eabi/5.4.1/../../../../arm-none-eabi/lib/armv7e-m/fpu\libg_nano.a(lib_a-perror.o)
                0x00003104                perror
 .text.printf   0x00003114       0x30 c:/program files (x86)/gnu tools arm embedded/5.4 2016q3/bin/../lib/gcc/arm-none-eabi/5.4.1/../../../../arm-none-eabi/lib/armv7e-m/fpu\libg_nano.a(lib_a-printf.o)
                0x00003114                iprintf
                0x00003114                printf
 .text.putchar  0x00003144       0x28 c:/program files (x86)/gnu tools arm embedded/5.4 2016q3/bin/../lib/gcc/arm-none-eabi/5.4.1/../../../../arm-none-eabi/lib/armv7e-m/fpu\libg_nano.a(lib_a-putchar.o)
                0x00003144                putchar
 .text._puts_r  0x0000316c       0xb4 c:/program files (x86)/gnu tools arm embedded/5.4 2016q3/bin/../lib/gcc/arm-none-eabi/5.4.1/../../../../arm-none-eabi/lib/armv7e-m/fpu\libg_nano.a(lib_a-puts.o)
                0x0000316c                _puts_r
 .text.puts     0x00003220       0x10 c:/program files (x86)/gnu tools arm embedded/5.4 2016q3/bin/../lib/gcc/arm-none-eabi/5.4.1/../../../../arm-none-eabi/lib/armv7e-m/fpu\libg_nano.a(lib_a-puts.o)
                0x00003220                puts
 .text._sbrk_r  0x00003230       0x20 c:/program files (x86)/gnu tools arm embedded/5.4 2016q3/bin/../lib/gcc/arm-none-eabi/5.4.1/../../../../arm-none-eabi/lib/armv7e-m/fpu\libg_nano.a(lib_a-sbrkr.o)
                0x00003230                _sbrk_r
 .text.setvbuf  0x00003250      0x154 c:/program files (x86)/gnu tools arm embedded/5.4 2016q3/bin/../lib/gcc/arm-none-eabi/5.4.1/../../../../arm-none-eabi/lib/armv7e-m/fpu\libg_nano.a(lib_a-setvbuf.o)
                0x00003250                setvbuf
 .text._strerror_r
                0x000033a4      0x3cc c:/program files (x86)/gnu tools arm embedded/5.4 2016q3/bin/../lib/gcc/arm-none-eabi/5.4.1/../../../../arm-none-eabi/lib/armv7e-m/fpu\libg_nano.a(lib_a-strerror.o)
                0x000033a4                _strerror_r
 .text._user_strerror
                0x00003770        0x4 c:/program files (x86)/gnu tools arm embedded/5.4 2016q3/bin/../lib/gcc/arm-none-eabi/5.4.1/../../../../arm-none-eabi/lib/armv7e-m/fpu\libg_nano.a(lib_a-u_strerr.o)
                0x00003770                _user_strerror
 .text.__swbuf_r
                0x00003774       0xa8 c:/program files (x86)/gnu tools arm embedded/5.4 2016q3/bin/../lib/gcc/arm-none-eabi/5.4.1/../../../../arm-none-eabi/lib/armv7e-m/fpu\libg_nano.a(lib_a-wbuf.o)
                0x00003774                __swbuf_r
 .text.__swsetup_r
                0x0000381c       0xdc c:/program files (x86)/gnu tools arm embedded/5.4 2016q3/bin/../lib/gcc/arm-none-eabi/5.4.1/../../../../arm-none-eabi/lib/armv7e-m/fpu\libg_nano.a(lib_a-wsetup.o)
                0x0000381c                __swsetup_r
 .text.abort    0x000038f8        0xe c:/program files (x86)/gnu tools arm embedded/5.4 2016q3/bin/../lib/gcc/arm-none-eabi/5.4.1/../../../../arm-none-eabi/lib/armv7e-m/fpu\libg_nano.a(lib_a-abort.o)
                0x000038f8                abort
 *fill*         0x00003906        0x2 
 .text.__sflush_r
                0x00003908      0x110 c:/program files (x86)/gnu tools arm embedded/5.4 2016q3/bin/../lib/gcc/arm-none-eabi/5.4.1/../../../../arm-none-eabi/lib/armv7e-m/fpu\libg_nano.a(lib_a-fflush.o)
                0x00003908                __sflush_r
 .text._fflush_r
                0x00003a18       0x54 c:/program files (x86)/gnu tools arm embedded/5.4 2016q3/bin/../lib/gcc/arm-none-eabi/5.4.1/../../../../arm-none-eabi/lib/armv7e-m/fpu\libg_nano.a(lib_a-fflush.o)
                0x00003a18                _fflush_r
 .text._cleanup_r
                0x00003a6c        0xc c:/program files (x86)/gnu tools arm embedded/5.4 2016q3/bin/../lib/gcc/arm-none-eabi/5.4.1/../../../../arm-none-eabi/lib/armv7e-m/fpu\libg_nano.a(lib_a-findfp.o)
                0x00003a6c                _cleanup_r
 .text.std.isra.0
                0x00003a78       0x48 c:/program files (x86)/gnu tools arm embedded/5.4 2016q3/bin/../lib/gcc/arm-none-eabi/5.4.1/../../../../arm-none-eabi/lib/armv7e-m/fpu\libg_nano.a(lib_a-findfp.o)
 .text.__sfmoreglue
                0x00003ac0       0x2c c:/program files (x86)/gnu tools arm embedded/5.4 2016q3/bin/../lib/gcc/arm-none-eabi/5.4.1/../../../../arm-none-eabi/lib/armv7e-m/fpu\libg_nano.a(lib_a-findfp.o)
                0x00003ac0                __sfmoreglue
 .text.__sinit  0x00003aec       0x60 c:/program files (x86)/gnu tools arm embedded/5.4 2016q3/bin/../lib/gcc/arm-none-eabi/5.4.1/../../../../arm-none-eabi/lib/armv7e-m/fpu\libg_nano.a(lib_a-findfp.o)
                0x00003aec                __sinit
 .text.__sfp    0x00003b4c       0x78 c:/program files (x86)/gnu tools arm embedded/5.4 2016q3/bin/../lib/gcc/arm-none-eabi/5.4.1/../../../../arm-none-eabi/lib/armv7e-m/fpu\libg_nano.a(lib_a-findfp.o)
                0x00003b4c                __sfp
 .text._fputc_r
                0x00003bc4       0x48 c:/program files (x86)/gnu tools arm embedded/5.4 2016q3/bin/../lib/gcc/arm-none-eabi/5.4.1/../../../../arm-none-eabi/lib/armv7e-m/fpu\libg_nano.a(lib_a-fputc.o)
                0x00003bc4                _fputc_r
 .text.fputc    0x00003c0c       0x10 c:/program files (x86)/gnu tools arm embedded/5.4 2016q3/bin/../lib/gcc/arm-none-eabi/5.4.1/../../../../arm-none-eabi/lib/armv7e-m/fpu\libg_nano.a(lib_a-fputc.o)
                0x00003c0c                fputc
 .text._fputs_r
                0x00003c1c       0x8c c:/program files (x86)/gnu tools arm embedded/5.4 2016q3/bin/../lib/gcc/arm-none-eabi/5.4.1/../../../../arm-none-eabi/lib/armv7e-m/fpu\libg_nano.a(lib_a-fputs.o)
                0x00003c1c                _fputs_r
 .text.fputs    0x00003ca8       0x10 c:/program files (x86)/gnu tools arm embedded/5.4 2016q3/bin/../lib/gcc/arm-none-eabi/5.4.1/../../../../arm-none-eabi/lib/armv7e-m/fpu\libg_nano.a(lib_a-fputs.o)
                0x00003ca8                fputs
 .text._fwalk_reent
                0x00003cb8       0x3c c:/program files (x86)/gnu tools arm embedded/5.4 2016q3/bin/../lib/gcc/arm-none-eabi/5.4.1/../../../../arm-none-eabi/lib/armv7e-m/fpu\libg_nano.a(lib_a-fwalk.o)
                0x00003cb8                _fwalk_reent
 .text.__swhatbuf_r
                0x00003cf4       0x46 c:/program files (x86)/gnu tools arm embedded/5.4 2016q3/bin/../lib/gcc/arm-none-eabi/5.4.1/../../../../arm-none-eabi/lib/armv7e-m/fpu\libg_nano.a(lib_a-makebuf.o)
                0x00003cf4                __swhatbuf_r
 *fill*         0x00003d3a        0x2 
 .text.__smakebuf_r
                0x00003d3c       0x78 c:/program files (x86)/gnu tools arm embedded/5.4 2016q3/bin/../lib/gcc/arm-none-eabi/5.4.1/../../../../arm-none-eabi/lib/armv7e-m/fpu\libg_nano.a(lib_a-makebuf.o)
                0x00003d3c                __smakebuf_r
 .text.__malloc_lock
                0x00003db4        0x2 c:/program files (x86)/gnu tools arm embedded/5.4 2016q3/bin/../lib/gcc/arm-none-eabi/5.4.1/../../../../arm-none-eabi/lib/armv7e-m/fpu\libg_nano.a(lib_a-mlock.o)
                0x00003db4                __malloc_lock
 .text.__malloc_unlock
                0x00003db6        0x2 c:/program files (x86)/gnu tools arm embedded/5.4 2016q3/bin/../lib/gcc/arm-none-eabi/5.4.1/../../../../arm-none-eabi/lib/armv7e-m/fpu\libg_nano.a(lib_a-mlock.o)
                0x00003db6                __malloc_unlock
 .text._putc_r  0x00003db8       0x6c c:/program files (x86)/gnu tools arm embedded/5.4 2016q3/bin/../lib/gcc/arm-none-eabi/5.4.1/../../../../arm-none-eabi/lib/armv7e-m/fpu\libg_nano.a(lib_a-putc.o)
                0x00003db8                _putc_r
 .text._raise_r
                0x00003e24       0x54 c:/program files (x86)/gnu tools arm embedded/5.4 2016q3/bin/../lib/gcc/arm-none-eabi/5.4.1/../../../../arm-none-eabi/lib/armv7e-m/fpu\libg_nano.a(lib_a-signal.o)
                0x00003e24                _raise_r
 .text.raise    0x00003e78       0x10 c:/program files (x86)/gnu tools arm embedded/5.4 2016q3/bin/../lib/gcc/arm-none-eabi/5.4.1/../../../../arm-none-eabi/lib/armv7e-m/fpu\libg_nano.a(lib_a-signal.o)
                0x00003e78                raise
 .text._kill_r  0x00003e88       0x24 c:/program files (x86)/gnu tools arm embedded/5.4 2016q3/bin/../lib/gcc/arm-none-eabi/5.4.1/../../../../arm-none-eabi/lib/armv7e-m/fpu\libg_nano.a(lib_a-signalr.o)
                0x00003e88                _kill_r
 .text._getpid_r
                0x00003eac        0x4 c:/program files (x86)/gnu tools arm embedded/5.4 2016q3/bin/../lib/gcc/arm-none-eabi/5.4.1/../../../../arm-none-eabi/lib/armv7e-m/fpu\libg_nano.a(lib_a-signalr.o)
                0x00003eac                _getpid_r
 .text.__sread  0x00003eb0       0x22 c:/program files (x86)/gnu tools arm embedded/5.4 2016q3/bin/../lib/gcc/arm-none-eabi/5.4.1/../../../../arm-none-eabi/lib/armv7e-m/fpu\libg_nano.a(lib_a-stdio.o)
                0x00003eb0                __sread
 .text.__swrite
                0x00003ed2       0x38 c:/program files (x86)/gnu tools arm embedded/5.4 2016q3/bin/../lib/gcc/arm-none-eabi/5.4.1/../../../../arm-none-eabi/lib/armv7e-m/fpu\libg_nano.a(lib_a-stdio.o)
                0x00003ed2                __swrite
 .text.__sseek  0x00003f0a       0x24 c:/program files (x86)/gnu tools arm embedded/5.4 2016q3/bin/../lib/gcc/arm-none-eabi/5.4.1/../../../../arm-none-eabi/lib/armv7e-m/fpu\libg_nano.a(lib_a-stdio.o)
                0x00003f0a                __sseek
 .text.__sclose
                0x00003f2e        0x8 c:/program files (x86)/gnu tools arm embedded/5.4 2016q3/bin/../lib/gcc/arm-none-eabi/5.4.1/../../../../arm-none-eabi/lib/armv7e-m/fpu\libg_nano.a(lib_a-stdio.o)
                0x00003f2e                __sclose
 *fill*         0x00003f36        0x2 
 .text._write_r
                0x00003f38       0x24 c:/program files (x86)/gnu tools arm embedded/5.4 2016q3/bin/../lib/gcc/arm-none-eabi/5.4.1/../../../../arm-none-eabi/lib/armv7e-m/fpu\libg_nano.a(lib_a-writer.o)
                0x00003f38                _write_r
 .text._close_r
                0x00003f5c       0x20 c:/program files (x86)/gnu tools arm embedded/5.4 2016q3/bin/../lib/gcc/arm-none-eabi/5.4.1/../../../../arm-none-eabi/lib/armv7e-m/fpu\libg_nano.a(lib_a-closer.o)
                0x00003f5c                _close_r
 .text._fstat_r
                0x00003f7c       0x24 c:/program files (x86)/gnu tools arm embedded/5.4 2016q3/bin/../lib/gcc/arm-none-eabi/5.4.1/../../../../arm-none-eabi/lib/armv7e-m/fpu\libg_nano.a(lib_a-fstatr.o)
                0x00003f7c                _fstat_r
 .text._isatty_r
                0x00003fa0       0x20 c:/program files (x86)/gnu tools arm embedded/5.4 2016q3/bin/../lib/gcc/arm-none-eabi/5.4.1/../../../../arm-none-eabi/lib/armv7e-m/fpu\libg_nano.a(lib_a-isattyr.o)
                0x00003fa0                _isatty_r
 .text._lseek_r
                0x00003fc0       0x24 c:/program files (x86)/gnu tools arm embedded/5.4 2016q3/bin/../lib/gcc/arm-none-eabi/5.4.1/../../../../arm-none-eabi/lib/armv7e-m/fpu\libg_nano.a(lib_a-lseekr.o)
                0x00003fc0                _lseek_r
 .text._read_r  0x00003fe4       0x24 c:/program files (x86)/gnu tools arm embedded/5.4 2016q3/bin/../lib/gcc/arm-none-eabi/5.4.1/../../../../arm-none-eabi/lib/armv7e-m/fpu\libg_nano.a(lib_a-readr.o)
                0x00003fe4                _read_r
 .text._close   0x00004008       0x10 c:/program files (x86)/gnu tools arm embedded/5.4 2016q3/bin/../lib/gcc/arm-none-eabi/5.4.1/../../../../arm-none-eabi/lib/armv7e-m/fpu\libnosys.a(close.o)
                0x00004008                _close
 .text._fstat   0x00004018       0x10 c:/program files (x86)/gnu tools arm embedded/5.4 2016q3/bin/../lib/gcc/arm-none-eabi/5.4.1/../../../../arm-none-eabi/lib/armv7e-m/fpu\libnosys.a(fstat.o)
                0x00004018                _fstat
 .text._getpid  0x00004028       0x10 c:/program files (x86)/gnu tools arm embedded/5.4 2016q3/bin/../lib/gcc/arm-none-eabi/5.4.1/../../../../arm-none-eabi/lib/armv7e-m/fpu\libnosys.a(getpid.o)
                0x00004028                _getpid
 .text._isatty  0x00004038       0x10 c:/program files (x86)/gnu tools arm embedded/5.4 2016q3/bin/../lib/gcc/arm-none-eabi/5.4.1/../../../../arm-none-eabi/lib/armv7e-m/fpu\libnosys.a(isatty.o)
                0x00004038                _isatty
 .text._kill    0x00004048       0x10 c:/program files (x86)/gnu tools arm embedded/5.4 2016q3/bin/../lib/gcc/arm-none-eabi/5.4.1/../../../../arm-none-eabi/lib/armv7e-m/fpu\libnosys.a(kill.o)
                0x00004048                _kill
 .text._lseek   0x00004058       0x10 c:/program files (x86)/gnu tools arm embedded/5.4 2016q3/bin/../lib/gcc/arm-none-eabi/5.4.1/../../../../arm-none-eabi/lib/armv7e-m/fpu\libnosys.a(lseek.o)
                0x00004058                _lseek
 .text._sbrk    0x00004068       0x1c c:/program files (x86)/gnu tools arm embedded/5.4 2016q3/bin/../lib/gcc/arm-none-eabi/5.4.1/../../../../arm-none-eabi/lib/armv7e-m/fpu\libnosys.a(sbrk.o)
                0x00004068                _sbrk
 .text._exit    0x00004084        0x4 c:/program files (x86)/gnu tools arm embedded/5.4 2016q3/bin/../lib/gcc/arm-none-eabi/5.4.1/../../../../arm-none-eabi/lib/armv7e-m/fpu\libnosys.a(_exit.o)
                0x00004084                _exit
 *(.rodata)
 .rodata        0x00004088      0x21a ./p02/task.o
 *fill*         0x000042a2        0x2 
 .rodata        0x000042a4       0xd6 ./p00/queue.o
 *fill*         0x0000437a        0x2 
 .rodata        0x0000437c       0x18 ./Utilities/fsl_debug_console.o
 .rodata        0x00004394       0xcd ./Sources/main.o
 *fill*         0x00004461        0x3 
 .rodata        0x00004464       0x50 ./Board/board.o
 .rodata        0x000044b4       0x44 ./Board/pin_mux.o
 .rodata        0x000044f8      0x1f0 C:/Freescale/KSDK_1.3.0/lib/ksdk_platform_lib/kds/K64F12/debug/libksdk_platform.a(fsl_clock_MK64F12.o)
 .rodata        0x000046e8       0xcc C:/Freescale/KSDK_1.3.0/lib/ksdk_platform_lib/kds/K64F12/debug/libksdk_platform.a(fsl_clock_manager.o)
 *(.rodata*)
 .rodata.g_defaultClockConfigRun
                0x000047b4       0x16 ./Board/board.o
                0x000047b4                g_defaultClockConfigRun
 *fill*         0x000047ca        0x2 
 .rodata.__func__.6440
                0x000047cc       0x14 ./Board/board.o
 .rodata.__func__.6418
                0x000047e0       0x14 ./Board/pin_mux.o
 .rodata.portGateTable
                0x000047f4        0x8 C:/Freescale/KSDK_1.3.0/lib/ksdk_platform_lib/kds/K64F12/debug/libksdk_platform.a(fsl_clock_MK64F12.o)
 .rodata.uartGateTable
                0x000047fc        0x8 C:/Freescale/KSDK_1.3.0/lib/ksdk_platform_lib/kds/K64F12/debug/libksdk_platform.a(fsl_clock_MK64F12.o)
 .rodata.__func__.7761
                0x00004804       0x1c C:/Freescale/KSDK_1.3.0/lib/ksdk_platform_lib/kds/K64F12/debug/libksdk_platform.a(fsl_clock_MK64F12.o)
 .rodata.__func__.7839
                0x00004820       0x1c C:/Freescale/KSDK_1.3.0/lib/ksdk_platform_lib/kds/K64F12/debug/libksdk_platform.a(fsl_clock_MK64F12.o)
 .rodata.__func__.8048
                0x0000483c       0x14 C:/Freescale/KSDK_1.3.0/lib/ksdk_platform_lib/kds/K64F12/debug/libksdk_platform.a(fsl_clock_manager.o)
 .rodata.__func__.8065
                0x00004850       0x18 C:/Freescale/KSDK_1.3.0/lib/ksdk_platform_lib/kds/K64F12/debug/libksdk_platform.a(fsl_clock_manager.o)
 .rodata.g_oscBase
                0x00004868        0x4 C:/Freescale/KSDK_1.3.0/lib/ksdk_platform_lib/kds/K64F12/debug/libksdk_platform.a(fsl_clock_manager_common.o)
                0x00004868                g_oscBase
 .rodata.fllFactorTable.6344
                0x0000486c       0x10 C:/Freescale/KSDK_1.3.0/lib/ksdk_platform_lib/kds/K64F12/debug/libksdk_platform.a(fsl_mcg_hal.o)
 .rodata.str1.1
                0x0000487c       0x3c c:/program files (x86)/gnu tools arm embedded/5.4 2016q3/bin/../lib/gcc/arm-none-eabi/5.4.1/../../../../arm-none-eabi/lib/armv7e-m/fpu\libg_nano.a(lib_a-assert.o)
                                 0x3d (size before relaxing)
 .rodata._global_impure_ptr
                0x000048b8        0x4 c:/program files (x86)/gnu tools arm embedded/5.4 2016q3/bin/../lib/gcc/arm-none-eabi/5.4.1/../../../../arm-none-eabi/lib/armv7e-m/fpu\libg_nano.a(lib_a-impure.o)
                0x000048b8                _global_impure_ptr
 .rodata.str1.1
                0x000048bc       0x11 c:/program files (x86)/gnu tools arm embedded/5.4 2016q3/bin/../lib/gcc/arm-none-eabi/5.4.1/../../../../arm-none-eabi/lib/armv7e-m/fpu\libg_nano.a(lib_a-nano-vfprintf.o)
 .rodata.str1.1
                0x000048cd       0x22 c:/program files (x86)/gnu tools arm embedded/5.4 2016q3/bin/../lib/gcc/arm-none-eabi/5.4.1/../../../../arm-none-eabi/lib/armv7e-m/fpu\libg_nano.a(lib_a-nano-vfprintf_i.o)
 .rodata.str1.1
                0x000048ef       0x22 c:/program files (x86)/gnu tools arm embedded/5.4 2016q3/bin/../lib/gcc/arm-none-eabi/5.4.1/../../../../arm-none-eabi/lib/armv7e-m/fpu\libg_nano.a(lib_a-perror.o)
                                  0x3 (size before relaxing)
 .rodata.str1.1
                0x000048ef      0x696 c:/program files (x86)/gnu tools arm embedded/5.4 2016q3/bin/../lib/gcc/arm-none-eabi/5.4.1/../../../../arm-none-eabi/lib/armv7e-m/fpu\libg_nano.a(lib_a-strerror.o)
                                0x697 (size before relaxing)
 *fill*         0x00004f85        0x3 
 .rodata.__sf_fake_stdin
                0x00004f88       0x20 c:/program files (x86)/gnu tools arm embedded/5.4 2016q3/bin/../lib/gcc/arm-none-eabi/5.4.1/../../../../arm-none-eabi/lib/armv7e-m/fpu\libg_nano.a(lib_a-findfp.o)
                0x00004f88                __sf_fake_stdin
 .rodata.__sf_fake_stdout
                0x00004fa8       0x20 c:/program files (x86)/gnu tools arm embedded/5.4 2016q3/bin/../lib/gcc/arm-none-eabi/5.4.1/../../../../arm-none-eabi/lib/armv7e-m/fpu\libg_nano.a(lib_a-findfp.o)
                0x00004fa8                __sf_fake_stdout
 .rodata.__sf_fake_stderr
                0x00004fc8       0x20 c:/program files (x86)/gnu tools arm embedded/5.4 2016q3/bin/../lib/gcc/arm-none-eabi/5.4.1/../../../../arm-none-eabi/lib/armv7e-m/fpu\libg_nano.a(lib_a-findfp.o)
                0x00004fc8                __sf_fake_stderr
 *(.glue_7)
 .glue_7        0x00004fe8        0x0 linker stubs
 *(.glue_7t)
 .glue_7t       0x00004fe8        0x0 linker stubs
 *(.eh_frame)
 .eh_frame      0x00004fe8        0x0 c:/program files (x86)/gnu tools arm embedded/5.4 2016q3/bin/../lib/gcc/arm-none-eabi/5.4.1/armv7e-m/fpu/crtbegin.o
 *(.init)
 .init          0x00004fe8        0x4 c:/program files (x86)/gnu tools arm embedded/5.4 2016q3/bin/../lib/gcc/arm-none-eabi/5.4.1/armv7e-m/fpu/crti.o
                0x00004fe8                _init
 .init          0x00004fec        0x8 c:/program files (x86)/gnu tools arm embedded/5.4 2016q3/bin/../lib/gcc/arm-none-eabi/5.4.1/armv7e-m/fpu/crtn.o
 *(.fini)
 .fini          0x00004ff4        0x4 c:/program files (x86)/gnu tools arm embedded/5.4 2016q3/bin/../lib/gcc/arm-none-eabi/5.4.1/armv7e-m/fpu/crti.o
                0x00004ff4                _fini
 .fini          0x00004ff8        0x8 c:/program files (x86)/gnu tools arm embedded/5.4 2016q3/bin/../lib/gcc/arm-none-eabi/5.4.1/armv7e-m/fpu/crtn.o
                0x00005000                . = ALIGN (0x4)

.vfp11_veneer   0x00005000        0x0
 .vfp11_veneer  0x00005000        0x0 linker stubs

.v4_bx          0x00005000        0x0
 .v4_bx         0x00005000        0x0 linker stubs

.iplt           0x00005000        0x0
 .iplt          0x00005000        0x0 c:/program files (x86)/gnu tools arm embedded/5.4 2016q3/bin/../lib/gcc/arm-none-eabi/5.4.1/armv7e-m/fpu/crtbegin.o

.ARM.extab
 *(.ARM.extab* .gnu.linkonce.armextab.*)

.ARM            0x00005000        0x8
                0x00005000                __exidx_start = .
 *(.ARM.exidx*)
 .ARM.exidx     0x00005000        0x8 c:/program files (x86)/gnu tools arm embedded/5.4 2016q3/bin/../lib/gcc/arm-none-eabi/5.4.1/../../../../arm-none-eabi/lib/armv7e-m/fpu/crt0.o
                0x00005008                __exidx_end = .

.rel.dyn        0x00005008        0x0
 .rel.iplt      0x00005008        0x0 c:/program files (x86)/gnu tools arm embedded/5.4 2016q3/bin/../lib/gcc/arm-none-eabi/5.4.1/armv7e-m/fpu/crtbegin.o

.ctors          0x00005008        0x0
                0x00005008                __CTOR_LIST__ = .
 *crtbegin.o(.ctors)
 *crtbegin?.o(.ctors)
 *(EXCLUDE_FILE(*crtend.o *crtend?.o) .ctors)
 *(SORT(.ctors.*))
 *(.ctors)
                0x00005008                __CTOR_END__ = .

.dtors          0x00005008        0x0
                0x00005008                __DTOR_LIST__ = .
 *crtbegin.o(.dtors)
 *crtbegin?.o(.dtors)
 *(EXCLUDE_FILE(*crtend.o *crtend?.o) .dtors)
 *(SORT(.dtors.*))
 *(.dtors)
                0x00005008                __DTOR_END__ = .

.preinit_array  0x00005008        0x0
                0x00005008                PROVIDE (__preinit_array_start, .)
 *(.preinit_array*)
                0x00005008                PROVIDE (__preinit_array_end, .)

.init_array     0x00005008        0x4
                0x00005008                PROVIDE (__init_array_start, .)
 *(SORT(.init_array.*))
 *(.init_array*)
 .init_array    0x00005008        0x4 c:/program files (x86)/gnu tools arm embedded/5.4 2016q3/bin/../lib/gcc/arm-none-eabi/5.4.1/armv7e-m/fpu/crtbegin.o
                0x0000500c                PROVIDE (__init_array_end, .)

.fini_array     0x0000500c        0x4
                [!provide]                PROVIDE (__fini_array_start, .)
 *(SORT(.fini_array.*))
 *(.fini_array*)
 .fini_array    0x0000500c        0x4 c:/program files (x86)/gnu tools arm embedded/5.4 2016q3/bin/../lib/gcc/arm-none-eabi/5.4.1/armv7e-m/fpu/crtbegin.o
                [!provide]                PROVIDE (__fini_array_end, .)
                0x00005010                __etext = .
                0x00005010                __DATA_ROM = .

.interrupts_ram
                0x1fff0000        0x0
                0x1fff0000                . = ALIGN (0x4)
                0x1fff0000                __VECTOR_RAM__ = .
                0x1fff0000                __interrupts_ram_start__ = .
 *(.m_interrupts_ram)
                0x1fff0000                . = (. + M_VECTOR_RAM_SIZE)
                0x1fff0000                . = ALIGN (0x4)
                0x1fff0000                __interrupts_ram_end__ = .
                0x00000000                __VECTOR_RAM = DEFINED (__ram_vector_table__)?__VECTOR_RAM__:ORIGIN (m_interrupts)
                0x00000000                __RAM_VECTOR_TABLE_SIZE_BYTES = DEFINED (__ram_vector_table__)?(__interrupts_ram_end__ - __interrupts_ram_start__):0x0

.data           0x1fff0000       0x74 load address 0x00005010
                0x1fff0000                . = ALIGN (0x4)
                0x1fff0000                __DATA_RAM = .
                0x1fff0000                __data_start__ = .
 *(.data)
 *(.data*)
 .data.SystemCoreClock
                0x1fff0000        0x4 ./Project_Settings/Startup_Code/system_MK64F12.o
                0x1fff0000                SystemCoreClock
 .data.g_fastInternalRefClkFreq
                0x1fff0004        0x4 C:/Freescale/KSDK_1.3.0/lib/ksdk_platform_lib/kds/K64F12/debug/libksdk_platform.a(fsl_mcg_hal.o)
                0x1fff0004                g_fastInternalRefClkFreq
 .data.g_slowInternalRefClkFreq
                0x1fff0008        0x4 C:/Freescale/KSDK_1.3.0/lib/ksdk_platform_lib/kds/K64F12/debug/libksdk_platform.a(fsl_mcg_hal.o)
                0x1fff0008                g_slowInternalRefClkFreq
 .data.impure_data
                0x1fff000c       0x60 c:/program files (x86)/gnu tools arm embedded/5.4 2016q3/bin/../lib/gcc/arm-none-eabi/5.4.1/../../../../arm-none-eabi/lib/armv7e-m/fpu\libg_nano.a(lib_a-impure.o)
 .data._impure_ptr
                0x1fff006c        0x4 c:/program files (x86)/gnu tools arm embedded/5.4 2016q3/bin/../lib/gcc/arm-none-eabi/5.4.1/../../../../arm-none-eabi/lib/armv7e-m/fpu\libg_nano.a(lib_a-impure.o)
                0x1fff006c                _impure_ptr
 *(.jcr*)
 .jcr           0x1fff0070        0x0 c:/program files (x86)/gnu tools arm embedded/5.4 2016q3/bin/../lib/gcc/arm-none-eabi/5.4.1/armv7e-m/fpu/crtbegin.o
 .jcr           0x1fff0070        0x4 c:/program files (x86)/gnu tools arm embedded/5.4 2016q3/bin/../lib/gcc/arm-none-eabi/5.4.1/armv7e-m/fpu/crtend.o
                0x1fff0074                . = ALIGN (0x4)
                0x1fff0074                __data_end__ = .
                0x00005084                __DATA_END = (__DATA_ROM + (__data_end__ - __data_start__))
                0x00100000                text_end = (ORIGIN (m_text) + LENGTH (m_text))
                0x00000001                ASSERT ((__DATA_END <= text_end), region m_text overflowed with text and data)

.igot.plt       0x1fff0074        0x0 load address 0x00005084
 .igot.plt      0x1fff0074        0x0 c:/program files (x86)/gnu tools arm embedded/5.4 2016q3/bin/../lib/gcc/arm-none-eabi/5.4.1/armv7e-m/fpu/crtbegin.o

.bss            0x1fff0074      0x3e4 load address 0x00005084
                0x1fff0074                . = ALIGN (0x4)
                0x1fff0074                __START_BSS = .
                0x1fff0074                __bss_start__ = .
 *(.bss)
 .bss           0x1fff0074       0x1c c:/program files (x86)/gnu tools arm embedded/5.4 2016q3/bin/../lib/gcc/arm-none-eabi/5.4.1/armv7e-m/fpu/crtbegin.o
 *(.bss*)
 .bss.id        0x1fff0090        0x4 ./p02/task.o
                0x1fff0090                id
 .bss.s_debugConsole
                0x1fff0094       0x10 ./Utilities/fsl_debug_console.o
 .bss.memPC     0x1fff00a4        0x4 ./Sources/main.o
                0x1fff00a4                memPC
 .bss.g_xtal0ClkFreq
                0x1fff00a8        0x4 C:/Freescale/KSDK_1.3.0/lib/ksdk_platform_lib/kds/K64F12/debug/libksdk_platform.a(fsl_mcg_hal.o)
                0x1fff00a8                g_xtal0ClkFreq
 .bss.g_xtalRtcClkFreq
                0x1fff00ac        0x4 C:/Freescale/KSDK_1.3.0/lib/ksdk_platform_lib/kds/K64F12/debug/libksdk_platform.a(fsl_mcg_hal.o)
                0x1fff00ac                g_xtalRtcClkFreq
 .bss.__malloc_sbrk_start
                0x1fff00b0        0x4 c:/program files (x86)/gnu tools arm embedded/5.4 2016q3/bin/../lib/gcc/arm-none-eabi/5.4.1/../../../../arm-none-eabi/lib/armv7e-m/fpu\libg_nano.a(lib_a-nano-mallocr.o)
                0x1fff00b0                __malloc_sbrk_start
 .bss.__malloc_free_list
                0x1fff00b4        0x4 c:/program files (x86)/gnu tools arm embedded/5.4 2016q3/bin/../lib/gcc/arm-none-eabi/5.4.1/../../../../arm-none-eabi/lib/armv7e-m/fpu\libg_nano.a(lib_a-nano-mallocr.o)
                0x1fff00b4                __malloc_free_list
 .bss.heap_end.4169
                0x1fff00b8        0x4 c:/program files (x86)/gnu tools arm embedded/5.4 2016q3/bin/../lib/gcc/arm-none-eabi/5.4.1/../../../../arm-none-eabi/lib/armv7e-m/fpu\libnosys.a(sbrk.o)
 *(COMMON)
 COMMON         0x1fff00bc       0xf8 ./p02/task.o
                0x1fff00bc                dispatcher
                0x1fff0134                tarefaAtual
                0x1fff0138                tarefa_main
                0x1fff01b0                tarefaQueue
 COMMON         0x1fff01b4       0x44 ./include/ucontext.o
                0x1fff01b4                r14
                0x1fff01b8                r3
                0x1fff01bc                r9
                0x1fff01c0                r6
                0x1fff01c4                r4
                0x1fff01c8                r0
                0x1fff01cc                r
                0x1fff01d0                r10
                0x1fff01d4                r8
                0x1fff01d8                r7
                0x1fff01dc                r11
                0x1fff01e0                r2
                0x1fff01e4                r12
                0x1fff01e8                r15
                0x1fff01ec                r5
                0x1fff01f0                r1
                0x1fff01f4                r13
 COMMON         0x1fff01f8      0x25c ./Sources/main.o
                0x1fff01f8                Pang
                0x1fff0270                flag
                0x1fff0274                Peng
                0x1fff02ec                Pung
                0x1fff0364                Ping
                0x1fff03dc                Pong
 COMMON         0x1fff0454        0x4 c:/program files (x86)/gnu tools arm embedded/5.4 2016q3/bin/../lib/gcc/arm-none-eabi/5.4.1/../../../../arm-none-eabi/lib/armv7e-m/fpu\libg_nano.a(lib_a-reent.o)
                0x1fff0454                errno
                0x1fff0458                . = ALIGN (0x4)
                0x1fff0458                __bss_end__ = .
                0x1fff0458                __END_BSS = .

.heap           0x20000000      0x400
                0x20000000                . = ALIGN (0x8)
                0x20000000                __end__ = .
                0x20000000                PROVIDE (end, .)
                0x20000000                __HeapBase = .
                0x20000400                . = (. + HEAP_SIZE)
 *fill*         0x20000000      0x400 
                0x20000400                __HeapLimit = .

.stack          0x20000400      0x400
                0x20000400                . = ALIGN (0x8)
                0x20000800                . = (. + STACK_SIZE)
 *fill*         0x20000400      0x400 
                0x20030000                __StackTop = (ORIGIN (m_data_2) + LENGTH (m_data_2))
                0x2002fc00                __StackLimit = (__StackTop - STACK_SIZE)
                0x20030000                PROVIDE (__stack, __StackTop)

.ARM.attributes
                0x00000000       0x2e
 *(.ARM.attributes)
 .ARM.attributes
                0x00000000       0x22 c:/program files (x86)/gnu tools arm embedded/5.4 2016q3/bin/../lib/gcc/arm-none-eabi/5.4.1/armv7e-m/fpu/crti.o
 .ARM.attributes
                0x00000022       0x34 c:/program files (x86)/gnu tools arm embedded/5.4 2016q3/bin/../lib/gcc/arm-none-eabi/5.4.1/armv7e-m/fpu/crtbegin.o
 .ARM.attributes
                0x00000056       0x20 c:/program files (x86)/gnu tools arm embedded/5.4 2016q3/bin/../lib/gcc/arm-none-eabi/5.4.1/../../../../arm-none-eabi/lib/armv7e-m/fpu/crt0.o
 .ARM.attributes
                0x00000076       0x39 ./p02/task.o
 .ARM.attributes
                0x000000af       0x39 ./p00/queue.o
 .ARM.attributes
                0x000000e8       0x39 ./include/ucontext.o
 .ARM.attributes
                0x00000121       0x39 ./Utilities/fsl_debug_console.o
 .ARM.attributes
                0x0000015a       0x39 ./Sources/main.o
 .ARM.attributes
                0x00000193       0x39 ./Project_Settings/Startup_Code/startup.o
 .ARM.attributes
                0x000001cc       0x1f ./Project_Settings/Startup_Code/startup_MK64F12.o
 .ARM.attributes
                0x000001eb       0x39 ./Project_Settings/Startup_Code/system_MK64F12.o
 .ARM.attributes
                0x00000224       0x39 ./Board/board.o
 .ARM.attributes
                0x0000025d       0x39 ./Board/hardware_init.o
 .ARM.attributes
                0x00000296       0x39 ./Board/pin_mux.o
 .ARM.attributes
                0x000002cf       0x39 C:/Freescale/KSDK_1.3.0/lib/ksdk_platform_lib/kds/K64F12/debug/libksdk_platform.a(fsl_uart_hal.o)
 .ARM.attributes
                0x00000308       0x39 C:/Freescale/KSDK_1.3.0/lib/ksdk_platform_lib/kds/K64F12/debug/libksdk_platform.a(fsl_clock_MK64F12.o)
 .ARM.attributes
                0x00000341       0x39 C:/Freescale/KSDK_1.3.0/lib/ksdk_platform_lib/kds/K64F12/debug/libksdk_platform.a(fsl_clock_manager.o)
 .ARM.attributes
                0x0000037a       0x39 C:/Freescale/KSDK_1.3.0/lib/ksdk_platform_lib/kds/K64F12/debug/libksdk_platform.a(fsl_clock_manager_common.o)
 .ARM.attributes
                0x000003b3       0x39 C:/Freescale/KSDK_1.3.0/lib/ksdk_platform_lib/kds/K64F12/debug/libksdk_platform.a(fsl_sim_hal_MK64F12.o)
 .ARM.attributes
                0x000003ec       0x39 C:/Freescale/KSDK_1.3.0/lib/ksdk_platform_lib/kds/K64F12/debug/libksdk_platform.a(fsl_osc_hal.o)
 .ARM.attributes
                0x00000425       0x39 C:/Freescale/KSDK_1.3.0/lib/ksdk_platform_lib/kds/K64F12/debug/libksdk_platform.a(fsl_mcg_hal.o)
 .ARM.attributes
                0x0000045e       0x39 C:/Freescale/KSDK_1.3.0/lib/ksdk_platform_lib/kds/K64F12/debug/libksdk_platform.a(fsl_mcg_hal_modes.o)
 .ARM.attributes
                0x00000497       0x34 c:/program files (x86)/gnu tools arm embedded/5.4 2016q3/bin/../lib/gcc/arm-none-eabi/5.4.1/../../../../arm-none-eabi/lib/armv7e-m/fpu\libg_nano.a(lib_a-assert.o)
 .ARM.attributes
                0x000004cb       0x34 c:/program files (x86)/gnu tools arm embedded/5.4 2016q3/bin/../lib/gcc/arm-none-eabi/5.4.1/../../../../arm-none-eabi/lib/armv7e-m/fpu\libg_nano.a(lib_a-exit.o)
 .ARM.attributes
                0x000004ff       0x34 c:/program files (x86)/gnu tools arm embedded/5.4 2016q3/bin/../lib/gcc/arm-none-eabi/5.4.1/../../../../arm-none-eabi/lib/armv7e-m/fpu\libg_nano.a(lib_a-fprintf.o)
 .ARM.attributes
                0x00000533       0x34 c:/program files (x86)/gnu tools arm embedded/5.4 2016q3/bin/../lib/gcc/arm-none-eabi/5.4.1/../../../../arm-none-eabi/lib/armv7e-m/fpu\libg_nano.a(lib_a-impure.o)
 .ARM.attributes
                0x00000567       0x34 c:/program files (x86)/gnu tools arm embedded/5.4 2016q3/bin/../lib/gcc/arm-none-eabi/5.4.1/../../../../arm-none-eabi/lib/armv7e-m/fpu\libg_nano.a(lib_a-init.o)
 .ARM.attributes
                0x0000059b       0x34 c:/program files (x86)/gnu tools arm embedded/5.4 2016q3/bin/../lib/gcc/arm-none-eabi/5.4.1/../../../../arm-none-eabi/lib/armv7e-m/fpu\libg_nano.a(lib_a-malloc.o)
 .ARM.attributes
                0x000005cf       0x34 c:/program files (x86)/gnu tools arm embedded/5.4 2016q3/bin/../lib/gcc/arm-none-eabi/5.4.1/../../../../arm-none-eabi/lib/armv7e-m/fpu\libg_nano.a(lib_a-memset.o)
 .ARM.attributes
                0x00000603       0x34 c:/program files (x86)/gnu tools arm embedded/5.4 2016q3/bin/../lib/gcc/arm-none-eabi/5.4.1/../../../../arm-none-eabi/lib/armv7e-m/fpu\libg_nano.a(lib_a-nano-freer.o)
 .ARM.attributes
                0x00000637       0x34 c:/program files (x86)/gnu tools arm embedded/5.4 2016q3/bin/../lib/gcc/arm-none-eabi/5.4.1/../../../../arm-none-eabi/lib/armv7e-m/fpu\libg_nano.a(lib_a-nano-mallocr.o)
 .ARM.attributes
                0x0000066b       0x34 c:/program files (x86)/gnu tools arm embedded/5.4 2016q3/bin/../lib/gcc/arm-none-eabi/5.4.1/../../../../arm-none-eabi/lib/armv7e-m/fpu\libg_nano.a(lib_a-nano-vfprintf.o)
 .ARM.attributes
                0x0000069f       0x34 c:/program files (x86)/gnu tools arm embedded/5.4 2016q3/bin/../lib/gcc/arm-none-eabi/5.4.1/../../../../arm-none-eabi/lib/armv7e-m/fpu\libg_nano.a(lib_a-nano-vfprintf_i.o)
 .ARM.attributes
                0x000006d3       0x34 c:/program files (x86)/gnu tools arm embedded/5.4 2016q3/bin/../lib/gcc/arm-none-eabi/5.4.1/../../../../arm-none-eabi/lib/armv7e-m/fpu\libg_nano.a(lib_a-perror.o)
 .ARM.attributes
                0x00000707       0x34 c:/program files (x86)/gnu tools arm embedded/5.4 2016q3/bin/../lib/gcc/arm-none-eabi/5.4.1/../../../../arm-none-eabi/lib/armv7e-m/fpu\libg_nano.a(lib_a-printf.o)
 .ARM.attributes
                0x0000073b       0x34 c:/program files (x86)/gnu tools arm embedded/5.4 2016q3/bin/../lib/gcc/arm-none-eabi/5.4.1/../../../../arm-none-eabi/lib/armv7e-m/fpu\libg_nano.a(lib_a-putchar.o)
 .ARM.attributes
                0x0000076f       0x34 c:/program files (x86)/gnu tools arm embedded/5.4 2016q3/bin/../lib/gcc/arm-none-eabi/5.4.1/../../../../arm-none-eabi/lib/armv7e-m/fpu\libg_nano.a(lib_a-puts.o)
 .ARM.attributes
                0x000007a3       0x34 c:/program files (x86)/gnu tools arm embedded/5.4 2016q3/bin/../lib/gcc/arm-none-eabi/5.4.1/../../../../arm-none-eabi/lib/armv7e-m/fpu\libg_nano.a(lib_a-sbrkr.o)
 .ARM.attributes
                0x000007d7       0x34 c:/program files (x86)/gnu tools arm embedded/5.4 2016q3/bin/../lib/gcc/arm-none-eabi/5.4.1/../../../../arm-none-eabi/lib/armv7e-m/fpu\libg_nano.a(lib_a-setvbuf.o)
 .ARM.attributes
                0x0000080b       0x34 c:/program files (x86)/gnu tools arm embedded/5.4 2016q3/bin/../lib/gcc/arm-none-eabi/5.4.1/../../../../arm-none-eabi/lib/armv7e-m/fpu\libg_nano.a(lib_a-strerror.o)
 .ARM.attributes
                0x0000083f       0x34 c:/program files (x86)/gnu tools arm embedded/5.4 2016q3/bin/../lib/gcc/arm-none-eabi/5.4.1/../../../../arm-none-eabi/lib/armv7e-m/fpu\libg_nano.a(lib_a-u_strerr.o)
 .ARM.attributes
                0x00000873       0x34 c:/program files (x86)/gnu tools arm embedded/5.4 2016q3/bin/../lib/gcc/arm-none-eabi/5.4.1/../../../../arm-none-eabi/lib/armv7e-m/fpu\libg_nano.a(lib_a-wbuf.o)
 .ARM.attributes
                0x000008a7       0x34 c:/program files (x86)/gnu tools arm embedded/5.4 2016q3/bin/../lib/gcc/arm-none-eabi/5.4.1/../../../../arm-none-eabi/lib/armv7e-m/fpu\libg_nano.a(lib_a-wsetup.o)
 .ARM.attributes
                0x000008db       0x34 c:/program files (x86)/gnu tools arm embedded/5.4 2016q3/bin/../lib/gcc/arm-none-eabi/5.4.1/../../../../arm-none-eabi/lib/armv7e-m/fpu\libg_nano.a(lib_a-abort.o)
 .ARM.attributes
                0x0000090f       0x34 c:/program files (x86)/gnu tools arm embedded/5.4 2016q3/bin/../lib/gcc/arm-none-eabi/5.4.1/../../../../arm-none-eabi/lib/armv7e-m/fpu\libg_nano.a(lib_a-fflush.o)
 .ARM.attributes
                0x00000943       0x34 c:/program files (x86)/gnu tools arm embedded/5.4 2016q3/bin/../lib/gcc/arm-none-eabi/5.4.1/../../../../arm-none-eabi/lib/armv7e-m/fpu\libg_nano.a(lib_a-findfp.o)
 .ARM.attributes
                0x00000977       0x34 c:/program files (x86)/gnu tools arm embedded/5.4 2016q3/bin/../lib/gcc/arm-none-eabi/5.4.1/../../../../arm-none-eabi/lib/armv7e-m/fpu\libg_nano.a(lib_a-fputc.o)
 .ARM.attributes
                0x000009ab       0x34 c:/program files (x86)/gnu tools arm embedded/5.4 2016q3/bin/../lib/gcc/arm-none-eabi/5.4.1/../../../../arm-none-eabi/lib/armv7e-m/fpu\libg_nano.a(lib_a-fputs.o)
 .ARM.attributes
                0x000009df       0x34 c:/program files (x86)/gnu tools arm embedded/5.4 2016q3/bin/../lib/gcc/arm-none-eabi/5.4.1/../../../../arm-none-eabi/lib/armv7e-m/fpu\libg_nano.a(lib_a-fwalk.o)
 .ARM.attributes
                0x00000a13       0x34 c:/program files (x86)/gnu tools arm embedded/5.4 2016q3/bin/../lib/gcc/arm-none-eabi/5.4.1/../../../../arm-none-eabi/lib/armv7e-m/fpu\libg_nano.a(lib_a-makebuf.o)
 .ARM.attributes
                0x00000a47       0x20 c:/program files (x86)/gnu tools arm embedded/5.4 2016q3/bin/../lib/gcc/arm-none-eabi/5.4.1/../../../../arm-none-eabi/lib/armv7e-m/fpu\libg_nano.a(lib_a-memchr.o)
 .ARM.attributes
                0x00000a67       0x34 c:/program files (x86)/gnu tools arm embedded/5.4 2016q3/bin/../lib/gcc/arm-none-eabi/5.4.1/../../../../arm-none-eabi/lib/armv7e-m/fpu\libg_nano.a(lib_a-mlock.o)
 .ARM.attributes
                0x00000a9b       0x34 c:/program files (x86)/gnu tools arm embedded/5.4 2016q3/bin/../lib/gcc/arm-none-eabi/5.4.1/../../../../arm-none-eabi/lib/armv7e-m/fpu\libg_nano.a(lib_a-putc.o)
 .ARM.attributes
                0x00000acf       0x34 c:/program files (x86)/gnu tools arm embedded/5.4 2016q3/bin/../lib/gcc/arm-none-eabi/5.4.1/../../../../arm-none-eabi/lib/armv7e-m/fpu\libg_nano.a(lib_a-reent.o)
 .ARM.attributes
                0x00000b03       0x34 c:/program files (x86)/gnu tools arm embedded/5.4 2016q3/bin/../lib/gcc/arm-none-eabi/5.4.1/../../../../arm-none-eabi/lib/armv7e-m/fpu\libg_nano.a(lib_a-signal.o)
 .ARM.attributes
                0x00000b37       0x34 c:/program files (x86)/gnu tools arm embedded/5.4 2016q3/bin/../lib/gcc/arm-none-eabi/5.4.1/../../../../arm-none-eabi/lib/armv7e-m/fpu\libg_nano.a(lib_a-signalr.o)
 .ARM.attributes
                0x00000b6b       0x34 c:/program files (x86)/gnu tools arm embedded/5.4 2016q3/bin/../lib/gcc/arm-none-eabi/5.4.1/../../../../arm-none-eabi/lib/armv7e-m/fpu\libg_nano.a(lib_a-stdio.o)
 .ARM.attributes
                0x00000b9f       0x34 c:/program files (x86)/gnu tools arm embedded/5.4 2016q3/bin/../lib/gcc/arm-none-eabi/5.4.1/../../../../arm-none-eabi/lib/armv7e-m/fpu\libg_nano.a(lib_a-writer.o)
 .ARM.attributes
                0x00000bd3       0x34 c:/program files (x86)/gnu tools arm embedded/5.4 2016q3/bin/../lib/gcc/arm-none-eabi/5.4.1/../../../../arm-none-eabi/lib/armv7e-m/fpu\libg_nano.a(lib_a-closer.o)
 .ARM.attributes
                0x00000c07       0x34 c:/program files (x86)/gnu tools arm embedded/5.4 2016q3/bin/../lib/gcc/arm-none-eabi/5.4.1/../../../../arm-none-eabi/lib/armv7e-m/fpu\libg_nano.a(lib_a-fstatr.o)
 .ARM.attributes
                0x00000c3b       0x34 c:/program files (x86)/gnu tools arm embedded/5.4 2016q3/bin/../lib/gcc/arm-none-eabi/5.4.1/../../../../arm-none-eabi/lib/armv7e-m/fpu\libg_nano.a(lib_a-isattyr.o)
 .ARM.attributes
                0x00000c6f       0x34 c:/program files (x86)/gnu tools arm embedded/5.4 2016q3/bin/../lib/gcc/arm-none-eabi/5.4.1/../../../../arm-none-eabi/lib/armv7e-m/fpu\libg_nano.a(lib_a-lseekr.o)
 .ARM.attributes
                0x00000ca3       0x34 c:/program files (x86)/gnu tools arm embedded/5.4 2016q3/bin/../lib/gcc/arm-none-eabi/5.4.1/../../../../arm-none-eabi/lib/armv7e-m/fpu\libg_nano.a(lib_a-readr.o)
 .ARM.attributes
                0x00000cd7       0x34 c:/program files (x86)/gnu tools arm embedded/5.4 2016q3/bin/../lib/gcc/arm-none-eabi/5.4.1/../../../../arm-none-eabi/lib/armv7e-m/fpu\libnosys.a(close.o)
 .ARM.attributes
                0x00000d0b       0x34 c:/program files (x86)/gnu tools arm embedded/5.4 2016q3/bin/../lib/gcc/arm-none-eabi/5.4.1/../../../../arm-none-eabi/lib/armv7e-m/fpu\libnosys.a(fstat.o)
 .ARM.attributes
                0x00000d3f       0x34 c:/program files (x86)/gnu tools arm embedded/5.4 2016q3/bin/../lib/gcc/arm-none-eabi/5.4.1/../../../../arm-none-eabi/lib/armv7e-m/fpu\libnosys.a(getpid.o)
 .ARM.attributes
                0x00000d73       0x34 c:/program files (x86)/gnu tools arm embedded/5.4 2016q3/bin/../lib/gcc/arm-none-eabi/5.4.1/../../../../arm-none-eabi/lib/armv7e-m/fpu\libnosys.a(isatty.o)
 .ARM.attributes
                0x00000da7       0x34 c:/program files (x86)/gnu tools arm embedded/5.4 2016q3/bin/../lib/gcc/arm-none-eabi/5.4.1/../../../../arm-none-eabi/lib/armv7e-m/fpu\libnosys.a(kill.o)
 .ARM.attributes
                0x00000ddb       0x34 c:/program files (x86)/gnu tools arm embedded/5.4 2016q3/bin/../lib/gcc/arm-none-eabi/5.4.1/../../../../arm-none-eabi/lib/armv7e-m/fpu\libnosys.a(lseek.o)
 .ARM.attributes
                0x00000e0f       0x34 c:/program files (x86)/gnu tools arm embedded/5.4 2016q3/bin/../lib/gcc/arm-none-eabi/5.4.1/../../../../arm-none-eabi/lib/armv7e-m/fpu\libnosys.a(sbrk.o)
 .ARM.attributes
                0x00000e43       0x34 c:/program files (x86)/gnu tools arm embedded/5.4 2016q3/bin/../lib/gcc/arm-none-eabi/5.4.1/../../../../arm-none-eabi/lib/armv7e-m/fpu\libnosys.a(_exit.o)
 .ARM.attributes
                0x00000e77       0x34 c:/program files (x86)/gnu tools arm embedded/5.4 2016q3/bin/../lib/gcc/arm-none-eabi/5.4.1/armv7e-m/fpu/crtend.o
 .ARM.attributes
                0x00000eab       0x22 c:/program files (x86)/gnu tools arm embedded/5.4 2016q3/bin/../lib/gcc/arm-none-eabi/5.4.1/armv7e-m/fpu/crtn.o
                0x00000001                ASSERT ((__StackLimit >= __HeapLimit), region m_data_2 overflowed with stack and heap)
OUTPUT(PingPongOS.elf elf32-littlearm)

.debug_info     0x00000000     0xa705
 .debug_info    0x00000000      0xdc3 ./p02/task.o
 .debug_info    0x00000dc3      0x23d ./p00/queue.o
 .debug_info    0x00001000      0x3e4 ./include/ucontext.o
 .debug_info    0x000013e4      0x94a ./Utilities/fsl_debug_console.o
 .debug_info    0x00001d2e      0x731 ./Sources/main.o
 .debug_info    0x0000245f      0x3bc ./Project_Settings/Startup_Code/startup.o
 .debug_info    0x0000281b       0x89 ./Project_Settings/Startup_Code/startup_MK64F12.o
 .debug_info    0x000028a4      0x620 ./Project_Settings/Startup_Code/system_MK64F12.o
 .debug_info    0x00002ec4      0xa4a ./Board/board.o
 .debug_info    0x0000390e      0x12a ./Board/hardware_init.o
 .debug_info    0x00003a38      0x6ae ./Board/pin_mux.o
 .debug_info    0x000040e6      0xe9a C:/Freescale/KSDK_1.3.0/lib/ksdk_platform_lib/kds/K64F12/debug/libksdk_platform.a(fsl_uart_hal.o)
 .debug_info    0x00004f80     0x19b8 C:/Freescale/KSDK_1.3.0/lib/ksdk_platform_lib/kds/K64F12/debug/libksdk_platform.a(fsl_clock_MK64F12.o)
 .debug_info    0x00006938     0x16f7 C:/Freescale/KSDK_1.3.0/lib/ksdk_platform_lib/kds/K64F12/debug/libksdk_platform.a(fsl_clock_manager.o)
 .debug_info    0x0000802f      0x439 C:/Freescale/KSDK_1.3.0/lib/ksdk_platform_lib/kds/K64F12/debug/libksdk_platform.a(fsl_clock_manager_common.o)
 .debug_info    0x00008468      0xcde C:/Freescale/KSDK_1.3.0/lib/ksdk_platform_lib/kds/K64F12/debug/libksdk_platform.a(fsl_sim_hal_MK64F12.o)
 .debug_info    0x00009146      0x10b C:/Freescale/KSDK_1.3.0/lib/ksdk_platform_lib/kds/K64F12/debug/libksdk_platform.a(fsl_osc_hal.o)
 .debug_info    0x00009251      0xc5c C:/Freescale/KSDK_1.3.0/lib/ksdk_platform_lib/kds/K64F12/debug/libksdk_platform.a(fsl_mcg_hal.o)
 .debug_info    0x00009ead      0x858 C:/Freescale/KSDK_1.3.0/lib/ksdk_platform_lib/kds/K64F12/debug/libksdk_platform.a(fsl_mcg_hal_modes.o)

.debug_abbrev   0x00000000     0x1dec
 .debug_abbrev  0x00000000      0x2e3 ./p02/task.o
 .debug_abbrev  0x000002e3      0x111 ./p00/queue.o
 .debug_abbrev  0x000003f4       0xf3 ./include/ucontext.o
 .debug_abbrev  0x000004e7      0x25c ./Utilities/fsl_debug_console.o
 .debug_abbrev  0x00000743      0x1c9 ./Sources/main.o
 .debug_abbrev  0x0000090c       0xfa ./Project_Settings/Startup_Code/startup.o
 .debug_abbrev  0x00000a06       0x14 ./Project_Settings/Startup_Code/startup_MK64F12.o
 .debug_abbrev  0x00000a1a      0x11a ./Project_Settings/Startup_Code/system_MK64F12.o
 .debug_abbrev  0x00000b34      0x201 ./Board/board.o
 .debug_abbrev  0x00000d35       0x8d ./Board/hardware_init.o
 .debug_abbrev  0x00000dc2      0x14c ./Board/pin_mux.o
 .debug_abbrev  0x00000f0e      0x225 C:/Freescale/KSDK_1.3.0/lib/ksdk_platform_lib/kds/K64F12/debug/libksdk_platform.a(fsl_uart_hal.o)
 .debug_abbrev  0x00001133      0x2f3 C:/Freescale/KSDK_1.3.0/lib/ksdk_platform_lib/kds/K64F12/debug/libksdk_platform.a(fsl_clock_MK64F12.o)
 .debug_abbrev  0x00001426      0x2af C:/Freescale/KSDK_1.3.0/lib/ksdk_platform_lib/kds/K64F12/debug/libksdk_platform.a(fsl_clock_manager.o)
 .debug_abbrev  0x000016d5       0xec C:/Freescale/KSDK_1.3.0/lib/ksdk_platform_lib/kds/K64F12/debug/libksdk_platform.a(fsl_clock_manager_common.o)
 .debug_abbrev  0x000017c1      0x1a8 C:/Freescale/KSDK_1.3.0/lib/ksdk_platform_lib/kds/K64F12/debug/libksdk_platform.a(fsl_sim_hal_MK64F12.o)
 .debug_abbrev  0x00001969       0xaa C:/Freescale/KSDK_1.3.0/lib/ksdk_platform_lib/kds/K64F12/debug/libksdk_platform.a(fsl_osc_hal.o)
 .debug_abbrev  0x00001a13      0x245 C:/Freescale/KSDK_1.3.0/lib/ksdk_platform_lib/kds/K64F12/debug/libksdk_platform.a(fsl_mcg_hal.o)
 .debug_abbrev  0x00001c58      0x194 C:/Freescale/KSDK_1.3.0/lib/ksdk_platform_lib/kds/K64F12/debug/libksdk_platform.a(fsl_mcg_hal_modes.o)

.debug_aranges  0x00000000      0xa78
 .debug_aranges
                0x00000000       0x68 ./p02/task.o
 .debug_aranges
                0x00000068       0x40 ./p00/queue.o
 .debug_aranges
                0x000000a8       0x38 ./include/ucontext.o
 .debug_aranges
                0x000000e0       0x80 ./Utilities/fsl_debug_console.o
 .debug_aranges
                0x00000160       0x48 ./Sources/main.o
 .debug_aranges
                0x000001a8       0x20 ./Project_Settings/Startup_Code/startup.o
 .debug_aranges
                0x000001c8       0x20 ./Project_Settings/Startup_Code/startup_MK64F12.o
 .debug_aranges
                0x000001e8       0x28 ./Project_Settings/Startup_Code/system_MK64F12.o
 .debug_aranges
                0x00000210       0x60 ./Board/board.o
 .debug_aranges
                0x00000270       0x20 ./Board/hardware_init.o
 .debug_aranges
                0x00000290       0xa8 ./Board/pin_mux.o
 .debug_aranges
                0x00000338      0x130 C:/Freescale/KSDK_1.3.0/lib/ksdk_platform_lib/kds/K64F12/debug/libksdk_platform.a(fsl_uart_hal.o)
 .debug_aranges
                0x00000468      0x230 C:/Freescale/KSDK_1.3.0/lib/ksdk_platform_lib/kds/K64F12/debug/libksdk_platform.a(fsl_clock_MK64F12.o)
 .debug_aranges
                0x00000698      0x148 C:/Freescale/KSDK_1.3.0/lib/ksdk_platform_lib/kds/K64F12/debug/libksdk_platform.a(fsl_clock_manager.o)
 .debug_aranges
                0x000007e0       0x18 C:/Freescale/KSDK_1.3.0/lib/ksdk_platform_lib/kds/K64F12/debug/libksdk_platform.a(fsl_clock_manager_common.o)
 .debug_aranges
                0x000007f8       0xd0 C:/Freescale/KSDK_1.3.0/lib/ksdk_platform_lib/kds/K64F12/debug/libksdk_platform.a(fsl_sim_hal_MK64F12.o)
 .debug_aranges
                0x000008c8       0x20 C:/Freescale/KSDK_1.3.0/lib/ksdk_platform_lib/kds/K64F12/debug/libksdk_platform.a(fsl_osc_hal.o)
 .debug_aranges
                0x000008e8       0xf8 C:/Freescale/KSDK_1.3.0/lib/ksdk_platform_lib/kds/K64F12/debug/libksdk_platform.a(fsl_mcg_hal.o)
 .debug_aranges
                0x000009e0       0x98 C:/Freescale/KSDK_1.3.0/lib/ksdk_platform_lib/kds/K64F12/debug/libksdk_platform.a(fsl_mcg_hal_modes.o)

.debug_ranges   0x00000000      0x930
 .debug_ranges  0x00000000       0x58 ./p02/task.o
 .debug_ranges  0x00000058       0x30 ./p00/queue.o
 .debug_ranges  0x00000088       0x28 ./include/ucontext.o
 .debug_ranges  0x000000b0       0x70 ./Utilities/fsl_debug_console.o
 .debug_ranges  0x00000120       0x38 ./Sources/main.o
 .debug_ranges  0x00000158       0x10 ./Project_Settings/Startup_Code/startup.o
 .debug_ranges  0x00000168       0x18 ./Project_Settings/Startup_Code/system_MK64F12.o
 .debug_ranges  0x00000180       0x50 ./Board/board.o
 .debug_ranges  0x000001d0       0x10 ./Board/hardware_init.o
 .debug_ranges  0x000001e0       0x98 ./Board/pin_mux.o
 .debug_ranges  0x00000278      0x120 C:/Freescale/KSDK_1.3.0/lib/ksdk_platform_lib/kds/K64F12/debug/libksdk_platform.a(fsl_uart_hal.o)
 .debug_ranges  0x00000398      0x220 C:/Freescale/KSDK_1.3.0/lib/ksdk_platform_lib/kds/K64F12/debug/libksdk_platform.a(fsl_clock_MK64F12.o)
 .debug_ranges  0x000005b8      0x138 C:/Freescale/KSDK_1.3.0/lib/ksdk_platform_lib/kds/K64F12/debug/libksdk_platform.a(fsl_clock_manager.o)
 .debug_ranges  0x000006f0       0xc0 C:/Freescale/KSDK_1.3.0/lib/ksdk_platform_lib/kds/K64F12/debug/libksdk_platform.a(fsl_sim_hal_MK64F12.o)
 .debug_ranges  0x000007b0       0x10 C:/Freescale/KSDK_1.3.0/lib/ksdk_platform_lib/kds/K64F12/debug/libksdk_platform.a(fsl_osc_hal.o)
 .debug_ranges  0x000007c0       0xe8 C:/Freescale/KSDK_1.3.0/lib/ksdk_platform_lib/kds/K64F12/debug/libksdk_platform.a(fsl_mcg_hal.o)
 .debug_ranges  0x000008a8       0x88 C:/Freescale/KSDK_1.3.0/lib/ksdk_platform_lib/kds/K64F12/debug/libksdk_platform.a(fsl_mcg_hal_modes.o)

.debug_macro    0x00000000    0x32ed9
 .debug_macro   0x00000000      0x33e ./p02/task.o
 .debug_macro   0x0000033e      0x880 ./p02/task.o
 .debug_macro   0x00000bbe       0x22 ./p02/task.o
 .debug_macro   0x00000be0       0x22 ./p02/task.o
 .debug_macro   0x00000c02       0x4f ./p02/task.o
 .debug_macro   0x00000c51       0x44 ./p02/task.o
 .debug_macro   0x00000c95       0xfd ./p02/task.o
 .debug_macro   0x00000d92       0x5e ./p02/task.o
 .debug_macro   0x00000df0      0x1df ./p02/task.o
 .debug_macro   0x00000fcf       0x52 ./p02/task.o
 .debug_macro   0x00001021       0x35 ./p02/task.o
 .debug_macro   0x00001056       0x9c ./p02/task.o
 .debug_macro   0x000010f2       0x16 ./p02/task.o
 .debug_macro   0x00001108      0x10e ./p02/task.o
 .debug_macro   0x00001216       0x86 ./p02/task.o
 .debug_macro   0x0000129c       0x52 ./p02/task.o
 .debug_macro   0x000012ee       0x1f ./p02/task.o
 .debug_macro   0x0000130d       0x43 ./p02/task.o
 .debug_macro   0x00001350       0x20 ./p02/task.o
 .debug_macro   0x00001370      0x187 ./p02/task.o
 .debug_macro   0x000014f7      0x330 ./p02/task.o
 .debug_macro   0x00001827       0x22 ./p02/task.o
 .debug_macro   0x00001849       0x22 ./p02/task.o
 .debug_macro   0x0000186b       0x16 ./p02/task.o
 .debug_macro   0x00001881       0x11 ./p02/task.o
 .debug_macro   0x00001892       0x68 ./p02/task.o
 .debug_macro   0x000018fa       0x3b ./p02/task.o
 .debug_macro   0x00001935       0x34 ./p02/task.o
 .debug_macro   0x00001969       0x26 ./p02/task.o
 .debug_macro   0x0000198f      0xd1d ./p02/task.o
 .debug_macro   0x000026ac       0x78 ./p02/task.o
 .debug_macro   0x00002724    0x1773b ./p02/task.o
 .debug_macro   0x00019e5f       0x1c ./p02/task.o
 .debug_macro   0x00019e7b    0x16273 ./p02/task.o
 .debug_macro   0x000300ee     0x1182 ./p02/task.o
 .debug_macro   0x00031270       0x10 ./p02/task.o
 .debug_macro   0x00031280       0x22 ./p02/task.o
 .debug_macro   0x000312a2      0x2a4 ./p02/task.o
 .debug_macro   0x00031546       0x11 ./p02/task.o
 .debug_macro   0x00031557       0x1c ./p02/task.o
 .debug_macro   0x00031573       0x1c ./p02/task.o
 .debug_macro   0x0003158f       0x35 ./p02/task.o
 .debug_macro   0x000315c4       0x10 ./p02/task.o
 .debug_macro   0x000315d4       0x10 ./p02/task.o
 .debug_macro   0x000315e4       0xb6 ./p02/task.o
 .debug_macro   0x0003169a       0x16 ./p02/task.o
 .debug_macro   0x000316b0      0x145 ./p02/task.o
 .debug_macro   0x000317f5      0x196 ./p00/queue.o
 .debug_macro   0x0003198b       0x4c ./p00/queue.o
 .debug_macro   0x000319d7       0x55 ./p00/queue.o
 .debug_macro   0x00031a2c       0x16 ./p00/queue.o
 .debug_macro   0x00031a42       0x4a ./p00/queue.o
 .debug_macro   0x00031a8c       0x97 ./p00/queue.o
 .debug_macro   0x00031b23       0xf6 ./p00/queue.o
 .debug_macro   0x00031c19       0x28 ./p00/queue.o
 .debug_macro   0x00031c41       0x1c ./p00/queue.o
 .debug_macro   0x00031c5d       0x24 ./include/ucontext.o
 .debug_macro   0x00031c81      0x2f8 ./Utilities/fsl_debug_console.o
 .debug_macro   0x00031f79       0x58 ./Utilities/fsl_debug_console.o
 .debug_macro   0x00031fd1       0x16 ./Utilities/fsl_debug_console.o
 .debug_macro   0x00031fe7       0x56 ./Utilities/fsl_debug_console.o
 .debug_macro   0x0003203d       0x44 ./Utilities/fsl_debug_console.o
 .debug_macro   0x00032081       0x22 ./Utilities/fsl_debug_console.o
 .debug_macro   0x000320a3       0x16 ./Utilities/fsl_debug_console.o
 .debug_macro   0x000320b9      0x338 ./Sources/main.o
 .debug_macro   0x000323f1      0x1b4 ./Project_Settings/Startup_Code/startup.o
 .debug_macro   0x000325a5       0x16 ./Project_Settings/Startup_Code/startup.o
 .debug_macro   0x000325bb      0x1a5 ./Project_Settings/Startup_Code/system_MK64F12.o
 .debug_macro   0x00032760      0x2cb ./Board/board.o
 .debug_macro   0x00032a2b       0x10 ./Board/board.o
 .debug_macro   0x00032a3b      0x2b1 ./Board/hardware_init.o
 .debug_macro   0x00032cec      0x1ed ./Board/pin_mux.o

.debug_line     0x00000000     0x66e7
 .debug_line    0x00000000      0x8de ./p02/task.o
 .debug_line    0x000008de      0x3f7 ./p00/queue.o
 .debug_line    0x00000cd5      0x112 ./include/ucontext.o
 .debug_line    0x00000de7      0x8ce ./Utilities/fsl_debug_console.o
 .debug_line    0x000016b5      0x850 ./Sources/main.o
 .debug_line    0x00001f05      0x4e6 ./Project_Settings/Startup_Code/startup.o
 .debug_line    0x000023eb       0x6a ./Project_Settings/Startup_Code/startup_MK64F12.o
 .debug_line    0x00002455      0x522 ./Project_Settings/Startup_Code/system_MK64F12.o
 .debug_line    0x00002977      0x806 ./Board/board.o
 .debug_line    0x0000317d      0x741 ./Board/hardware_init.o
 .debug_line    0x000038be      0x75b ./Board/pin_mux.o
 .debug_line    0x00004019      0x62c C:/Freescale/KSDK_1.3.0/lib/ksdk_platform_lib/kds/K64F12/debug/libksdk_platform.a(fsl_uart_hal.o)
 .debug_line    0x00004645      0x913 C:/Freescale/KSDK_1.3.0/lib/ksdk_platform_lib/kds/K64F12/debug/libksdk_platform.a(fsl_clock_MK64F12.o)
 .debug_line    0x00004f58      0x751 C:/Freescale/KSDK_1.3.0/lib/ksdk_platform_lib/kds/K64F12/debug/libksdk_platform.a(fsl_clock_manager.o)
 .debug_line    0x000056a9      0x1b0 C:/Freescale/KSDK_1.3.0/lib/ksdk_platform_lib/kds/K64F12/debug/libksdk_platform.a(fsl_clock_manager_common.o)
 .debug_line    0x00005859      0x4dd C:/Freescale/KSDK_1.3.0/lib/ksdk_platform_lib/kds/K64F12/debug/libksdk_platform.a(fsl_sim_hal_MK64F12.o)
 .debug_line    0x00005d36      0x12f C:/Freescale/KSDK_1.3.0/lib/ksdk_platform_lib/kds/K64F12/debug/libksdk_platform.a(fsl_osc_hal.o)
 .debug_line    0x00005e65      0x4a9 C:/Freescale/KSDK_1.3.0/lib/ksdk_platform_lib/kds/K64F12/debug/libksdk_platform.a(fsl_mcg_hal.o)
 .debug_line    0x0000630e      0x3d9 C:/Freescale/KSDK_1.3.0/lib/ksdk_platform_lib/kds/K64F12/debug/libksdk_platform.a(fsl_mcg_hal_modes.o)

.debug_str      0x00000000   0x1a4ead
 .debug_str     0x00000000   0x19fe3f ./p02/task.o
                             0x1a00c1 (size before relaxing)
 .debug_str     0x0019fe3f      0x1ea ./p00/queue.o
                               0x5e6a (size before relaxing)
 .debug_str     0x001a0029       0x65 ./include/ucontext.o
                               0x26cd (size before relaxing)
 .debug_str     0x001a008e      0xa38 ./Utilities/fsl_debug_console.o
                             0x19f724 (size before relaxing)
 .debug_str     0x001a0ac6       0x39 ./Sources/main.o
                             0x19fe5a (size before relaxing)
 .debug_str     0x001a0aff      0x15e ./Project_Settings/Startup_Code/startup.o
                             0x19e38d (size before relaxing)
 .debug_str     0x001a0c5d      0x19c ./Project_Settings/Startup_Code/system_MK64F12.o
                             0x19e448 (size before relaxing)
 .debug_str     0x001a0df9      0x8b8 ./Board/board.o
                             0x19ffba (size before relaxing)
 .debug_str     0x001a16b1       0x27 ./Board/hardware_init.o
                             0x19f5f6 (size before relaxing)
 .debug_str     0x001a16d8      0x1f6 ./Board/pin_mux.o
                             0x19e719 (size before relaxing)
 .debug_str     0x001a18ce      0xb07 C:/Freescale/KSDK_1.3.0/lib/ksdk_platform_lib/kds/K64F12/debug/libksdk_platform.a(fsl_uart_hal.o)
                                0xea9 (size before relaxing)
 .debug_str     0x001a23d5     0x119f C:/Freescale/KSDK_1.3.0/lib/ksdk_platform_lib/kds/K64F12/debug/libksdk_platform.a(fsl_clock_MK64F12.o)
                               0x1957 (size before relaxing)
 .debug_str     0x001a3574      0xb07 C:/Freescale/KSDK_1.3.0/lib/ksdk_platform_lib/kds/K64F12/debug/libksdk_platform.a(fsl_clock_manager.o)
                               0x188c (size before relaxing)
 .debug_str     0x001a407b       0x61 C:/Freescale/KSDK_1.3.0/lib/ksdk_platform_lib/kds/K64F12/debug/libksdk_platform.a(fsl_clock_manager_common.o)
                                0x39e (size before relaxing)
 .debug_str     0x001a40dc      0x625 C:/Freescale/KSDK_1.3.0/lib/ksdk_platform_lib/kds/K64F12/debug/libksdk_platform.a(fsl_sim_hal_MK64F12.o)
                                0x98e (size before relaxing)
 .debug_str     0x001a4701       0x58 C:/Freescale/KSDK_1.3.0/lib/ksdk_platform_lib/kds/K64F12/debug/libksdk_platform.a(fsl_osc_hal.o)
                                0x267 (size before relaxing)
 .debug_str     0x001a4759      0x5ef C:/Freescale/KSDK_1.3.0/lib/ksdk_platform_lib/kds/K64F12/debug/libksdk_platform.a(fsl_mcg_hal.o)
                                0xbbb (size before relaxing)
 .debug_str     0x001a4d48      0x165 C:/Freescale/KSDK_1.3.0/lib/ksdk_platform_lib/kds/K64F12/debug/libksdk_platform.a(fsl_mcg_hal_modes.o)
                                0x916 (size before relaxing)

.comment        0x00000000       0xde
 .comment       0x00000000       0x6e ./p02/task.o
                                 0x6f (size before relaxing)
 .comment       0x0000006e       0x6f ./p00/queue.o
 .comment       0x0000006e       0x6f ./include/ucontext.o
 .comment       0x0000006e       0x6f ./Utilities/fsl_debug_console.o
 .comment       0x0000006e       0x6f ./Sources/main.o
 .comment       0x0000006e       0x6f ./Project_Settings/Startup_Code/startup.o
 .comment       0x0000006e       0x6f ./Project_Settings/Startup_Code/system_MK64F12.o
 .comment       0x0000006e       0x6f ./Board/board.o
 .comment       0x0000006e       0x6f ./Board/hardware_init.o
 .comment       0x0000006e       0x6f ./Board/pin_mux.o
 .comment       0x0000006e       0x70 C:/Freescale/KSDK_1.3.0/lib/ksdk_platform_lib/kds/K64F12/debug/libksdk_platform.a(fsl_uart_hal.o)
                                 0x71 (size before relaxing)
 .comment       0x000000de       0x71 C:/Freescale/KSDK_1.3.0/lib/ksdk_platform_lib/kds/K64F12/debug/libksdk_platform.a(fsl_clock_MK64F12.o)
 .comment       0x000000de       0x71 C:/Freescale/KSDK_1.3.0/lib/ksdk_platform_lib/kds/K64F12/debug/libksdk_platform.a(fsl_clock_manager.o)
 .comment       0x000000de       0x71 C:/Freescale/KSDK_1.3.0/lib/ksdk_platform_lib/kds/K64F12/debug/libksdk_platform.a(fsl_clock_manager_common.o)