Archive member included because of file (symbol)

C:/Freescale/KSDK_1.3.0/lib/ksdk_platform_lib/kds/K64F12/debug/libksdk_platform.a(fsl_uart_hal.o)
                              ./Utilities/fsl_debug_console.o (UART_HAL_SetBaudRate)
C:/Freescale/KSDK_1.3.0/lib/ksdk_platform_lib/kds/K64F12/debug/libksdk_platform.a(fsl_gpio_driver.o)
                              ./Board/board.o (GPIO_DRV_Init)
C:/Freescale/KSDK_1.3.0/lib/ksdk_platform_lib/kds/K64F12/debug/libksdk_platform.a(fsl_clock_MK64F12.o)
                              ./Board/board.o (CLOCK_SYS_SetSimConfigration)
C:/Freescale/KSDK_1.3.0/lib/ksdk_platform_lib/kds/K64F12/debug/libksdk_platform.a(fsl_clock_manager.o)
                              ./Board/board.o (CLOCK_SYS_BootToPee)
C:/Freescale/KSDK_1.3.0/lib/ksdk_platform_lib/kds/K64F12/debug/libksdk_platform.a(fsl_clock_manager_common.o)
                              C:/Freescale/KSDK_1.3.0/lib/ksdk_platform_lib/kds/K64F12/debug/libksdk_platform.a(fsl_clock_MK64F12.o) (g_oscBase)
C:/Freescale/KSDK_1.3.0/lib/ksdk_platform_lib/kds/K64F12/debug/libksdk_platform.a(fsl_os_abstraction_bm.o)
                              C:/Freescale/KSDK_1.3.0/lib/ksdk_platform_lib/kds/K64F12/debug/libksdk_platform.a(fsl_clock_manager.o) (OSA_EnterCritical)
C:/Freescale/KSDK_1.3.0/lib/ksdk_platform_lib/kds/K64F12/debug/libksdk_platform.a(fsl_sim_hal_MK64F12.o)
                              C:/Freescale/KSDK_1.3.0/lib/ksdk_platform_lib/kds/K64F12/debug/libksdk_platform.a(fsl_clock_MK64F12.o) (CLOCK_HAL_GetUsbfsDiv)
C:/Freescale/KSDK_1.3.0/lib/ksdk_platform_lib/kds/K64F12/debug/libksdk_platform.a(fsl_osc_hal.o)
                              C:/Freescale/KSDK_1.3.0/lib/ksdk_platform_lib/kds/K64F12/debug/libksdk_platform.a(fsl_clock_manager.o) (OSC_HAL_SetCapacitor)
C:/Freescale/KSDK_1.3.0/lib/ksdk_platform_lib/kds/K64F12/debug/libksdk_platform.a(fsl_mcg_hal.o)
                              C:/Freescale/KSDK_1.3.0/lib/ksdk_platform_lib/kds/K64F12/debug/libksdk_platform.a(fsl_clock_MK64F12.o) (g_xtal0ClkFreq)
C:/Freescale/KSDK_1.3.0/lib/ksdk_platform_lib/kds/K64F12/debug/libksdk_platform.a(fsl_mcg_hal_modes.o)
                              C:/Freescale/KSDK_1.3.0/lib/ksdk_platform_lib/kds/K64F12/debug/libksdk_platform.a(fsl_clock_manager.o) (CLOCK_HAL_GetMcgMode)
C:/Freescale/KSDK_1.3.0/lib/ksdk_platform_lib/kds/K64F12/debug/libksdk_platform.a(fsl_lptmr_hal.o)
                              C:/Freescale/KSDK_1.3.0/lib/ksdk_platform_lib/kds/K64F12/debug/libksdk_platform.a(fsl_os_abstraction_bm.o) (LPTMR_HAL_SetTimerWorkingMode)
C:/Freescale/KSDK_1.3.0/lib/ksdk_platform_lib/kds/K64F12/debug/libksdk_platform.a(fsl_interrupt_manager.o)
                              C:/Freescale/KSDK_1.3.0/lib/ksdk_platform_lib/kds/K64F12/debug/libksdk_platform.a(fsl_os_abstraction_bm.o) (INT_SYS_InstallHandler)
C:/Freescale/KSDK_1.3.0/lib/ksdk_platform_lib/kds/K64F12/debug/libksdk_platform.a(fsl_gpio_hal.o)
                              C:/Freescale/KSDK_1.3.0/lib/ksdk_platform_lib/kds/K64F12/debug/libksdk_platform.a(fsl_gpio_driver.o) (GPIO_HAL_SetPinDir)
C:/Freescale/KSDK_1.3.0/lib/ksdk_platform_lib/kds/K64F12/debug/libksdk_platform.a(fsl_gpio_common.o)
                              C:/Freescale/KSDK_1.3.0/lib/ksdk_platform_lib/kds/K64F12/debug/libksdk_platform.a(fsl_gpio_driver.o) (g_gpioBase)
c:/freescale/kds_v3/toolchain/bin/../lib/gcc/arm-none-eabi/4.8.4/../../../../arm-none-eabi/lib/armv7e-m/fpu\libg_s.a(lib_a-assert.o)
                              ./Board/board.o (__assert_func)
c:/freescale/kds_v3/toolchain/bin/../lib/gcc/arm-none-eabi/4.8.4/../../../../arm-none-eabi/lib/armv7e-m/fpu\libg_s.a(lib_a-calloc.o)
                              C:/Freescale/KSDK_1.3.0/lib/ksdk_platform_lib/kds/K64F12/debug/libksdk_platform.a(fsl_os_abstraction_bm.o) (calloc)
c:/freescale/kds_v3/toolchain/bin/../lib/gcc/arm-none-eabi/4.8.4/../../../../arm-none-eabi/lib/armv7e-m/fpu\libg_s.a(lib_a-exit.o)
                              c:/freescale/kds_v3/toolchain/bin/../lib/gcc/arm-none-eabi/4.8.4/../../../../arm-none-eabi/lib/armv7e-m/fpu/crt0.o (exit)
c:/freescale/kds_v3/toolchain/bin/../lib/gcc/arm-none-eabi/4.8.4/../../../../arm-none-eabi/lib/armv7e-m/fpu\libg_s.a(lib_a-fprintf.o)
                              c:/freescale/kds_v3/toolchain/bin/../lib/gcc/arm-none-eabi/4.8.4/../../../../arm-none-eabi/lib/armv7e-m/fpu\libg_s.a(lib_a-assert.o) (fiprintf)
c:/freescale/kds_v3/toolchain/bin/../lib/gcc/arm-none-eabi/4.8.4/../../../../arm-none-eabi/lib/armv7e-m/fpu\libg_s.a(lib_a-impure.o)
                              c:/freescale/kds_v3/toolchain/bin/../lib/gcc/arm-none-eabi/4.8.4/../../../../arm-none-eabi/lib/armv7e-m/fpu\libg_s.a(lib_a-exit.o) (_global_impure_ptr)
c:/freescale/kds_v3/toolchain/bin/../lib/gcc/arm-none-eabi/4.8.4/../../../../arm-none-eabi/lib/armv7e-m/fpu\libg_s.a(lib_a-init.o)
[...]
Memory Configuration

Name             Origin             Length             Attributes
m_interrupts     0x00000000         0x00000400         xr
m_flash_config   0x00000400         0x00000010         xr
m_text           0x00000410         0x000ffbf0         xr
m_data           0x1fff0000         0x00010000         rw
m_data_2         0x20000000         0x00030000         rw
*default*        0x00000000         0xffffffff

Linker script and memory map

LOAD c:/freescale/kds_v3/toolchain/bin/../lib/gcc/arm-none-eabi/4.8.4/armv7e-m/fpu/crti.o
LOAD c:/freescale/kds_v3/toolchain/bin/../lib/gcc/arm-none-eabi/4.8.4/armv7e-m/fpu/crtbegin.o
LOAD c:/freescale/kds_v3/toolchain/bin/../lib/gcc/arm-none-eabi/4.8.4/../../../../arm-none-eabi/lib/armv7e-m/fpu/crt0.o
LOAD ./p02/task.o
LOAD ./p00/queue.o
LOAD ./include/ucontext.o
LOAD ./Utilities/fsl_debug_console.o
LOAD ./Sources/main.o
LOAD ./Project_Settings/Startup_Code/startup.o
LOAD ./Project_Settings/Startup_Code/startup_MK64F12.o
LOAD ./Project_Settings/Startup_Code/system_MK64F12.o
LOAD ./Board/board.o
LOAD ./Board/gpio_pins.o
LOAD ./Board/hardware_init.o
LOAD ./Board/pin_mux.o
LOAD C:/Freescale/KSDK_1.3.0/lib/ksdk_platform_lib/kds/K64F12/debug/libksdk_platform.a
LOAD c:/freescale/kds_v3/toolchain/bin/../lib/gcc/arm-none-eabi/4.8.4/../../../../arm-none-eabi/lib/armv7e-m/fpu\libstdc++_s.a
LOAD c:/freescale/kds_v3/toolchain/bin/../lib/gcc/arm-none-eabi/4.8.4/../../../../arm-none-eabi/lib/armv7e-m/fpu\libm.a
START GROUP
LOAD c:/freescale/kds_v3/toolchain/bin/../lib/gcc/arm-none-eabi/4.8.4/armv7e-m/fpu\libgcc.a
LOAD c:/freescale/kds_v3/toolchain/bin/../lib/gcc/arm-none-eabi/4.8.4/../../../../arm-none-eabi/lib/armv7e-m/fpu\libg_s.a
LOAD c:/freescale/kds_v3/toolchain/bin/../lib/gcc/arm-none-eabi/4.8.4/../../../../arm-none-eabi/lib/armv7e-m/fpu\libc_s.a
END GROUP
START GROUP
LOAD c:/freescale/kds_v3/toolchain/bin/../lib/gcc/arm-none-eabi/4.8.4/armv7e-m/fpu\libgcc.a
LOAD c:/freescale/kds_v3/toolchain/bin/../lib/gcc/arm-none-eabi/4.8.4/../../../../arm-none-eabi/lib/armv7e-m/fpu\libc_s.a
LOAD c:/freescale/kds_v3/toolchain/bin/../lib/gcc/arm-none-eabi/4.8.4/../../../../arm-none-eabi/lib/armv7e-m/fpu\libnosys.a
END GROUP
START GROUP
LOAD c:/freescale/kds_v3/toolchain/bin/../lib/gcc/arm-none-eabi/4.8.4/armv7e-m/fpu\libgcc.a
LOAD c:/freescale/kds_v3/toolchain/bin/../lib/gcc/arm-none-eabi/4.8.4/../../../../arm-none-eabi/lib/armv7e-m/fpu\libc_s.a
LOAD c:/freescale/kds_v3/toolchain/bin/../lib/gcc/arm-none-eabi/4.8.4/../../../../arm-none-eabi/lib/armv7e-m/fpu\libnosys.a
END GROUP
LOAD c:/freescale/kds_v3/toolchain/bin/../lib/gcc/arm-none-eabi/4.8.4/armv7e-m/fpu/crtend.o
LOAD c:/freescale/kds_v3/toolchain/bin/../lib/gcc/arm-none-eabi/4.8.4/armv7e-m/fpu/crtn.o
                0x00000400                HEAP_SIZE = DEFINED (__heap_size__)?__heap_size__:0x400
                0x00000400                STACK_SIZE = DEFINED (__stack_size__)?__stack_size__:0x400
                0x00000000                M_VECTOR_RAM_SIZE = DEFINED (__ram_vector_table__)?0x400:0x0

.interrupts     0x00000000      0x400
                0x00000000                __VECTOR_TABLE = .
                0x00000000                . = ALIGN (0x4)
 *(.isr_vector)
 .isr_vector    0x00000000      0x400 ./Project_Settings/Startup_Code/startup_MK64F12.o
                0x00000000                __isr_vector
                0x00000400                . = ALIGN (0x4)

.flash_config   0x00000400       0x10
                0x00000400                . = ALIGN (0x4)
 *(.FlashConfig)
 .FlashConfig   0x00000400       0x10 ./Project_Settings/Startup_Code/startup_MK64F12.o
                0x00000410                . = ALIGN (0x4)

.text           0x00000410     0x41c8
                0x00000410                . = ALIGN (0x4)
 *(.text)
 .text          0x00000410       0x54 c:/freescale/kds_v3/toolchain/bin/../lib/gcc/arm-none-eabi/4.8.4/armv7e-m/fpu/crtbegin.o
 .text          0x00000464       0x74 c:/freescale/kds_v3/toolchain/bin/../lib/gcc/arm-none-eabi/4.8.4/../../../../arm-none-eabi/lib/armv7e-m/fpu/crt0.o
                0x00000464                _start
                0x00000464                _mainCRTStartup
 .text          0x000004d8       0x14 ./Project_Settings/Startup_Code/startup_MK64F12.o
                0x000004d8                Reset_Handler
                0x000004e8                DebugMon_Handler
                0x000004e8                I2C0_IRQHandler
                0x000004e8                HardFault_Handler
                0x000004e8                SysTick_Handler
                0x000004e8                UART3_RX_TX_IRQHandler
                0x000004e8                PendSV_Handler
                0x000004e8                NMI_Handler
                0x000004e8                UART0_RX_TX_IRQHandler
                0x000004e8                I2C1_IRQHandler
                0x000004e8                DMA2_IRQHandler
                0x000004e8                ENET_Error_IRQHandler
                0x000004e8                CAN0_Tx_Warning_IRQHandler
                0x000004e8                PIT0_IRQHandler
                0x000004e8                CAN0_ORed_Message_buffer_IRQHandler
                0x000004e8                CMP2_IRQHandler
                0x000004e8                LLWU_IRQHandler
                0x000004e8                ENET_Receive_IRQHandler
                0x000004e8                ENET_1588_Timer_IRQHandler
                0x000004e8                UART2_RX_TX_IRQHandler
                0x000004e8                SWI_IRQHandler
                0x000004e8                ADC0_IRQHandler
                0x000004e8                UsageFault_Handler
                0x000004e8                I2S0_Tx_IRQHandler
                0x000004e8                CMT_IRQHandler
                0x000004e8                UART4_RX_TX_IRQHandler
                0x000004e8                SPI1_IRQHandler
                0x000004e8                DefaultISR
                0x000004e8                DMA9_IRQHandler
                0x000004e8                DMA14_IRQHandler
                0x000004e8                CMP1_IRQHandler
                0x000004e8                Reserved71_IRQHandler
                0x000004e8                PORTD_IRQHandler
                0x000004e8                PORTB_IRQHandler
                0x000004e8                UART4_ERR_IRQHandler
                0x000004e8                ADC1_IRQHandler
                0x000004e8                I2C2_IRQHandler
                0x000004e8                PIT2_IRQHandler
                0x000004e8                I2S0_Rx_IRQHandler
                0x000004e8                DMA5_IRQHandler
                0x000004e8                RTC_IRQHandler
                0x000004e8                PDB0_IRQHandler
                0x000004e8                CAN0_Rx_Warning_IRQHandler
                0x000004e8                FTM1_IRQHandler
                0x000004e8                UART5_RX_TX_IRQHandler
                0x000004e8                UART3_ERR_IRQHandler
                0x000004e8                PIT3_IRQHandler
                0x000004e8                SDHC_IRQHandler
                0x000004e8                RTC_Seconds_IRQHandler
                0x000004e8                MCG_IRQHandler
                0x000004e8                FTFE_IRQHandler
                0x000004e8                UART2_ERR_IRQHandler
                0x000004e8                DMA11_IRQHandler
                0x000004e8                UART5_ERR_IRQHandler
                0x000004e8                Read_Collision_IRQHandler
                0x000004e8                DMA7_IRQHandler
                0x000004e8                ENET_Transmit_IRQHandler
                0x000004e8                USBDCD_IRQHandler
                0x000004e8                USB0_IRQHandler
                0x000004e8                SPI2_IRQHandler
                0x000004e8                WDOG_EWM_IRQHandler
                0x000004e8                MemManage_Handler
                0x000004e8                SVC_Handler
                0x000004e8                DMA13_IRQHandler
                0x000004e8                DMA3_IRQHandler
                0x000004e8                UART0_LON_IRQHandler
                0x000004e8                RNG_IRQHandler
                0x000004e8                DMA0_IRQHandler
                0x000004e8                DMA15_IRQHandler
                0x000004e8                DAC0_IRQHandler
                0x000004e8                CAN0_Error_IRQHandler
                0x000004e8                DMA4_IRQHandler
                0x000004e8                PIT1_IRQHandler
                0x000004e8                UART0_ERR_IRQHandler
                0x000004e8                DMA_Error_IRQHandler
                0x000004e8                LVD_LVW_IRQHandler
                0x000004e8                SPI0_IRQHandler
                0x000004e8                FTM0_IRQHandler
                0x000004e8                PORTA_IRQHandler
                0x000004e8                DAC1_IRQHandler
                0x000004e8                MCM_IRQHandler
                0x000004e8                DMA12_IRQHandler
                0x000004e8                CAN0_Bus_Off_IRQHandler
                0x000004e8                FTM3_IRQHandler
                0x000004e8                PORTE_IRQHandler
                0x000004e8                FTM2_IRQHandler
                0x000004e8                LPTMR0_IRQHandler
                0x000004e8                BusFault_Handler
                0x000004e8                DMA8_IRQHandler
                0x000004e8                DMA10_IRQHandler
                0x000004e8                CAN0_Wake_Up_IRQHandler
                0x000004e8                UART1_ERR_IRQHandler
                0x000004e8                UART1_RX_TX_IRQHandler
                0x000004e8                CMP0_IRQHandler
                0x000004e8                PORTC_IRQHandler
                0x000004e8                DMA6_IRQHandler
                0x000004e8                DMA1_IRQHandler
 *(.text*)
 .text.task_init
                0x000004ec       0x6c ./p02/task.o
                0x000004ec                task_init
 .text.task_create
                0x00000558       0xa8 ./p02/task.o
                0x00000558                task_create
 .text.task_switch
                0x00000600       0x60 ./p02/task.o
                0x00000600                task_switch
 .text.task_exit
                0x00000660       0x24 ./p02/task.o
                0x00000660                task_exit
 .text.getcontext
                0x00000684      0x170 ./include/ucontext.o
                0x00000684                getcontext
 .text.setcontext
                0x000007f4      0x188 ./include/ucontext.o
                0x000007f4                setcontext
 .text.makecontext
                0x0000097c       0x20 ./include/ucontext.o
                0x0000097c                makecontext
 .text.swapcontext
                0x0000099c       0x20 ./include/ucontext.o
                0x0000099c                swapcontext
 .text.UART_HAL_EnableTransmitter
                0x000009bc       0x24 ./Utilities/fsl_debug_console.o
 .text.UART_HAL_EnableReceiver
                0x000009e0       0x24 ./Utilities/fsl_debug_console.o
 .text.UART_HAL_SetBitCountPerChar
                0x00000a04       0x28 ./Utilities/fsl_debug_console.o
 .text.UART_HAL_SetStopBitCount
                0x00000a2c       0x24 ./Utilities/fsl_debug_console.o
 .text.DbgConsole_Init
                0x00000a50       0xc8 ./Utilities/fsl_debug_console.o
                0x00000a50                DbgConsole_Init
 .text._write   0x00000b18       0x58 ./Utilities/fsl_debug_console.o
                0x00000b18                _write
 .text._read    0x00000b70       0x44 ./Utilities/fsl_debug_console.o
                0x00000b70                _read
 .text.UART_HAL_EnableTransmitter
                0x00000bb4       0x24 ./Sources/main.o
 .text.UART_HAL_EnableReceiver
                0x00000bd8       0x24 ./Sources/main.o
 .text.UART_HAL_SetBitCountPerChar
                0x00000bfc       0x28 ./Sources/main.o
 .text.UART_HAL_SetStopBitCount
                0x00000c24       0x24 ./Sources/main.o
 .text.BodyPing
                0x00000c48       0x50 ./Sources/main.o
                0x00000c48                BodyPing
 .text.BodyPong
                0x00000c98       0x50 ./Sources/main.o
                0x00000c98                BodyPong
 .text.main     0x00000ce8       0xcc ./Sources/main.o
                0x00000ce8                main
 .text.init_data_bss
                0x00000db4       0xcc ./Project_Settings/Startup_Code/startup.o
                0x00000db4                init_data_bss
 .text.SystemInit
                0x00000e80       0x3c ./Project_Settings/Startup_Code/system_MK64F12.o
                0x00000e80                SystemInit
 .text.PORT_HAL_SetMuxMode
                0x00000ebc       0x58 ./Board/board.o
 .text.SMC_HAL_SetProtection
                0x00000f14       0x1c ./Board/board.o
 .text.BOARD_InitOsc0
                0x00000f30       0x3c ./Board/board.o
                0x00000f30                BOARD_InitOsc0
 .text.BOARD_InitRtcOsc
                0x00000f6c       0x24 ./Board/board.o
                0x00000f6c                BOARD_InitRtcOsc
 .text.CLOCK_SetBootConfig
                0x00000f90       0x3c ./Board/board.o
 .text.BOARD_ClockInit
                0x00000fcc       0x34 ./Board/board.o
                0x00000fcc                BOARD_ClockInit
 .text.dbg_uart_init
                0x00001000       0x18 ./Board/board.o
                0x00001000                dbg_uart_init
 .text.hardware_init
                0x00001018       0x28 ./Board/hardware_init.o
                0x00001018                hardware_init
 .text.PORT_HAL_SetMuxMode
                0x00001040       0x58 ./Board/pin_mux.o
 .text.configure_uart_pins
                0x00001098       0x68 ./Board/pin_mux.o
                0x00001098                configure_uart_pins
 .text.UART_HAL_SetBaudRate
                0x00001100       0xa0 C:/Freescale/KSDK_1.3.0/lib/ksdk_platform_lib/kds/K64F12/debug/libksdk_platform.a(fsl_uart_hal.o)
                0x00001100                UART_HAL_SetBaudRate
 .text.UART_HAL_SetParityMode
                0x000011a0       0x40 C:/Freescale/KSDK_1.3.0/lib/ksdk_platform_lib/kds/K64F12/debug/libksdk_platform.a(fsl_uart_hal.o)
                0x000011a0                UART_HAL_SetParityMode
 .text.UART_HAL_Putchar
                0x000011e0       0x28 C:/Freescale/KSDK_1.3.0/lib/ksdk_platform_lib/kds/K64F12/debug/libksdk_platform.a(fsl_uart_hal.o)
                0x000011e0                UART_HAL_Putchar
 .text.UART_HAL_Getchar
                0x00001208       0x2c C:/Freescale/KSDK_1.3.0/lib/ksdk_platform_lib/kds/K64F12/debug/libksdk_platform.a(fsl_uart_hal.o)
                0x00001208                UART_HAL_Getchar
 .text.UART_HAL_SendDataPolling
                0x00001234       0x44 C:/Freescale/KSDK_1.3.0/lib/ksdk_platform_lib/kds/K64F12/debug/libksdk_platform.a(fsl_uart_hal.o)
                0x00001234                UART_HAL_SendDataPolling
 .text.UART_HAL_ReceiveDataPolling
                0x00001278       0x78 C:/Freescale/KSDK_1.3.0/lib/ksdk_platform_lib/kds/K64F12/debug/libksdk_platform.a(fsl_uart_hal.o)
                0x00001278                UART_HAL_ReceiveDataPolling
 .text.SIM_HAL_EnableClock
                0x000012f0       0x3c C:/Freescale/KSDK_1.3.0/lib/ksdk_platform_lib/kds/K64F12/debug/libksdk_platform.a(fsl_clock_MK64F12.o)
 .text.CLOCK_HAL_SetExternalRefClock32kSrc
                0x0000132c       0x2c C:/Freescale/KSDK_1.3.0/lib/ksdk_platform_lib/kds/K64F12/debug/libksdk_platform.a(fsl_clock_MK64F12.o)
 .text.CLOCK_HAL_SetPllfllSel
                0x00001358       0x38 C:/Freescale/KSDK_1.3.0/lib/ksdk_platform_lib/kds/K64F12/debug/libksdk_platform.a(fsl_clock_MK64F12.o)
 .text.CLOCK_HAL_GetOutDiv1
                0x00001390       0x24 C:/Freescale/KSDK_1.3.0/lib/ksdk_platform_lib/kds/K64F12/debug/libksdk_platform.a(fsl_clock_MK64F12.o)
 .text.CLOCK_HAL_GetOutDiv2
                0x000013b4       0x28 C:/Freescale/KSDK_1.3.0/lib/ksdk_platform_lib/kds/K64F12/debug/libksdk_platform.a(fsl_clock_MK64F12.o)
 .text.CLOCK_SYS_SetSimConfigration
                0x000013dc       0x44 C:/Freescale/KSDK_1.3.0/lib/ksdk_platform_lib/kds/K64F12/debug/libksdk_platform.a(fsl_clock_MK64F12.o)
                0x000013dc                CLOCK_SYS_SetSimConfigration
 .text.CLOCK_SYS_GetSystemClockFreq
                0x00001420       0x28 C:/Freescale/KSDK_1.3.0/lib/ksdk_platform_lib/kds/K64F12/debug/libksdk_platform.a(fsl_clock_MK64F12.o)
                0x00001420                CLOCK_SYS_GetSystemClockFreq
 .text.CLOCK_SYS_GetBusClockFreq
                0x00001448       0x28 C:/Freescale/KSDK_1.3.0/lib/ksdk_platform_lib/kds/K64F12/debug/libksdk_platform.a(fsl_clock_MK64F12.o)
                0x00001448                CLOCK_SYS_GetBusClockFreq
 .text.CLOCK_SYS_GetUartFreq
                0x00001470       0x4c C:/Freescale/KSDK_1.3.0/lib/ksdk_platform_lib/kds/K64F12/debug/libksdk_platform.a(fsl_clock_MK64F12.o)
                0x00001470                CLOCK_SYS_GetUartFreq
 .text.CLOCK_SYS_EnablePortClock
                0x000014bc       0x48 C:/Freescale/KSDK_1.3.0/lib/ksdk_platform_lib/kds/K64F12/debug/libksdk_platform.a(fsl_clock_MK64F12.o)
                0x000014bc                CLOCK_SYS_EnablePortClock
 .text.CLOCK_SYS_EnableUartClock
                0x00001504       0x48 C:/Freescale/KSDK_1.3.0/lib/ksdk_platform_lib/kds/K64F12/debug/libksdk_platform.a(fsl_clock_MK64F12.o)
                0x00001504                CLOCK_SYS_EnableUartClock
 .text.SIM_HAL_EnableClock
                0x0000154c       0x3c C:/Freescale/KSDK_1.3.0/lib/ksdk_platform_lib/kds/K64F12/debug/libksdk_platform.a(fsl_clock_manager.o)
 .text.CLOCK_HAL_SetClkOutSrc
                0x00001588       0x30 C:/Freescale/KSDK_1.3.0/lib/ksdk_platform_lib/kds/K64F12/debug/libksdk_platform.a(fsl_clock_manager.o)
 .text.CLOCK_HAL_SetClksFrdivIrefs
                0x000015b8       0x54 C:/Freescale/KSDK_1.3.0/lib/ksdk_platform_lib/kds/K64F12/debug/libksdk_platform.a(fsl_clock_manager.o)
 .text.CLOCK_HAL_GetClkOutStat
                0x0000160c       0x24 C:/Freescale/KSDK_1.3.0/lib/ksdk_platform_lib/kds/K64F12/debug/libksdk_platform.a(fsl_clock_manager.o)
 .text.CLOCK_HAL_GetFllSrc
                0x00001630       0x24 C:/Freescale/KSDK_1.3.0/lib/ksdk_platform_lib/kds/K64F12/debug/libksdk_platform.a(fsl_clock_manager.o)
 .text.CLOCK_HAL_IsOsc0Stable
                0x00001654       0x30 C:/Freescale/KSDK_1.3.0/lib/ksdk_platform_lib/kds/K64F12/debug/libksdk_platform.a(fsl_clock_manager.o)
 .text.OSC_HAL_SetExternalRefClkCmd
                0x00001684       0x24 C:/Freescale/KSDK_1.3.0/lib/ksdk_platform_lib/kds/K64F12/debug/libksdk_platform.a(fsl_clock_manager.o)
 .text.OSC_HAL_SetExternalRefClkInStopModeCmd
                0x000016a8       0x24 C:/Freescale/KSDK_1.3.0/lib/ksdk_platform_lib/kds/K64F12/debug/libksdk_platform.a(fsl_clock_manager.o)
 .text.CLOCK_SYS_EnableRtcClock
                0x000016cc       0x1c C:/Freescale/KSDK_1.3.0/lib/ksdk_platform_lib/kds/K64F12/debug/libksdk_platform.a(fsl_clock_manager.o)
 .text.RTC_HAL_SetOsc2pfLoadCmd
                0x000016e8       0x28 C:/Freescale/KSDK_1.3.0/lib/ksdk_platform_lib/kds/K64F12/debug/libksdk_platform.a(fsl_clock_manager.o)
 .text.RTC_HAL_SetOsc4pfLoadCmd
                0x00001710       0x28 C:/Freescale/KSDK_1.3.0/lib/ksdk_platform_lib/kds/K64F12/debug/libksdk_platform.a(fsl_clock_manager.o)
 .text.RTC_HAL_SetOsc8pfLoadCmd
                0x00001738       0x28 C:/Freescale/KSDK_1.3.0/lib/ksdk_platform_lib/kds/K64F12/debug/libksdk_platform.a(fsl_clock_manager.o)
 .text.RTC_HAL_SetOsc16pfLoadCmd
                0x00001760       0x28 C:/Freescale/KSDK_1.3.0/lib/ksdk_platform_lib/kds/K64F12/debug/libksdk_platform.a(fsl_clock_manager.o)
 .text.RTC_HAL_SetOscillatorCmd
                0x00001788       0x28 C:/Freescale/KSDK_1.3.0/lib/ksdk_platform_lib/kds/K64F12/debug/libksdk_platform.a(fsl_clock_manager.o)
 .text.RTC_HAL_IsOscillatorEnabled
                0x000017b0       0x2c C:/Freescale/KSDK_1.3.0/lib/ksdk_platform_lib/kds/K64F12/debug/libksdk_platform.a(fsl_clock_manager.o)
 .text.CLOCK_SYS_BootToPee
                0x000017dc       0xa4 C:/Freescale/KSDK_1.3.0/lib/ksdk_platform_lib/kds/K64F12/debug/libksdk_platform.a(fsl_clock_manager.o)
                0x000017dc                CLOCK_SYS_BootToPee
 .text.CLOCK_SYS_OscInit
                0x00001880       0xe8 C:/Freescale/KSDK_1.3.0/lib/ksdk_platform_lib/kds/K64F12/debug/libksdk_platform.a(fsl_clock_manager.o)
                0x00001880                CLOCK_SYS_OscInit
 .text.CLOCK_SYS_SetOscerConfigration
                0x00001968       0x3c C:/Freescale/KSDK_1.3.0/lib/ksdk_platform_lib/kds/K64F12/debug/libksdk_platform.a(fsl_clock_manager.o)
                0x00001968                CLOCK_SYS_SetOscerConfigration
 .text.CLOCK_SYS_RtcOscInit
                0x000019a4       0xa0 C:/Freescale/KSDK_1.3.0/lib/ksdk_platform_lib/kds/K64F12/debug/libksdk_platform.a(fsl_clock_manager.o)
                0x000019a4                CLOCK_SYS_RtcOscInit
 .text.CLOCK_HAL_SetOutDiv
                0x00001a44       0x5c C:/Freescale/KSDK_1.3.0/lib/ksdk_platform_lib/kds/K64F12/debug/libksdk_platform.a(fsl_sim_hal_MK64F12.o)
                0x00001a44                CLOCK_HAL_SetOutDiv
 .text.OSC_HAL_SetCapacitor
                0x00001aa0       0x2c C:/Freescale/KSDK_1.3.0/lib/ksdk_platform_lib/kds/K64F12/debug/libksdk_platform.a(fsl_osc_hal.o)
                0x00001aa0                OSC_HAL_SetCapacitor
 .text.CLOCK_HAL_GetClkOutStat
                0x00001acc       0x24 C:/Freescale/KSDK_1.3.0/lib/ksdk_platform_lib/kds/K64F12/debug/libksdk_platform.a(fsl_mcg_hal.o)
 .text.CLOCK_HAL_SetInternalRefClkMode
                0x00001af0       0x24 C:/Freescale/KSDK_1.3.0/lib/ksdk_platform_lib/kds/K64F12/debug/libksdk_platform.a(fsl_mcg_hal.o)
 .text.CLOCK_HAL_GetInternalRefClkMode
                0x00001b14       0x24 C:/Freescale/KSDK_1.3.0/lib/ksdk_platform_lib/kds/K64F12/debug/libksdk_platform.a(fsl_mcg_hal.o)
 .text.CLOCK_HAL_IsPllSelected
                0x00001b38       0x30 C:/Freescale/KSDK_1.3.0/lib/ksdk_platform_lib/kds/K64F12/debug/libksdk_platform.a(fsl_mcg_hal.o)
 .text.CLOCK_HAL_IsOsc0Stable
                0x00001b68       0x30 C:/Freescale/KSDK_1.3.0/lib/ksdk_platform_lib/kds/K64F12/debug/libksdk_platform.a(fsl_mcg_hal.o)
 .text.CLOCK_HAL_TestOscFreq
                0x00001b98       0x50 C:/Freescale/KSDK_1.3.0/lib/ksdk_platform_lib/kds/K64F12/debug/libksdk_platform.a(fsl_mcg_hal.o)
                0x00001b98                CLOCK_HAL_TestOscFreq
 .text.CLOCK_HAL_PrepareOsc
                0x00001be8       0x5c C:/Freescale/KSDK_1.3.0/lib/ksdk_platform_lib/kds/K64F12/debug/libksdk_platform.a(fsl_mcg_hal.o)
                0x00001be8                CLOCK_HAL_PrepareOsc
 .text.CLOCK_HAL_GetMcgExternalClkFreq
                0x00001c44       0x28 C:/Freescale/KSDK_1.3.0/lib/ksdk_platform_lib/kds/K64F12/debug/libksdk_platform.a(fsl_mcg_hal.o)
 .text.CLOCK_HAL_TestFllExternalRefFreq
                0x00001c6c       0x90 C:/Freescale/KSDK_1.3.0/lib/ksdk_platform_lib/kds/K64F12/debug/libksdk_platform.a(fsl_mcg_hal.o)
                0x00001c6c                CLOCK_HAL_TestFllExternalRefFreq
 .text.CLOCK_HAL_GetFllRefClk
                0x00001cfc       0x74 C:/Freescale/KSDK_1.3.0/lib/ksdk_platform_lib/kds/K64F12/debug/libksdk_platform.a(fsl_mcg_hal.o)
                0x00001cfc                CLOCK_HAL_GetFllRefClk
 .text.CLOCK_HAL_TestFllFreq
                0x00001d70       0x5c C:/Freescale/KSDK_1.3.0/lib/ksdk_platform_lib/kds/K64F12/debug/libksdk_platform.a(fsl_mcg_hal.o)
                0x00001d70                CLOCK_HAL_TestFllFreq
 .text.CLOCK_HAL_GetFllClk
                0x00001dcc       0x60 C:/Freescale/KSDK_1.3.0/lib/ksdk_platform_lib/kds/K64F12/debug/libksdk_platform.a(fsl_mcg_hal.o)
                0x00001dcc                CLOCK_HAL_GetFllClk
 .text.CLOCK_HAL_UpdateFastClkInternalRefDiv
                0x00001e2c       0xa4 C:/Freescale/KSDK_1.3.0/lib/ksdk_platform_lib/kds/K64F12/debug/libksdk_platform.a(fsl_mcg_hal.o)
                0x00001e2c                CLOCK_HAL_UpdateFastClkInternalRefDiv
 .text.CLOCK_HAL_UpdateInternalRefClk
                0x00001ed0       0x70 C:/Freescale/KSDK_1.3.0/lib/ksdk_platform_lib/kds/K64F12/debug/libksdk_platform.a(fsl_mcg_hal.o)
                0x00001ed0                CLOCK_HAL_UpdateInternalRefClk
 .text.CLOCK_HAL_GetPll0RefFreq
                0x00001f40       0x18 C:/Freescale/KSDK_1.3.0/lib/ksdk_platform_lib/kds/K64F12/debug/libksdk_platform.a(fsl_mcg_hal.o)
                0x00001f40                CLOCK_HAL_GetPll0RefFreq
 .text.CLOCK_HAL_GetPll0Clk
                0x00001f58       0x7c C:/Freescale/KSDK_1.3.0/lib/ksdk_platform_lib/kds/K64F12/debug/libksdk_platform.a(fsl_mcg_hal.o)
                0x00001f58                CLOCK_HAL_GetPll0Clk
 .text.CLOCK_HAL_GetInternalRefClk
                0x00001fd4       0x64 C:/Freescale/KSDK_1.3.0/lib/ksdk_platform_lib/kds/K64F12/debug/libksdk_platform.a(fsl_mcg_hal.o)
                0x00001fd4                CLOCK_HAL_GetInternalRefClk
 .text.CLOCK_HAL_GetOutClk
                0x00002038       0x68 C:/Freescale/KSDK_1.3.0/lib/ksdk_platform_lib/kds/K64F12/debug/libksdk_platform.a(fsl_mcg_hal.o)
                0x00002038                CLOCK_HAL_GetOutClk
 .text.CLOCK_HAL_SetOsc0Mode
                0x000020a0       0x58 C:/Freescale/KSDK_1.3.0/lib/ksdk_platform_lib/kds/K64F12/debug/libksdk_platform.a(fsl_mcg_hal.o)
                0x000020a0                CLOCK_HAL_SetOsc0Mode
 .text.CLOCK_HAL_GetClkOutStat
                0x000020f8       0x24 C:/Freescale/KSDK_1.3.0/lib/ksdk_platform_lib/kds/K64F12/debug/libksdk_platform.a(fsl_mcg_hal_modes.o)
 .text.CLOCK_HAL_SetPll0EnableCmd
                0x0000211c       0x28 C:/Freescale/KSDK_1.3.0/lib/ksdk_platform_lib/kds/K64F12/debug/libksdk_platform.a(fsl_mcg_hal_modes.o)
 .text.CLOCK_HAL_IsPll0Locked
                0x00002144       0x30 C:/Freescale/KSDK_1.3.0/lib/ksdk_platform_lib/kds/K64F12/debug/libksdk_platform.a(fsl_mcg_hal_modes.o)
 .text.CLOCK_HAL_IsPllSelected
                0x00002174       0x30 C:/Freescale/KSDK_1.3.0/lib/ksdk_platform_lib/kds/K64F12/debug/libksdk_platform.a(fsl_mcg_hal_modes.o)
 .text.CLOCK_HAL_SetPbeMode
                0x000021a4       0xec C:/Freescale/KSDK_1.3.0/lib/ksdk_platform_lib/kds/K64F12/debug/libksdk_platform.a(fsl_mcg_hal_modes.o)
                0x000021a4                CLOCK_HAL_SetPbeMode
 .text.__assert_func
                0x00002290       0x38 c:/freescale/kds_v3/toolchain/bin/../lib/gcc/arm-none-eabi/4.8.4/../../../../arm-none-eabi/lib/armv7e-m/fpu\libg_s.a(lib_a-assert.o)
                0x00002290                __assert_func
 .text.exit     0x000022c8       0x28 c:/freescale/kds_v3/toolchain/bin/../lib/gcc/arm-none-eabi/4.8.4/../../../../arm-none-eabi/lib/armv7e-m/fpu\libg_s.a(lib_a-exit.o)
                0x000022c8                exit
 .text.fprintf  0x000022f0       0x24 c:/freescale/kds_v3/toolchain/bin/../lib/gcc/arm-none-eabi/4.8.4/../../../../arm-none-eabi/lib/armv7e-m/fpu\libg_s.a(lib_a-fprintf.o)
                0x000022f0                fiprintf
                0x000022f0                fprintf
 .text.__libc_init_array
                0x00002314       0x4c c:/freescale/kds_v3/toolchain/bin/../lib/gcc/arm-none-eabi/4.8.4/../../../../arm-none-eabi/lib/armv7e-m/fpu\libg_s.a(lib_a-init.o)
                0x00002314                __libc_init_array
 .text.malloc   0x00002360       0x10 c:/freescale/kds_v3/toolchain/bin/../lib/gcc/arm-none-eabi/4.8.4/../../../../arm-none-eabi/lib/armv7e-m/fpu\libg_s.a(lib_a-malloc.o)
                0x00002360                malloc
 .text.memset   0x00002370       0x10 c:/freescale/kds_v3/toolchain/bin/../lib/gcc/arm-none-eabi/4.8.4/../../../../arm-none-eabi/lib/armv7e-m/fpu\libg_s.a(lib_a-memset.o)
                0x00002370                memset
 .text._free_r  0x00002380       0x88 c:/freescale/kds_v3/toolchain/bin/../lib/gcc/arm-none-eabi/4.8.4/../../../../arm-none-eabi/lib/armv7e-m/fpu\libg_s.a(lib_a-nano-freer.o)
                0x00002380                _free_r
 .text._malloc_r
                0x00002408       0xa8 c:/freescale/kds_v3/toolchain/bin/../lib/gcc/arm-none-eabi/4.8.4/../../../../arm-none-eabi/lib/armv7e-m/fpu\libg_s.a(lib_a-nano-mallocr.o)
                0x00002408                _malloc_r
 .text._perror_r
                0x000024b0       0x4c c:/freescale/kds_v3/toolchain/bin/../lib/gcc/arm-none-eabi/4.8.4/../../../../arm-none-eabi/lib/armv7e-m/fpu\libg_s.a(lib_a-perror.o)
                0x000024b0                _perror_r
 .text.perror   0x000024fc       0x10 c:/freescale/kds_v3/toolchain/bin/../lib/gcc/arm-none-eabi/4.8.4/../../../../arm-none-eabi/lib/armv7e-m/fpu\libg_s.a(lib_a-perror.o)
                0x000024fc                perror
 .text.printf   0x0000250c       0x30 c:/freescale/kds_v3/toolchain/bin/../lib/gcc/arm-none-eabi/4.8.4/../../../../arm-none-eabi/lib/armv7e-m/fpu\libg_s.a(lib_a-printf.o)
                0x0000250c                iprintf
                0x0000250c                printf
 .text._puts_r  0x0000253c       0xc0 c:/freescale/kds_v3/toolchain/bin/../lib/gcc/arm-none-eabi/4.8.4/../../../../arm-none-eabi/lib/armv7e-m/fpu\libg_s.a(lib_a-puts.o)
                0x0000253c                _puts_r
 .text.puts     0x000025fc       0x10 c:/freescale/kds_v3/toolchain/bin/../lib/gcc/arm-none-eabi/4.8.4/../../../../arm-none-eabi/lib/armv7e-m/fpu\libg_s.a(lib_a-puts.o)
                0x000025fc                puts
 .text._sbrk_r  0x0000260c       0x20 c:/freescale/kds_v3/toolchain/bin/../lib/gcc/arm-none-eabi/4.8.4/../../../../arm-none-eabi/lib/armv7e-m/fpu\libg_s.a(lib_a-sbrkr.o)
                0x0000260c                _sbrk_r
 .text.setvbuf  0x0000262c      0x110 c:/freescale/kds_v3/toolchain/bin/../lib/gcc/arm-none-eabi/4.8.4/../../../../arm-none-eabi/lib/armv7e-m/fpu\libg_s.a(lib_a-setvbuf.o)
                0x0000262c                setvbuf
 .text._strerror_r
                0x0000273c      0x39c c:/freescale/kds_v3/toolchain/bin/../lib/gcc/arm-none-eabi/4.8.4/../../../../arm-none-eabi/lib/armv7e-m/fpu\libg_s.a(lib_a-strerror.o)
                0x0000273c                _strerror_r
 .text._user_strerror
                0x00002ad8        0x4 c:/freescale/kds_v3/toolchain/bin/../lib/gcc/arm-none-eabi/4.8.4/../../../../arm-none-eabi/lib/armv7e-m/fpu\libg_s.a(lib_a-u_strerr.o)
                0x00002ad8                _user_strerror
 .text.__sfputc_r
                0x00002adc       0x2c c:/freescale/kds_v3/toolchain/bin/../lib/gcc/arm-none-eabi/4.8.4/../../../../arm-none-eabi/lib/armv7e-m/fpu\libg_s.a(lib_a-vfprintf.o)
 .text.__sfputs_r
                0x00002b08       0x24 c:/freescale/kds_v3/toolchain/bin/../lib/gcc/arm-none-eabi/4.8.4/../../../../arm-none-eabi/lib/armv7e-m/fpu\libg_s.a(lib_a-vfprintf.o)
                0x00002b08                __sfputs_r
 .text._vfprintf_r
                0x00002b2c      0x208 c:/freescale/kds_v3/toolchain/bin/../lib/gcc/arm-none-eabi/4.8.4/../../../../arm-none-eabi/lib/armv7e-m/fpu\libg_s.a(lib_a-vfprintf.o)
                0x00002b2c                _vfprintf_r
                0x00002b2c                _vfiprintf_r
 .text._printf_common
                0x00002d34       0xe4 c:/freescale/kds_v3/toolchain/bin/../lib/gcc/arm-none-eabi/4.8.4/../../../../arm-none-eabi/lib/armv7e-m/fpu\libg_s.a(lib_a-vfprintf_i.o)
                0x00002d34                _printf_common
 .text._printf_i
                0x00002e18      0x228 c:/freescale/kds_v3/toolchain/bin/../lib/gcc/arm-none-eabi/4.8.4/../../../../arm-none-eabi/lib/armv7e-m/fpu\libg_s.a(lib_a-vfprintf_i.o)
                0x00002e18                _printf_i
 .text.__swbuf_r
                0x00003040       0xa8 c:/freescale/kds_v3/toolchain/bin/../lib/gcc/arm-none-eabi/4.8.4/../../../../arm-none-eabi/lib/armv7e-m/fpu\libg_s.a(lib_a-wbuf.o)
                0x00003040                __swbuf_r
 .text.__swsetup_r
                0x000030e8       0xdc c:/freescale/kds_v3/toolchain/bin/../lib/gcc/arm-none-eabi/4.8.4/../../../../arm-none-eabi/lib/armv7e-m/fpu\libg_s.a(lib_a-wsetup.o)
                0x000030e8                __swsetup_r
 .text.abort    0x000031c4        0xe c:/freescale/kds_v3/toolchain/bin/../lib/gcc/arm-none-eabi/4.8.4/../../../../arm-none-eabi/lib/armv7e-m/fpu\libg_s.a(lib_a-abort.o)
                0x000031c4                abort
 .text.__sflush_r
                0x000031d2      0x106 c:/freescale/kds_v3/toolchain/bin/../lib/gcc/arm-none-eabi/4.8.4/../../../../arm-none-eabi/lib/armv7e-m/fpu\libg_s.a(lib_a-fflush.o)
                0x000031d2                __sflush_r
 .text._fflush_r
                0x000032d8       0x54 c:/freescale/kds_v3/toolchain/bin/../lib/gcc/arm-none-eabi/4.8.4/../../../../arm-none-eabi/lib/armv7e-m/fpu\libg_s.a(lib_a-fflush.o)
                0x000032d8                _fflush_r
 .text._cleanup_r
                0x0000332c       0x32 c:/freescale/kds_v3/toolchain/bin/../lib/gcc/arm-none-eabi/4.8.4/../../../../arm-none-eabi/lib/armv7e-m/fpu\libg_s.a(lib_a-findfp.o)
                0x0000332c                _cleanup_r
 *fill*         0x0000335e        0x2 
 .text.std.isra.0
                0x00003360       0x48 c:/freescale/kds_v3/toolchain/bin/../lib/gcc/arm-none-eabi/4.8.4/../../../../arm-none-eabi/lib/armv7e-m/fpu\libg_s.a(lib_a-findfp.o)
 .text.__sfmoreglue
                0x000033a8       0x2c c:/freescale/kds_v3/toolchain/bin/../lib/gcc/arm-none-eabi/4.8.4/../../../../arm-none-eabi/lib/armv7e-m/fpu\libg_s.a(lib_a-findfp.o)
                0x000033a8                __sfmoreglue
 .text.__sinit  0x000033d4       0x60 c:/freescale/kds_v3/toolchain/bin/../lib/gcc/arm-none-eabi/4.8.4/../../../../arm-none-eabi/lib/armv7e-m/fpu\libg_s.a(lib_a-findfp.o)
                0x000033d4                __sinit
 .text.__sfp    0x00003434       0x74 c:/freescale/kds_v3/toolchain/bin/../lib/gcc/arm-none-eabi/4.8.4/../../../../arm-none-eabi/lib/armv7e-m/fpu\libg_s.a(lib_a-findfp.o)
                0x00003434                __sfp
 .text._fputc_r
                0x000034a8       0x48 c:/freescale/kds_v3/toolchain/bin/../lib/gcc/arm-none-eabi/4.8.4/../../../../arm-none-eabi/lib/armv7e-m/fpu\libg_s.a(lib_a-fputc.o)
                0x000034a8                _fputc_r
 .text.fputc    0x000034f0       0x14 c:/freescale/kds_v3/toolchain/bin/../lib/gcc/arm-none-eabi/4.8.4/../../../../arm-none-eabi/lib/armv7e-m/fpu\libg_s.a(lib_a-fputc.o)
                0x000034f0                fputc
 .text._fputs_r
                0x00003504       0xa8 c:/freescale/kds_v3/toolchain/bin/../lib/gcc/arm-none-eabi/4.8.4/../../../../arm-none-eabi/lib/armv7e-m/fpu\libg_s.a(lib_a-fputs.o)
                0x00003504                _fputs_r
 .text.fputs    0x000035ac       0x14 c:/freescale/kds_v3/toolchain/bin/../lib/gcc/arm-none-eabi/4.8.4/../../../../arm-none-eabi/lib/armv7e-m/fpu\libg_s.a(lib_a-fputs.o)
                0x000035ac                fputs
 .text.__smakebuf_r
                0x000035c0       0x9c c:/freescale/kds_v3/toolchain/bin/../lib/gcc/arm-none-eabi/4.8.4/../../../../arm-none-eabi/lib/armv7e-m/fpu\libg_s.a(lib_a-makebuf.o)
                0x000035c0                __smakebuf_r
 .text.memchr   0x0000365c       0x1e c:/freescale/kds_v3/toolchain/bin/../lib/gcc/arm-none-eabi/4.8.4/../../../../arm-none-eabi/lib/armv7e-m/fpu\libg_s.a(lib_a-memchr-stub.o)
                0x0000365c                memchr
 *fill*         0x0000367a        0x2 
 .text._putc_r  0x0000367c       0x78 c:/freescale/kds_v3/toolchain/bin/../lib/gcc/arm-none-eabi/4.8.4/../../../../arm-none-eabi/lib/armv7e-m/fpu\libg_s.a(lib_a-putc.o)
                0x0000367c                _putc_r
 .text._raise_r
                0x000036f4       0x50 c:/freescale/kds_v3/toolchain/bin/../lib/gcc/arm-none-eabi/4.8.4/../../../../arm-none-eabi/lib/armv7e-m/fpu\libg_s.a(lib_a-signal.o)
                0x000036f4                _raise_r
 .text.raise    0x00003744       0x10 c:/freescale/kds_v3/toolchain/bin/../lib/gcc/arm-none-eabi/4.8.4/../../../../arm-none-eabi/lib/armv7e-m/fpu\libg_s.a(lib_a-signal.o)
                0x00003744                raise
 .text._kill_r  0x00003754       0x24 c:/freescale/kds_v3/toolchain/bin/../lib/gcc/arm-none-eabi/4.8.4/../../../../arm-none-eabi/lib/armv7e-m/fpu\libg_s.a(lib_a-signalr.o)
                0x00003754                _kill_r
 .text._getpid_r
                0x00003778        0x4 c:/freescale/kds_v3/toolchain/bin/../lib/gcc/arm-none-eabi/4.8.4/../../../../arm-none-eabi/lib/armv7e-m/fpu\libg_s.a(lib_a-signalr.o)
                0x00003778                _getpid_r
 .text.__sread  0x0000377c       0x22 c:/freescale/kds_v3/toolchain/bin/../lib/gcc/arm-none-eabi/4.8.4/../../../../arm-none-eabi/lib/armv7e-m/fpu\libg_s.a(lib_a-stdio.o)
                0x0000377c                __sread
 .text.__swrite
                0x0000379e       0x38 c:/freescale/kds_v3/toolchain/bin/../lib/gcc/arm-none-eabi/4.8.4/../../../../arm-none-eabi/lib/armv7e-m/fpu\libg_s.a(lib_a-stdio.o)
                0x0000379e                __swrite
 .text.__sseek  0x000037d6       0x24 c:/freescale/kds_v3/toolchain/bin/../lib/gcc/arm-none-eabi/4.8.4/../../../../arm-none-eabi/lib/armv7e-m/fpu\libg_s.a(lib_a-stdio.o)
                0x000037d6                __sseek
 .text.__sclose
                0x000037fa        0x8 c:/freescale/kds_v3/toolchain/bin/../lib/gcc/arm-none-eabi/4.8.4/../../../../arm-none-eabi/lib/armv7e-m/fpu\libg_s.a(lib_a-stdio.o)
                0x000037fa                __sclose
 .text.strlen   0x00003802       0x10 c:/freescale/kds_v3/toolchain/bin/../lib/gcc/arm-none-eabi/4.8.4/../../../../arm-none-eabi/lib/armv7e-m/fpu\libg_s.a(lib_a-strlen.o)
                0x00003802                strlen
 *fill*         0x00003812        0x2 
 .text._write_r
                0x00003814       0x24 c:/freescale/kds_v3/toolchain/bin/../lib/gcc/arm-none-eabi/4.8.4/../../../../arm-none-eabi/lib/armv7e-m/fpu\libg_s.a(lib_a-writer.o)
                0x00003814                _write_r
 .text._close_r
                0x00003838       0x20 c:/freescale/kds_v3/toolchain/bin/../lib/gcc/arm-none-eabi/4.8.4/../../../../arm-none-eabi/lib/armv7e-m/fpu\libg_s.a(lib_a-closer.o)
                0x00003838                _close_r
 .text._fstat_r
                0x00003858       0x24 c:/freescale/kds_v3/toolchain/bin/../lib/gcc/arm-none-eabi/4.8.4/../../../../arm-none-eabi/lib/armv7e-m/fpu\libg_s.a(lib_a-fstatr.o)
                0x00003858                _fstat_r
 .text._isatty_r
                0x0000387c       0x20 c:/freescale/kds_v3/toolchain/bin/../lib/gcc/arm-none-eabi/4.8.4/../../../../arm-none-eabi/lib/armv7e-m/fpu\libg_s.a(lib_a-isattyr.o)
                0x0000387c                _isatty_r
 .text._lseek_r
                0x0000389c       0x24 c:/freescale/kds_v3/toolchain/bin/../lib/gcc/arm-none-eabi/4.8.4/../../../../arm-none-eabi/lib/armv7e-m/fpu\libg_s.a(lib_a-lseekr.o)
                0x0000389c                _lseek_r
 .text._read_r  0x000038c0       0x24 c:/freescale/kds_v3/toolchain/bin/../lib/gcc/arm-none-eabi/4.8.4/../../../../arm-none-eabi/lib/armv7e-m/fpu\libg_s.a(lib_a-readr.o)
                0x000038c0                _read_r
 .text._close   0x000038e4       0x10 c:/freescale/kds_v3/toolchain/bin/../lib/gcc/arm-none-eabi/4.8.4/../../../../arm-none-eabi/lib/armv7e-m/fpu\libnosys.a(close.o)
                0x000038e4                _close
 .text._fstat   0x000038f4       0x10 c:/freescale/kds_v3/toolchain/bin/../lib/gcc/arm-none-eabi/4.8.4/../../../../arm-none-eabi/lib/armv7e-m/fpu\libnosys.a(fstat.o)
                0x000038f4                _fstat
 .text._getpid  0x00003904       0x10 c:/freescale/kds_v3/toolchain/bin/../lib/gcc/arm-none-eabi/4.8.4/../../../../arm-none-eabi/lib/armv7e-m/fpu\libnosys.a(getpid.o)
                0x00003904                _getpid
 .text._isatty  0x00003914       0x10 c:/freescale/kds_v3/toolchain/bin/../lib/gcc/arm-none-eabi/4.8.4/../../../../arm-none-eabi/lib/armv7e-m/fpu\libnosys.a(isatty.o)
                0x00003914                _isatty
 .text._kill    0x00003924       0x10 c:/freescale/kds_v3/toolchain/bin/../lib/gcc/arm-none-eabi/4.8.4/../../../../arm-none-eabi/lib/armv7e-m/fpu\libnosys.a(kill.o)
                0x00003924                _kill
 .text._lseek   0x00003934       0x10 c:/freescale/kds_v3/toolchain/bin/../lib/gcc/arm-none-eabi/4.8.4/../../../../arm-none-eabi/lib/armv7e-m/fpu\libnosys.a(lseek.o)
                0x00003934                _lseek
 .text._sbrk    0x00003944       0x34 c:/freescale/kds_v3/toolchain/bin/../lib/gcc/arm-none-eabi/4.8.4/../../../../arm-none-eabi/lib/armv7e-m/fpu\libnosys.a(sbrk.o)
                0x00003944                _sbrk
 .text._exit    0x00003978        0x4 c:/freescale/kds_v3/toolchain/bin/../lib/gcc/arm-none-eabi/4.8.4/../../../../arm-none-eabi/lib/armv7e-m/fpu\libnosys.a(_exit.o)
                0x00003978                _exit
 *(.rodata)
 .rodata        0x0000397c       0xdc ./p02/task.o
 .rodata        0x00003a58       0x18 ./Utilities/fsl_debug_console.o
 .rodata        0x00003a70       0x88 ./Sources/main.o
 .rodata        0x00003af8       0x50 ./Board/board.o
 .rodata        0x00003b48       0x44 ./Board/pin_mux.o
 .rodata        0x00003b8c      0x1f0 C:/Freescale/KSDK_1.3.0/lib/ksdk_platform_lib/kds/K64F12/debug/libksdk_platform.a(fsl_clock_MK64F12.o)
 .rodata        0x00003d7c       0xcc C:/Freescale/KSDK_1.3.0/lib/ksdk_platform_lib/kds/K64F12/debug/libksdk_platform.a(fsl_clock_manager.o)
 *(.rodata*)
 .rodata.g_defaultClockConfigRun
                0x00003e48       0x18 ./Board/board.o
                0x00003e48                g_defaultClockConfigRun
 .rodata.__func__.6242
                0x00003e60       0x14 ./Board/board.o
 .rodata.__func__.6220
                0x00003e74       0x14 ./Board/pin_mux.o
 .rodata.portGateTable
                0x00003e88        0x8 C:/Freescale/KSDK_1.3.0/lib/ksdk_platform_lib/kds/K64F12/debug/libksdk_platform.a(fsl_clock_MK64F12.o)
 .rodata.uartGateTable
                0x00003e90        0x8 C:/Freescale/KSDK_1.3.0/lib/ksdk_platform_lib/kds/K64F12/debug/libksdk_platform.a(fsl_clock_MK64F12.o)
 .rodata.__func__.7761
                0x00003e98       0x1c C:/Freescale/KSDK_1.3.0/lib/ksdk_platform_lib/kds/K64F12/debug/libksdk_platform.a(fsl_clock_MK64F12.o)
 .rodata.__func__.7839
                0x00003eb4       0x1c C:/Freescale/KSDK_1.3.0/lib/ksdk_platform_lib/kds/K64F12/debug/libksdk_platform.a(fsl_clock_MK64F12.o)
 .rodata.__func__.8048
                0x00003ed0       0x14 C:/Freescale/KSDK_1.3.0/lib/ksdk_platform_lib/kds/K64F12/debug/libksdk_platform.a(fsl_clock_manager.o)
 .rodata.__func__.8065
                0x00003ee4       0x18 C:/Freescale/KSDK_1.3.0/lib/ksdk_platform_lib/kds/K64F12/debug/libksdk_platform.a(fsl_clock_manager.o)
 .rodata.g_oscBase
                0x00003efc        0x4 C:/Freescale/KSDK_1.3.0/lib/ksdk_platform_lib/kds/K64F12/debug/libksdk_platform.a(fsl_clock_manager_common.o)
                0x00003efc                g_oscBase
 .rodata.fllFactorTable.6344
                0x00003f00       0x10 C:/Freescale/KSDK_1.3.0/lib/ksdk_platform_lib/kds/K64F12/debug/libksdk_platform.a(fsl_mcg_hal.o)
 .rodata.str1.1
                0x00003f10       0x3c c:/freescale/kds_v3/toolchain/bin/../lib/gcc/arm-none-eabi/4.8.4/../../../../arm-none-eabi/lib/armv7e-m/fpu\libg_s.a(lib_a-assert.o)
                                 0x3d (size before relaxing)
 .rodata.str1.1
                0x00003f4c        0x2 c:/freescale/kds_v3/toolchain/bin/../lib/gcc/arm-none-eabi/4.8.4/../../../../arm-none-eabi/lib/armv7e-m/fpu\libg_s.a(lib_a-impure.o)
 *fill*         0x00003f4e        0x2 
 .rodata._global_impure_ptr
                0x00003f50        0x4 c:/freescale/kds_v3/toolchain/bin/../lib/gcc/arm-none-eabi/4.8.4/../../../../arm-none-eabi/lib/armv7e-m/fpu\libg_s.a(lib_a-impure.o)
                0x00003f50                _global_impure_ptr
 .rodata.str1.1
                0x00000000        0x2 c:/freescale/kds_v3/toolchain/bin/../lib/gcc/arm-none-eabi/4.8.4/../../../../arm-none-eabi/lib/armv7e-m/fpu\libg_s.a(lib_a-perror.o)
                                  0x3 (size before relaxing)
 .rodata.str1.1
                0x00003f54      0x5d8 c:/freescale/kds_v3/toolchain/bin/../lib/gcc/arm-none-eabi/4.8.4/../../../../arm-none-eabi/lib/armv7e-m/fpu\libg_s.a(lib_a-strerror.o)
                                0x5d9 (size before relaxing)
 .rodata.str1.1
                0x0000452c       0x11 c:/freescale/kds_v3/toolchain/bin/../lib/gcc/arm-none-eabi/4.8.4/../../../../arm-none-eabi/lib/armv7e-m/fpu\libg_s.a(lib_a-vfprintf.o)
 .rodata.str1.1
                0x0000453d       0x22 c:/freescale/kds_v3/toolchain/bin/../lib/gcc/arm-none-eabi/4.8.4/../../../../arm-none-eabi/lib/armv7e-m/fpu\libg_s.a(lib_a-vfprintf_i.o)
 *fill*         0x0000455f        0x1 
 .rodata.__sf_fake_stdin
                0x00004560       0x20 c:/freescale/kds_v3/toolchain/bin/../lib/gcc/arm-none-eabi/4.8.4/../../../../arm-none-eabi/lib/armv7e-m/fpu\libg_s.a(lib_a-findfp.o)
                0x00004560                __sf_fake_stdin
 .rodata.__sf_fake_stdout
                0x00004580       0x20 c:/freescale/kds_v3/toolchain/bin/../lib/gcc/arm-none-eabi/4.8.4/../../../../arm-none-eabi/lib/armv7e-m/fpu\libg_s.a(lib_a-findfp.o)
                0x00004580                __sf_fake_stdout
 .rodata.__sf_fake_stderr
                0x000045a0       0x20 c:/freescale/kds_v3/toolchain/bin/../lib/gcc/arm-none-eabi/4.8.4/../../../../arm-none-eabi/lib/armv7e-m/fpu\libg_s.a(lib_a-findfp.o)
                0x000045a0                __sf_fake_stderr
 *(.glue_7)
 .glue_7        0x00000000        0x0 linker stubs
 *(.glue_7t)
 .glue_7t       0x00000000        0x0 linker stubs
 *(.eh_frame)
 .eh_frame      0x000045c0        0x0 c:/freescale/kds_v3/toolchain/bin/../lib/gcc/arm-none-eabi/4.8.4/armv7e-m/fpu/crtbegin.o
 *(.init)
 .init          0x000045c0        0x4 c:/freescale/kds_v3/toolchain/bin/../lib/gcc/arm-none-eabi/4.8.4/armv7e-m/fpu/crti.o
                0x000045c0                _init
 .init          0x000045c4        0x8 c:/freescale/kds_v3/toolchain/bin/../lib/gcc/arm-none-eabi/4.8.4/armv7e-m/fpu/crtn.o
 *(.fini)
 .fini          0x000045cc        0x4 c:/freescale/kds_v3/toolchain/bin/../lib/gcc/arm-none-eabi/4.8.4/armv7e-m/fpu/crti.o
                0x000045cc                _fini
 .fini          0x000045d0        0x8 c:/freescale/kds_v3/toolchain/bin/../lib/gcc/arm-none-eabi/4.8.4/armv7e-m/fpu/crtn.o
                0x000045d8                . = ALIGN (0x4)

.vfp11_veneer   0x000045d8        0x0
 .vfp11_veneer  0x00000000        0x0 linker stubs

.v4_bx          0x000045d8        0x0
 .v4_bx         0x00000000        0x0 linker stubs

.iplt           0x000045d8        0x0
 .iplt          0x00000000        0x0 c:/freescale/kds_v3/toolchain/bin/../lib/gcc/arm-none-eabi/4.8.4/armv7e-m/fpu/crtbegin.o

.ARM.extab
 *(.ARM.extab* .gnu.linkonce.armextab.*)

.ARM            0x000045d8        0x8
                0x000045d8                __exidx_start = .
 *(.ARM.exidx*)
 .ARM.exidx     0x000045d8        0x8 c:/freescale/kds_v3/toolchain/bin/../lib/gcc/arm-none-eabi/4.8.4/../../../../arm-none-eabi/lib/armv7e-m/fpu/crt0.o
                0x000045e0                __exidx_end = .

.rel.dyn        0x000045e0        0x0
 .rel.iplt      0x00000000        0x0 c:/freescale/kds_v3/toolchain/bin/../lib/gcc/arm-none-eabi/4.8.4/armv7e-m/fpu/crtbegin.o

.ctors          0x000045e0        0x0
                0x000045e0                __CTOR_LIST__ = .
 *crtbegin.o(.ctors)
 *crtbegin?.o(.ctors)
 *(EXCLUDE_FILE(*crtend.o *crtend?.o) .ctors)
 *(SORT(.ctors.*))
 *(.ctors)
                0x000045e0                __CTOR_END__ = .

.dtors          0x000045e0        0x0
                0x000045e0                __DTOR_LIST__ = .
 *crtbegin.o(.dtors)
 *crtbegin?.o(.dtors)
 *(EXCLUDE_FILE(*crtend.o *crtend?.o) .dtors)
 *(SORT(.dtors.*))
 *(.dtors)
                0x000045e0                __DTOR_END__ = .

.preinit_array  0x000045e0        0x0
                0x000045e0                PROVIDE (__preinit_array_start, .)
 *(.preinit_array*)
                0x000045e0                PROVIDE (__preinit_array_end, .)

.init_array     0x000045e0        0x4
                0x000045e0                PROVIDE (__init_array_start, .)
 *(SORT(.init_array.*))
 *(.init_array*)
 .init_array    0x000045e0        0x4 c:/freescale/kds_v3/toolchain/bin/../lib/gcc/arm-none-eabi/4.8.4/armv7e-m/fpu/crtbegin.o
                0x000045e4                PROVIDE (__init_array_end, .)

.fini_array     0x000045e4        0x4
                0x000045e4                PROVIDE (__fini_array_start, .)
 *(SORT(.fini_array.*))
 *(.fini_array*)
 .fini_array    0x000045e4        0x4 c:/freescale/kds_v3/toolchain/bin/../lib/gcc/arm-none-eabi/4.8.4/armv7e-m/fpu/crtbegin.o
                0x000045e8                PROVIDE (__fini_array_end, .)
                0x000045e8                __etext = .
                0x000045e8                __DATA_ROM = .

.interrupts_ram
                0x1fff0000        0x0
                0x1fff0000                . = ALIGN (0x4)
                0x1fff0000                __VECTOR_RAM__ = .
                0x1fff0000                __interrupts_ram_start__ = .
 *(.m_interrupts_ram)
                0x1fff0000                . = (. + M_VECTOR_RAM_SIZE)
                0x1fff0000                . = ALIGN (0x4)
                0x1fff0000                __interrupts_ram_end__ = .
                0x00000000                __VECTOR_RAM = DEFINED (__ram_vector_table__)?__VECTOR_RAM__:ORIGIN (m_interrupts)
                0x00000000                __RAM_VECTOR_TABLE_SIZE_BYTES = DEFINED (__ram_vector_table__)?(__interrupts_ram_end__ - __interrupts_ram_start__):0x0

.data           0x1fff0000       0x74 load address 0x000045e8
                0x1fff0000                . = ALIGN (0x4)
                0x1fff0000                __DATA_RAM = .
                0x1fff0000                __data_start__ = .
 *(.data)
 *(.data*)
 .data.SystemCoreClock
                0x1fff0000        0x4 ./Project_Settings/Startup_Code/system_MK64F12.o
                0x1fff0000                SystemCoreClock
 .data.g_fastInternalRefClkFreq
                0x1fff0004        0x4 C:/Freescale/KSDK_1.3.0/lib/ksdk_platform_lib/kds/K64F12/debug/libksdk_platform.a(fsl_mcg_hal.o)
                0x1fff0004                g_fastInternalRefClkFreq
 .data.g_slowInternalRefClkFreq
                0x1fff0008        0x4 C:/Freescale/KSDK_1.3.0/lib/ksdk_platform_lib/kds/K64F12/debug/libksdk_platform.a(fsl_mcg_hal.o)
                0x1fff0008                g_slowInternalRefClkFreq
 .data.impure_data
                0x1fff000c       0x60 c:/freescale/kds_v3/toolchain/bin/../lib/gcc/arm-none-eabi/4.8.4/../../../../arm-none-eabi/lib/armv7e-m/fpu\libg_s.a(lib_a-impure.o)
 .data._impure_ptr
                0x1fff006c        0x4 c:/freescale/kds_v3/toolchain/bin/../lib/gcc/arm-none-eabi/4.8.4/../../../../arm-none-eabi/lib/armv7e-m/fpu\libg_s.a(lib_a-impure.o)
                0x1fff006c                _impure_ptr
 *(.jcr*)
 .jcr           0x1fff0070        0x0 c:/freescale/kds_v3/toolchain/bin/../lib/gcc/arm-none-eabi/4.8.4/armv7e-m/fpu/crtbegin.o
 .jcr           0x1fff0070        0x4 c:/freescale/kds_v3/toolchain/bin/../lib/gcc/arm-none-eabi/4.8.4/armv7e-m/fpu/crtend.o
                0x1fff0074                . = ALIGN (0x4)
                0x1fff0074                __data_end__ = .
                0x0000465c                __DATA_END = (__DATA_ROM + (__data_end__ - __data_start__))
                0x00100000                text_end = (ORIGIN (m_text) + 0xffbf0)
                0x00000001                ASSERT ((__DATA_END <= text_end), region m_text overflowed with text and data)

.igot.plt       0x1fff0074        0x0 load address 0x0000465c
 .igot.plt      0x00000000        0x0 c:/freescale/kds_v3/toolchain/bin/../lib/gcc/arm-none-eabi/4.8.4/armv7e-m/fpu/crtbegin.o

.bss            0x1fff0074      0x1e8 load address 0x0000465c
                0x1fff0074                . = ALIGN (0x4)
                0x1fff0074                __START_BSS = .
                0x1fff0074                __bss_start__ = .
 *(.bss)
 .bss           0x1fff0074       0x1c c:/freescale/kds_v3/toolchain/bin/../lib/gcc/arm-none-eabi/4.8.4/armv7e-m/fpu/crtbegin.o
 *(.bss*)
 .bss.id        0x1fff0090        0x4 ./p02/task.o
                0x1fff0090                id
 .bss.s_debugConsole
                0x1fff0094       0x10 ./Utilities/fsl_debug_console.o
 .bss.memPC     0x1fff00a4        0x4 ./Sources/main.o
                0x1fff00a4                memPC
 .bss.g_xtal0ClkFreq
                0x1fff00a8        0x4 C:/Freescale/KSDK_1.3.0/lib/ksdk_platform_lib/kds/K64F12/debug/libksdk_platform.a(fsl_mcg_hal.o)
                0x1fff00a8                g_xtal0ClkFreq
 .bss.g_xtalRtcClkFreq
                0x1fff00ac        0x4 C:/Freescale/KSDK_1.3.0/lib/ksdk_platform_lib/kds/K64F12/debug/libksdk_platform.a(fsl_mcg_hal.o)
                0x1fff00ac                g_xtalRtcClkFreq
 .bss.__malloc_sbrk_start
                0x1fff00b0        0x4 c:/freescale/kds_v3/toolchain/bin/../lib/gcc/arm-none-eabi/4.8.4/../../../../arm-none-eabi/lib/armv7e-m/fpu\libg_s.a(lib_a-nano-mallocr.o)
                0x1fff00b0                __malloc_sbrk_start
 .bss.__malloc_free_list
                0x1fff00b4        0x4 c:/freescale/kds_v3/toolchain/bin/../lib/gcc/arm-none-eabi/4.8.4/../../../../arm-none-eabi/lib/armv7e-m/fpu\libg_s.a(lib_a-nano-mallocr.o)
                0x1fff00b4                __malloc_free_list
 .bss.heap_end.4246
                0x1fff00b8        0x4 c:/freescale/kds_v3/toolchain/bin/../lib/gcc/arm-none-eabi/4.8.4/../../../../arm-none-eabi/lib/armv7e-m/fpu\libnosys.a(sbrk.o)
 *(COMMON)
 COMMON         0x1fff00bc       0x74 ./p02/task.o
                0x1fff00bc                tarefaAtual
                0x1fff00c0                task_main
 COMMON         0x1fff0130       0x44 ./include/ucontext.o
                0x1fff0130                r14
                0x1fff0134                r3
                0x1fff0138                r9
                0x1fff013c                r6
                0x1fff0140                r4
                0x1fff0144                r0
                0x1fff0148                r
                0x1fff014c                r10
                0x1fff0150                r8
                0x1fff0154                r7
                0x1fff0158                r11
                0x1fff015c                r2
                0x1fff0160                r12
                0x1fff0164                r15
                0x1fff0168                r5
                0x1fff016c                r1
                0x1fff0170                r13
 COMMON         0x1fff0174       0xe4 ./Sources/main.o
                0x1fff0174                flag
                0x1fff0178                Ping
                0x1fff01e8                Pong
 COMMON         0x1fff0258        0x4 c:/freescale/kds_v3/toolchain/bin/../lib/gcc/arm-none-eabi/4.8.4/../../../../arm-none-eabi/lib/armv7e-m/fpu\libg_s.a(lib_a-reent.o)
                0x1fff0258                errno
                0x1fff025c                . = ALIGN (0x4)
                0x1fff025c                __bss_end__ = .
                0x1fff025c                __END_BSS = .

.heap           0x20000000      0x400
                0x20000000                . = ALIGN (0x8)
                0x20000000                __end__ = .
                0x20000000                PROVIDE (end, .)
                0x20000000                __HeapBase = .
                0x20000400                . = (. + HEAP_SIZE)
 *fill*         0x20000000      0x400 
                0x20000400                __HeapLimit = .

.stack          0x20000400      0x400
                0x20000400                . = ALIGN (0x8)
                0x20000800                . = (. + STACK_SIZE)
 *fill*         0x20000400      0x400 
                0x20030000                __StackTop = (ORIGIN (m_data_2) + 0x30000)
                0x2002fc00                __StackLimit = (__StackTop - STACK_SIZE)
                0x20030000                PROVIDE (__stack, __StackTop)

.ARM.attributes
                0x00000000       0x30
 *(.ARM.attributes)
 .ARM.attributes
                0x00000000       0x22 c:/freescale/kds_v3/toolchain/bin/../lib/gcc/arm-none-eabi/4.8.4/armv7e-m/fpu/crti.o
 .ARM.attributes
                0x00000022       0x34 c:/freescale/kds_v3/toolchain/bin/../lib/gcc/arm-none-eabi/4.8.4/armv7e-m/fpu/crtbegin.o
 .ARM.attributes
                0x00000056       0x20 c:/freescale/kds_v3/toolchain/bin/../lib/gcc/arm-none-eabi/4.8.4/../../../../arm-none-eabi/lib/armv7e-m/fpu/crt0.o
 .ARM.attributes
                0x00000076       0x39 ./p02/task.o
 .ARM.attributes
                0x000000af       0x39 ./include/ucontext.o
 .ARM.attributes
                0x000000e8       0x39 ./Utilities/fsl_debug_console.o
 .ARM.attributes
                0x00000121       0x39 ./Sources/main.o
 .ARM.attributes
                0x0000015a       0x39 ./Project_Settings/Startup_Code/startup.o
 .ARM.attributes
                0x00000193       0x1f ./Project_Settings/Startup_Code/startup_MK64F12.o
 .ARM.attributes
                0x000001b2       0x39 ./Project_Settings/Startup_Code/system_MK64F12.o
 .ARM.attributes
                0x000001eb       0x39 ./Board/board.o
 .ARM.attributes
                0x00000224       0x39 ./Board/hardware_init.o
 .ARM.attributes
                0x0000025d       0x39 ./Board/pin_mux.o
 .ARM.attributes
                0x00000296       0x39 C:/Freescale/KSDK_1.3.0/lib/ksdk_platform_lib/kds/K64F12/debug/libksdk_platform.a(fsl_uart_hal.o)
 .ARM.attributes
                0x000002cf       0x39 C:/Freescale/KSDK_1.3.0/lib/ksdk_platform_lib/kds/K64F12/debug/libksdk_platform.a(fsl_clock_MK64F12.o)
 .ARM.attributes
                0x00000308       0x39 C:/Freescale/KSDK_1.3.0/lib/ksdk_platform_lib/kds/K64F12/debug/libksdk_platform.a(fsl_clock_manager.o)
 .ARM.attributes
                0x00000341       0x39 C:/Freescale/KSDK_1.3.0/lib/ksdk_platform_lib/kds/K64F12/debug/libksdk_platform.a(fsl_clock_manager_common.o)
 .ARM.attributes
                0x0000037a       0x39 C:/Freescale/KSDK_1.3.0/lib/ksdk_platform_lib/kds/K64F12/debug/libksdk_platform.a(fsl_sim_hal_MK64F12.o)
 .ARM.attributes
                0x000003b3       0x39 C:/Freescale/KSDK_1.3.0/lib/ksdk_platform_lib/kds/K64F12/debug/libksdk_platform.a(fsl_osc_hal.o)
 .ARM.attributes
                0x000003ec       0x39 C:/Freescale/KSDK_1.3.0/lib/ksdk_platform_lib/kds/K64F12/debug/libksdk_platform.a(fsl_mcg_hal.o)
 .ARM.attributes
                0x00000425       0x39 C:/Freescale/KSDK_1.3.0/lib/ksdk_platform_lib/kds/K64F12/debug/libksdk_platform.a(fsl_mcg_hal_modes.o)
 .ARM.attributes
                0x0000045e       0x34 c:/freescale/kds_v3/toolchain/bin/../lib/gcc/arm-none-eabi/4.8.4/../../../../arm-none-eabi/lib/armv7e-m/fpu\libg_s.a(lib_a-assert.o)
 .ARM.attributes
                0x00000492       0x34 c:/freescale/kds_v3/toolchain/bin/../lib/gcc/arm-none-eabi/4.8.4/../../../../arm-none-eabi/lib/armv7e-m/fpu\libg_s.a(lib_a-exit.o)
 .ARM.attributes
                0x000004c6       0x34 c:/freescale/kds_v3/toolchain/bin/../lib/gcc/arm-none-eabi/4.8.4/../../../../arm-none-eabi/lib/armv7e-m/fpu\libg_s.a(lib_a-fprintf.o)
 .ARM.attributes
                0x000004fa       0x34 c:/freescale/kds_v3/toolchain/bin/../lib/gcc/arm-none-eabi/4.8.4/../../../../arm-none-eabi/lib/armv7e-m/fpu\libg_s.a(lib_a-impure.o)
 .ARM.attributes
                0x0000052e       0x34 c:/freescale/kds_v3/toolchain/bin/../lib/gcc/arm-none-eabi/4.8.4/../../../../arm-none-eabi/lib/armv7e-m/fpu\libg_s.a(lib_a-init.o)
 .ARM.attributes
                0x00000562       0x34 c:/freescale/kds_v3/toolchain/bin/../lib/gcc/arm-none-eabi/4.8.4/../../../../arm-none-eabi/lib/armv7e-m/fpu\libg_s.a(lib_a-malloc.o)
 .ARM.attributes
                0x00000596       0x34 c:/freescale/kds_v3/toolchain/bin/../lib/gcc/arm-none-eabi/4.8.4/../../../../arm-none-eabi/lib/armv7e-m/fpu\libg_s.a(lib_a-memset.o)
 .ARM.attributes
                0x000005ca       0x34 c:/freescale/kds_v3/toolchain/bin/../lib/gcc/arm-none-eabi/4.8.4/../../../../arm-none-eabi/lib/armv7e-m/fpu\libg_s.a(lib_a-nano-freer.o)
 .ARM.attributes
                0x000005fe       0x34 c:/freescale/kds_v3/toolchain/bin/../lib/gcc/arm-none-eabi/4.8.4/../../../../arm-none-eabi/lib/armv7e-m/fpu\libg_s.a(lib_a-nano-mallocr.o)
 .ARM.attributes
                0x00000632       0x34 c:/freescale/kds_v3/toolchain/bin/../lib/gcc/arm-none-eabi/4.8.4/../../../../arm-none-eabi/lib/armv7e-m/fpu\libg_s.a(lib_a-perror.o)
 .ARM.attributes
                0x00000666       0x34 c:/freescale/kds_v3/toolchain/bin/../lib/gcc/arm-none-eabi/4.8.4/../../../../arm-none-eabi/lib/armv7e-m/fpu\libg_s.a(lib_a-printf.o)
 .ARM.attributes
                0x0000069a       0x34 c:/freescale/kds_v3/toolchain/bin/../lib/gcc/arm-none-eabi/4.8.4/../../../../arm-none-eabi/lib/armv7e-m/fpu\libg_s.a(lib_a-puts.o)
 .ARM.attributes
                0x000006ce       0x34 c:/freescale/kds_v3/toolchain/bin/../lib/gcc/arm-none-eabi/4.8.4/../../../../arm-none-eabi/lib/armv7e-m/fpu\libg_s.a(lib_a-sbrkr.o)
 .ARM.attributes
                0x00000702       0x34 c:/freescale/kds_v3/toolchain/bin/../lib/gcc/arm-none-eabi/4.8.4/../../../../arm-none-eabi/lib/armv7e-m/fpu\libg_s.a(lib_a-setvbuf.o)
 .ARM.attributes
                0x00000736       0x34 c:/freescale/kds_v3/toolchain/bin/../lib/gcc/arm-none-eabi/4.8.4/../../../../arm-none-eabi/lib/armv7e-m/fpu\libg_s.a(lib_a-strerror.o)
 .ARM.attributes
                0x0000076a       0x34 c:/freescale/kds_v3/toolchain/bin/../lib/gcc/arm-none-eabi/4.8.4/../../../../arm-none-eabi/lib/armv7e-m/fpu\libg_s.a(lib_a-u_strerr.o)
 .ARM.attributes
                0x0000079e       0x34 c:/freescale/kds_v3/toolchain/bin/../lib/gcc/arm-none-eabi/4.8.4/../../../../arm-none-eabi/lib/armv7e-m/fpu\libg_s.a(lib_a-vfprintf.o)
 .ARM.attributes
                0x000007d2       0x34 c:/freescale/kds_v3/toolchain/bin/../lib/gcc/arm-none-eabi/4.8.4/../../../../arm-none-eabi/lib/armv7e-m/fpu\libg_s.a(lib_a-vfprintf_i.o)
 .ARM.attributes
                0x00000806       0x34 c:/freescale/kds_v3/toolchain/bin/../lib/gcc/arm-none-eabi/4.8.4/../../../../arm-none-eabi/lib/armv7e-m/fpu\libg_s.a(lib_a-wbuf.o)
 .ARM.attributes
                0x0000083a       0x34 c:/freescale/kds_v3/toolchain/bin/../lib/gcc/arm-none-eabi/4.8.4/../../../../arm-none-eabi/lib/armv7e-m/fpu\libg_s.a(lib_a-wsetup.o)
 .ARM.attributes
                0x0000086e       0x34 c:/freescale/kds_v3/toolchain/bin/../lib/gcc/arm-none-eabi/4.8.4/../../../../arm-none-eabi/lib/armv7e-m/fpu\libg_s.a(lib_a-abort.o)
 .ARM.attributes
                0x000008a2       0x34 c:/freescale/kds_v3/toolchain/bin/../lib/gcc/arm-none-eabi/4.8.4/../../../../arm-none-eabi/lib/armv7e-m/fpu\libg_s.a(lib_a-fflush.o)
 .ARM.attributes
                0x000008d6       0x34 c:/freescale/kds_v3/toolchain/bin/../lib/gcc/arm-none-eabi/4.8.4/../../../../arm-none-eabi/lib/armv7e-m/fpu\libg_s.a(lib_a-findfp.o)
 .ARM.attributes
                0x0000090a       0x34 c:/freescale/kds_v3/toolchain/bin/../lib/gcc/arm-none-eabi/4.8.4/../../../../arm-none-eabi/lib/armv7e-m/fpu\libg_s.a(lib_a-fputc.o)
 .ARM.attributes
                0x0000093e       0x34 c:/freescale/kds_v3/toolchain/bin/../lib/gcc/arm-none-eabi/4.8.4/../../../../arm-none-eabi/lib/armv7e-m/fpu\libg_s.a(lib_a-fputs.o)
 .ARM.attributes
                0x00000972       0x34 c:/freescale/kds_v3/toolchain/bin/../lib/gcc/arm-none-eabi/4.8.4/../../../../arm-none-eabi/lib/armv7e-m/fpu\libg_s.a(lib_a-makebuf.o)
 .ARM.attributes
                0x000009a6       0x34 c:/freescale/kds_v3/toolchain/bin/../lib/gcc/arm-none-eabi/4.8.4/../../../../arm-none-eabi/lib/armv7e-m/fpu\libg_s.a(lib_a-memchr-stub.o)
 .ARM.attributes
                0x000009da       0x34 c:/freescale/kds_v3/toolchain/bin/../lib/gcc/arm-none-eabi/4.8.4/../../../../arm-none-eabi/lib/armv7e-m/fpu\libg_s.a(lib_a-putc.o)
 .ARM.attributes
                0x00000a0e       0x34 c:/freescale/kds_v3/toolchain/bin/../lib/gcc/arm-none-eabi/4.8.4/../../../../arm-none-eabi/lib/armv7e-m/fpu\libg_s.a(lib_a-reent.o)
 .ARM.attributes
                0x00000a42       0x34 c:/freescale/kds_v3/toolchain/bin/../lib/gcc/arm-none-eabi/4.8.4/../../../../arm-none-eabi/lib/armv7e-m/fpu\libg_s.a(lib_a-signal.o)
 .ARM.attributes
                0x00000a76       0x34 c:/freescale/kds_v3/toolchain/bin/../lib/gcc/arm-none-eabi/4.8.4/../../../../arm-none-eabi/lib/armv7e-m/fpu\libg_s.a(lib_a-signalr.o)
 .ARM.attributes
                0x00000aaa       0x34 c:/freescale/kds_v3/toolchain/bin/../lib/gcc/arm-none-eabi/4.8.4/../../../../arm-none-eabi/lib/armv7e-m/fpu\libg_s.a(lib_a-stdio.o)
 .ARM.attributes
                0x00000ade       0x34 c:/freescale/kds_v3/toolchain/bin/../lib/gcc/arm-none-eabi/4.8.4/../../../../arm-none-eabi/lib/armv7e-m/fpu\libg_s.a(lib_a-strlen.o)
 .ARM.attributes
                0x00000b12       0x34 c:/freescale/kds_v3/toolchain/bin/../lib/gcc/arm-none-eabi/4.8.4/../../../../arm-none-eabi/lib/armv7e-m/fpu\libg_s.a(lib_a-writer.o)
 .ARM.attributes
                0x00000b46       0x34 c:/freescale/kds_v3/toolchain/bin/../lib/gcc/arm-none-eabi/4.8.4/../../../../arm-none-eabi/lib/armv7e-m/fpu\libg_s.a(lib_a-closer.o)
 .ARM.attributes
                0x00000b7a       0x34 c:/freescale/kds_v3/toolchain/bin/../lib/gcc/arm-none-eabi/4.8.4/../../../../arm-none-eabi/lib/armv7e-m/fpu\libg_s.a(lib_a-fstatr.o)
 .ARM.attributes
                0x00000bae       0x34 c:/freescale/kds_v3/toolchain/bin/../lib/gcc/arm-none-eabi/4.8.4/../../../../arm-none-eabi/lib/armv7e-m/fpu\libg_s.a(lib_a-isattyr.o)
 .ARM.attributes
                0x00000be2       0x34 c:/freescale/kds_v3/toolchain/bin/../lib/gcc/arm-none-eabi/4.8.4/../../../../arm-none-eabi/lib/armv7e-m/fpu\libg_s.a(lib_a-lseekr.o)
 .ARM.attributes
                0x00000c16       0x34 c:/freescale/kds_v3/toolchain/bin/../lib/gcc/arm-none-eabi/4.8.4/../../../../arm-none-eabi/lib/armv7e-m/fpu\libg_s.a(lib_a-readr.o)
 .ARM.attributes
                0x00000c4a       0x34 c:/freescale/kds_v3/toolchain/bin/../lib/gcc/arm-none-eabi/4.8.4/../../../../arm-none-eabi/lib/armv7e-m/fpu\libnosys.a(close.o)
 .ARM.attributes
                0x00000c7e       0x34 c:/freescale/kds_v3/toolchain/bin/../lib/gcc/arm-none-eabi/4.8.4/../../../../arm-none-eabi/lib/armv7e-m/fpu\libnosys.a(fstat.o)
 .ARM.attributes
                0x00000cb2       0x34 c:/freescale/kds_v3/toolchain/bin/../lib/gcc/arm-none-eabi/4.8.4/../../../../arm-none-eabi/lib/armv7e-m/fpu\libnosys.a(getpid.o)
 .ARM.attributes
                0x00000ce6       0x34 c:/freescale/kds_v3/toolchain/bin/../lib/gcc/arm-none-eabi/4.8.4/../../../../arm-none-eabi/lib/armv7e-m/fpu\libnosys.a(isatty.o)
 .ARM.attributes
                0x00000d1a       0x34 c:/freescale/kds_v3/toolchain/bin/../lib/gcc/arm-none-eabi/4.8.4/../../../../arm-none-eabi/lib/armv7e-m/fpu\libnosys.a(kill.o)
 .ARM.attributes
                0x00000d4e       0x34 c:/freescale/kds_v3/toolchain/bin/../lib/gcc/arm-none-eabi/4.8.4/../../../../arm-none-eabi/lib/armv7e-m/fpu\libnosys.a(lseek.o)
 .ARM.attributes
                0x00000d82       0x34 c:/freescale/kds_v3/toolchain/bin/../lib/gcc/arm-none-eabi/4.8.4/../../../../arm-none-eabi/lib/armv7e-m/fpu\libnosys.a(sbrk.o)
 .ARM.attributes
                0x00000db6       0x34 c:/freescale/kds_v3/toolchain/bin/../lib/gcc/arm-none-eabi/4.8.4/../../../../arm-none-eabi/lib/armv7e-m/fpu\libnosys.a(_exit.o)
 .ARM.attributes
                0x00000dea       0x34 c:/freescale/kds_v3/toolchain/bin/../lib/gcc/arm-none-eabi/4.8.4/armv7e-m/fpu/crtend.o
 .ARM.attributes
                0x00000e1e       0x22 c:/freescale/kds_v3/toolchain/bin/../lib/gcc/arm-none-eabi/4.8.4/armv7e-m/fpu/crtn.o
                0x00000001                ASSERT ((__StackLimit >= __HeapLimit), region m_data_2 overflowed with stack and heap)
OUTPUT(PingPongOS.elf elf32-littlearm)

.debug_info     0x00000000     0xa1d4
 .debug_info    0x00000000      0xb6d ./p02/task.o
 .debug_info    0x00000b6d      0x3e4 ./include/ucontext.o
 .debug_info    0x00000f51      0x932 ./Utilities/fsl_debug_console.o
 .debug_info    0x00001883      0x726 ./Sources/main.o
 .debug_info    0x00001fa9      0x3a7 ./Project_Settings/Startup_Code/startup.o
 .debug_info    0x00002350       0x8c ./Project_Settings/Startup_Code/startup_MK64F12.o
 .debug_info    0x000023dc      0x610 ./Project_Settings/Startup_Code/system_MK64F12.o
 .debug_info    0x000029ec      0xa06 ./Board/board.o
 .debug_info    0x000033f2      0x12a ./Board/hardware_init.o
 .debug_info    0x0000351c      0x699 ./Board/pin_mux.o
 .debug_info    0x00003bb5      0xe9a C:/Freescale/KSDK_1.3.0/lib/ksdk_platform_lib/kds/K64F12/debug/libksdk_platform.a(fsl_uart_hal.o)
 .debug_info    0x00004a4f     0x19b8 C:/Freescale/KSDK_1.3.0/lib/ksdk_platform_lib/kds/K64F12/debug/libksdk_platform.a(fsl_clock_MK64F12.o)
 .debug_info    0x00006407     0x16f7 C:/Freescale/KSDK_1.3.0/lib/ksdk_platform_lib/kds/K64F12/debug/libksdk_platform.a(fsl_clock_manager.o)
 .debug_info    0x00007afe      0x439 C:/Freescale/KSDK_1.3.0/lib/ksdk_platform_lib/kds/K64F12/debug/libksdk_platform.a(fsl_clock_manager_common.o)
 .debug_info    0x00007f37      0xcde C:/Freescale/KSDK_1.3.0/lib/ksdk_platform_lib/kds/K64F12/debug/libksdk_platform.a(fsl_sim_hal_MK64F12.o)
 .debug_info    0x00008c15      0x10b C:/Freescale/KSDK_1.3.0/lib/ksdk_platform_lib/kds/K64F12/debug/libksdk_platform.a(fsl_osc_hal.o)
 .debug_info    0x00008d20      0xc5c C:/Freescale/KSDK_1.3.0/lib/ksdk_platform_lib/kds/K64F12/debug/libksdk_platform.a(fsl_mcg_hal.o)
 .debug_info    0x0000997c      0x858 C:/Freescale/KSDK_1.3.0/lib/ksdk_platform_lib/kds/K64F12/debug/libksdk_platform.a(fsl_mcg_hal_modes.o)

.debug_abbrev   0x00000000     0x1c21
 .debug_abbrev  0x00000000      0x23a ./p02/task.o
 .debug_abbrev  0x0000023a       0xf3 ./include/ucontext.o
 .debug_abbrev  0x0000032d      0x25a ./Utilities/fsl_debug_console.o
 .debug_abbrev  0x00000587      0x1c7 ./Sources/main.o
 .debug_abbrev  0x0000074e       0xfa ./Project_Settings/Startup_Code/startup.o
 .debug_abbrev  0x00000848       0x14 ./Project_Settings/Startup_Code/startup_MK64F12.o
 .debug_abbrev  0x0000085c      0x11a ./Project_Settings/Startup_Code/system_MK64F12.o
 .debug_abbrev  0x00000976      0x1f6 ./Board/board.o
 .debug_abbrev  0x00000b6c       0x8d ./Board/hardware_init.o
 .debug_abbrev  0x00000bf9      0x14a ./Board/pin_mux.o
 .debug_abbrev  0x00000d43      0x225 C:/Freescale/KSDK_1.3.0/lib/ksdk_platform_lib/kds/K64F12/debug/libksdk_platform.a(fsl_uart_hal.o)
 .debug_abbrev  0x00000f68      0x2f3 C:/Freescale/KSDK_1.3.0/lib/ksdk_platform_lib/kds/K64F12/debug/libksdk_platform.a(fsl_clock_MK64F12.o)
 .debug_abbrev  0x0000125b      0x2af C:/Freescale/KSDK_1.3.0/lib/ksdk_platform_lib/kds/K64F12/debug/libksdk_platform.a(fsl_clock_manager.o)
 .debug_abbrev  0x0000150a       0xec C:/Freescale/KSDK_1.3.0/lib/ksdk_platform_lib/kds/K64F12/debug/libksdk_platform.a(fsl_clock_manager_common.o)
 .debug_abbrev  0x000015f6      0x1a8 C:/Freescale/KSDK_1.3.0/lib/ksdk_platform_lib/kds/K64F12/debug/libksdk_platform.a(fsl_sim_hal_MK64F12.o)
 .debug_abbrev  0x0000179e       0xaa C:/Freescale/KSDK_1.3.0/lib/ksdk_platform_lib/kds/K64F12/debug/libksdk_platform.a(fsl_osc_hal.o)
 .debug_abbrev  0x00001848      0x245 C:/Freescale/KSDK_1.3.0/lib/ksdk_platform_lib/kds/K64F12/debug/libksdk_platform.a(fsl_mcg_hal.o)
 .debug_abbrev  0x00001a8d      0x194 C:/Freescale/KSDK_1.3.0/lib/ksdk_platform_lib/kds/K64F12/debug/libksdk_platform.a(fsl_mcg_hal_modes.o)

.debug_aranges  0x00000000      0xa18
 .debug_aranges
                0x00000000       0x40 ./p02/task.o
 .debug_aranges
                0x00000040       0x38 ./include/ucontext.o
 .debug_aranges
                0x00000078       0x80 ./Utilities/fsl_debug_console.o
 .debug_aranges
                0x000000f8       0x50 ./Sources/main.o
 .debug_aranges
                0x00000148       0x20 ./Project_Settings/Startup_Code/startup.o
 .debug_aranges
                0x00000168       0x20 ./Project_Settings/Startup_Code/startup_MK64F12.o
 .debug_aranges
                0x00000188       0x28 ./Project_Settings/Startup_Code/system_MK64F12.o
 .debug_aranges
                0x000001b0       0x60 ./Board/board.o
 .debug_aranges
                0x00000210       0x20 ./Board/hardware_init.o
 .debug_aranges
                0x00000230       0xa8 ./Board/pin_mux.o
 .debug_aranges
                0x000002d8      0x130 C:/Freescale/KSDK_1.3.0/lib/ksdk_platform_lib/kds/K64F12/debug/libksdk_platform.a(fsl_uart_hal.o)
 .debug_aranges
                0x00000408      0x230 C:/Freescale/KSDK_1.3.0/lib/ksdk_platform_lib/kds/K64F12/debug/libksdk_platform.a(fsl_clock_MK64F12.o)
 .debug_aranges
                0x00000638      0x148 C:/Freescale/KSDK_1.3.0/lib/ksdk_platform_lib/kds/K64F12/debug/libksdk_platform.a(fsl_clock_manager.o)
 .debug_aranges
                0x00000780       0x18 C:/Freescale/KSDK_1.3.0/lib/ksdk_platform_lib/kds/K64F12/debug/libksdk_platform.a(fsl_clock_manager_common.o)
 .debug_aranges
                0x00000798       0xd0 C:/Freescale/KSDK_1.3.0/lib/ksdk_platform_lib/kds/K64F12/debug/libksdk_platform.a(fsl_sim_hal_MK64F12.o)
 .debug_aranges
                0x00000868       0x20 C:/Freescale/KSDK_1.3.0/lib/ksdk_platform_lib/kds/K64F12/debug/libksdk_platform.a(fsl_osc_hal.o)
 .debug_aranges
                0x00000888       0xf8 C:/Freescale/KSDK_1.3.0/lib/ksdk_platform_lib/kds/K64F12/debug/libksdk_platform.a(fsl_mcg_hal.o)
 .debug_aranges
                0x00000980       0x98 C:/Freescale/KSDK_1.3.0/lib/ksdk_platform_lib/kds/K64F12/debug/libksdk_platform.a(fsl_mcg_hal_modes.o)

.debug_ranges   0x00000000      0x8e0
 .debug_ranges  0x00000000       0x30 ./p02/task.o
 .debug_ranges  0x00000030       0x28 ./include/ucontext.o
 .debug_ranges  0x00000058       0x70 ./Utilities/fsl_debug_console.o
 .debug_ranges  0x000000c8       0x40 ./Sources/main.o
 .debug_ranges  0x00000108       0x10 ./Project_Settings/Startup_Code/startup.o
 .debug_ranges  0x00000118       0x18 ./Project_Settings/Startup_Code/system_MK64F12.o
 .debug_ranges  0x00000130       0x50 ./Board/board.o
 .debug_ranges  0x00000180       0x10 ./Board/hardware_init.o
 .debug_ranges  0x00000190       0x98 ./Board/pin_mux.o
 .debug_ranges  0x00000228      0x120 C:/Freescale/KSDK_1.3.0/lib/ksdk_platform_lib/kds/K64F12/debug/libksdk_platform.a(fsl_uart_hal.o)
 .debug_ranges  0x00000348      0x220 C:/Freescale/KSDK_1.3.0/lib/ksdk_platform_lib/kds/K64F12/debug/libksdk_platform.a(fsl_clock_MK64F12.o)
 .debug_ranges  0x00000568      0x138 C:/Freescale/KSDK_1.3.0/lib/ksdk_platform_lib/kds/K64F12/debug/libksdk_platform.a(fsl_clock_manager.o)
 .debug_ranges  0x000006a0       0xc0 C:/Freescale/KSDK_1.3.0/lib/ksdk_platform_lib/kds/K64F12/debug/libksdk_platform.a(fsl_sim_hal_MK64F12.o)
 .debug_ranges  0x00000760       0x10 C:/Freescale/KSDK_1.3.0/lib/ksdk_platform_lib/kds/K64F12/debug/libksdk_platform.a(fsl_osc_hal.o)
 .debug_ranges  0x00000770       0xe8 C:/Freescale/KSDK_1.3.0/lib/ksdk_platform_lib/kds/K64F12/debug/libksdk_platform.a(fsl_mcg_hal.o)
 .debug_ranges  0x00000858       0x88 C:/Freescale/KSDK_1.3.0/lib/ksdk_platform_lib/kds/K64F12/debug/libksdk_platform.a(fsl_mcg_hal_modes.o)

.debug_macro    0x00000000    0x3285d
 .debug_macro   0x00000000      0x133 ./p02/task.o
 .debug_macro   0x00000133      0x85c ./p02/task.o
 .debug_macro   0x0000098f       0x22 ./p02/task.o
 .debug_macro   0x000009b1       0x58 ./p02/task.o
 .debug_macro   0x00000a09       0x16 ./p02/task.o
 .debug_macro   0x00000a1f       0x35 ./p02/task.o
 .debug_macro   0x00000a54       0xa3 ./p02/task.o
 .debug_macro   0x00000af7       0x16 ./p02/task.o
 .debug_macro   0x00000b0d       0x97 ./p02/task.o
 .debug_macro   0x00000ba4       0x10 ./p02/task.o
 .debug_macro   0x00000bb4       0xef ./p02/task.o
 .debug_macro   0x00000ca3       0x4a ./p02/task.o
 .debug_macro   0x00000ced       0x52 ./p02/task.o
 .debug_macro   0x00000d3f       0x16 ./p02/task.o
 .debug_macro   0x00000d55       0x43 ./p02/task.o
 .debug_macro   0x00000d98      0x180 ./p02/task.o
 .debug_macro   0x00000f18       0x10 ./p02/task.o
 .debug_macro   0x00000f28       0x22 ./p02/task.o
 .debug_macro   0x00000f4a       0xbd ./p02/task.o
 .debug_macro   0x00001007       0x16 ./p02/task.o
 .debug_macro   0x0000101d      0x14a ./p02/task.o
 .debug_macro   0x00001167       0x16 ./p02/task.o
 .debug_macro   0x0000117d       0x35 ./p02/task.o
 .debug_macro   0x000011b2       0x22 ./p02/task.o
 .debug_macro   0x000011d4       0x24 ./include/ucontext.o
 .debug_macro   0x000011f8      0x2c8 ./Utilities/fsl_debug_console.o
 .debug_macro   0x000014c0       0x58 ./Utilities/fsl_debug_console.o
 .debug_macro   0x00001518       0x11 ./Utilities/fsl_debug_console.o
 .debug_macro   0x00001529       0x16 ./Utilities/fsl_debug_console.o
 .debug_macro   0x0000153f      0x20f ./Utilities/fsl_debug_console.o
 .debug_macro   0x0000174e       0x56 ./Utilities/fsl_debug_console.o
 .debug_macro   0x000017a4       0x3b ./Utilities/fsl_debug_console.o
 .debug_macro   0x000017df       0x34 ./Utilities/fsl_debug_console.o
 .debug_macro   0x00001813       0x26 ./Utilities/fsl_debug_console.o
 .debug_macro   0x00001839      0xd1d ./Utilities/fsl_debug_console.o
 .debug_macro   0x00002556       0x78 ./Utilities/fsl_debug_console.o
 .debug_macro   0x000025ce    0x1773b ./Utilities/fsl_debug_console.o
 .debug_macro   0x00019d09       0x1c ./Utilities/fsl_debug_console.o
 .debug_macro   0x00019d25    0x16273 ./Utilities/fsl_debug_console.o
 .debug_macro   0x0002ff98     0x1182 ./Utilities/fsl_debug_console.o
 .debug_macro   0x0003111a       0x22 ./Utilities/fsl_debug_console.o
 .debug_macro   0x0003113c       0x44 ./Utilities/fsl_debug_console.o
 .debug_macro   0x00031180       0x22 ./Utilities/fsl_debug_console.o
 .debug_macro   0x000311a2       0x10 ./Utilities/fsl_debug_console.o
 .debug_macro   0x000311b2       0x11 ./Utilities/fsl_debug_console.o
 .debug_macro   0x000311c3       0x1c ./Utilities/fsl_debug_console.o
 .debug_macro   0x000311df      0x2a6 ./Utilities/fsl_debug_console.o
 .debug_macro   0x00031485       0x10 ./Utilities/fsl_debug_console.o
 .debug_macro   0x00031495      0x2de ./Sources/main.o
 .debug_macro   0x00031773       0x44 ./Sources/main.o
 .debug_macro   0x000317b7      0x209 ./Sources/main.o
 .debug_macro   0x000319c0      0x10e ./Sources/main.o
 .debug_macro   0x00031ace       0x7f ./Sources/main.o
 .debug_macro   0x00031b4d       0x68 ./Sources/main.o
 .debug_macro   0x00031bb5       0x22 ./Sources/main.o
 .debug_macro   0x00031bd7      0x2a4 ./Sources/main.o
 .debug_macro   0x00031e7b       0x1c ./Sources/main.o
 .debug_macro   0x00031e97      0x17a ./Project_Settings/Startup_Code/startup.o
 .debug_macro   0x00032011       0x16 ./Project_Settings/Startup_Code/startup.o
 .debug_macro   0x00032027      0x16b ./Project_Settings/Startup_Code/system_MK64F12.o
 .debug_macro   0x00032192      0x291 ./Board/board.o
 .debug_macro   0x00032423       0x10 ./Board/board.o
 .debug_macro   0x00032433      0x277 ./Board/hardware_init.o
 .debug_macro   0x000326aa      0x1b3 ./Board/pin_mux.o

.debug_line     0x00000000     0x54ce
 .debug_line    0x00000000      0x2fe ./p02/task.o
 .debug_line    0x000002fe      0x115 ./include/ucontext.o
 .debug_line    0x00000413      0x7d6 ./Utilities/fsl_debug_console.o
 .debug_line    0x00000be9      0x750 ./Sources/main.o
 .debug_line    0x00001339      0x396 ./Project_Settings/Startup_Code/startup.o
 .debug_line    0x000016cf       0x6a ./Project_Settings/Startup_Code/startup_MK64F12.o
 .debug_line    0x00001739      0x3c9 ./Project_Settings/Startup_Code/system_MK64F12.o
 .debug_line    0x00001b02      0x6d0 ./Board/board.o
 .debug_line    0x000021d2      0x60a ./Board/hardware_init.o
 .debug_line    0x000027dc      0x624 ./Board/pin_mux.o
 .debug_line    0x00002e00      0x62c C:/Freescale/KSDK_1.3.0/lib/ksdk_platform_lib/kds/K64F12/debug/libksdk_platform.a(fsl_uart_hal.o)
 .debug_line    0x0000342c      0x913 C:/Freescale/KSDK_1.3.0/lib/ksdk_platform_lib/kds/K64F12/debug/libksdk_platform.a(fsl_clock_MK64F12.o)
 .debug_line    0x00003d3f      0x751 C:/Freescale/KSDK_1.3.0/lib/ksdk_platform_lib/kds/K64F12/debug/libksdk_platform.a(fsl_clock_manager.o)
 .debug_line    0x00004490      0x1b0 C:/Freescale/KSDK_1.3.0/lib/ksdk_platform_lib/kds/K64F12/debug/libksdk_platform.a(fsl_clock_manager_common.o)
 .debug_line    0x00004640      0x4dd C:/Freescale/KSDK_1.3.0/lib/ksdk_platform_lib/kds/K64F12/debug/libksdk_platform.a(fsl_sim_hal_MK64F12.o)
 .debug_line    0x00004b1d      0x12f C:/Freescale/KSDK_1.3.0/lib/ksdk_platform_lib/kds/K64F12/debug/libksdk_platform.a(fsl_osc_hal.o)
 .debug_line    0x00004c4c      0x4a9 C:/Freescale/KSDK_1.3.0/lib/ksdk_platform_lib/kds/K64F12/debug/libksdk_platform.a(fsl_mcg_hal.o)
 .debug_line    0x000050f5      0x3d9 C:/Freescale/KSDK_1.3.0/lib/ksdk_platform_lib/kds/K64F12/debug/libksdk_platform.a(fsl_mcg_hal_modes.o)

.debug_str      0x00000000   0x1a450d
 .debug_str     0x00000000     0x4af9 ./p02/task.o
                               0x4c4d (size before relaxing)
 .debug_str     0x00004af9       0x65 ./include/ucontext.o
                               0x261e (size before relaxing)
 .debug_str     0x00004b5e   0x19a780 ./Utilities/fsl_debug_console.o
                             0x19f033 (size before relaxing)
 .debug_str     0x0019f2de      0xe81 ./Sources/main.o
                             0x19e833 (size before relaxing)
 .debug_str     0x001a015f      0x15e ./Project_Settings/Startup_Code/startup.o
                             0x19caff (size before relaxing)
 .debug_str     0x001a02bd      0x19c ./Project_Settings/Startup_Code/system_MK64F12.o
                             0x19cbba (size before relaxing)
 .debug_str     0x001a0459      0x8b8 ./Board/board.o
                             0x19e72c (size before relaxing)
 .debug_str     0x001a0d11       0x27 ./Board/hardware_init.o
                             0x19dd68 (size before relaxing)
 .debug_str     0x001a0d38      0x1f6 ./Board/pin_mux.o
                             0x19ce8b (size before relaxing)
 .debug_str     0x001a0f2e      0xb07 C:/Freescale/KSDK_1.3.0/lib/ksdk_platform_lib/kds/K64F12/debug/libksdk_platform.a(fsl_uart_hal.o)
                                0xea9 (size before relaxing)
 .debug_str     0x001a1a35     0x119f C:/Freescale/KSDK_1.3.0/lib/ksdk_platform_lib/kds/K64F12/debug/libksdk_platform.a(fsl_clock_MK64F12.o)
                               0x1957 (size before relaxing)
 .debug_str     0x001a2bd4      0xb07 C:/Freescale/KSDK_1.3.0/lib/ksdk_platform_lib/kds/K64F12/debug/libksdk_platform.a(fsl_clock_manager.o)
                               0x188c (size before relaxing)
 .debug_str     0x001a36db       0x61 C:/Freescale/KSDK_1.3.0/lib/ksdk_platform_lib/kds/K64F12/debug/libksdk_platform.a(fsl_clock_manager_common.o)
                                0x39e (size before relaxing)
 .debug_str     0x001a373c      0x625 C:/Freescale/KSDK_1.3.0/lib/ksdk_platform_lib/kds/K64F12/debug/libksdk_platform.a(fsl_sim_hal_MK64F12.o)
                                0x98e (size before relaxing)
 .debug_str     0x001a3d61       0x58 C:/Freescale/KSDK_1.3.0/lib/ksdk_platform_lib/kds/K64F12/debug/libksdk_platform.a(fsl_osc_hal.o)
                                0x267 (size before relaxing)
 .debug_str     0x001a3db9      0x5ef C:/Freescale/KSDK_1.3.0/lib/ksdk_platform_lib/kds/K64F12/debug/libksdk_platform.a(fsl_mcg_hal.o)
                                0xbbb (size before relaxing)
 .debug_str     0x001a43a8      0x165 C:/Freescale/KSDK_1.3.0/lib/ksdk_platform_lib/kds/K64F12/debug/libksdk_platform.a(fsl_mcg_hal_modes.o)
                                0x916 (size before relaxing)

.comment        0x00000000       0x70
 .comment       0x00000000       0x70 ./p02/task.o
                                 0x71 (size before relaxing)
 .comment       0x00000000       0x71 ./include/ucontext.o
 .comment       0x00000000       0x71 ./Utilities/fsl_debug_console.o
 .comment       0x00000000       0x71 ./Sources/main.o
 .comment       0x00000000       0x71 ./Project_Settings/Startup_Code/startup.o
 .comment       0x00000000       0x71 ./Project_Settings/Startup_Code/system_MK64F12.o
 .comment       0x00000000       0x71 ./Board/board.o
 .comment       0x00000000       0x71 ./Board/hardware_init.o
 .comment       0x00000000       0x71 ./Board/pin_mux.o
 .comment       0x00000000       0x71 C:/Freescale/KSDK_1.3.0/lib/ksdk_platform_lib/kds/K64F12/debug/libksdk_platform.a(fsl_uart_hal.o)
 .comment       0x00000000       0x71 C:/Freescale/KSDK_1.3.0/lib/ksdk_platform_lib/kds/K64F12/debug/libksdk_platform.a(fsl_clock_MK64F12.o)
 .comment       0x00000000       0x71 C:/Freescale/KSDK_1.3.0/lib/ksdk_platform_lib/kds/K64F12/debug/libksdk_platform.a(fsl_clock_manager.o)
 .comment       0x00000000       0x71 C:/Freescale/KSDK_1.3.0/lib/ksdk_platform_lib/kds/K64F12/debug/libksdk_platform.a(fsl_clock_manager_common.o)
 .comment       0x00000000       0x71 C:/Freescale/KSDK_1.3.0/lib/ksdk_platform_lib/kds/K64F12/debug/libksdk_platform.a(fsl_sim_hal_MK64F12.o)
 .comment       0x00000000       0x71 C:/Freescale/KSDK_1.3.0/lib/ksdk_platform_lib/kds/K64F12/debug/libksdk_platform.a(fsl_osc_hal.o)
 .comment       0x00000000       0x71 C:/Freescale/KSDK_1.3.0/lib/ksdk_platform_lib/kds/K64F12/debug/libksdk_platform.a(fsl_mcg_hal.o)
 .comment       0x00000000       0x71 C:/Freescale/KSDK_1.3.0/lib/ksdk_platform_lib/kds/K64F12/debug/libksdk_platform.a(fsl_mcg_hal_modes.o)

.debug_frame    0x00000000     0x2bcc
 .debug_frame   0x00000000       0xa8 ./p02/task.o
 .debug_frame   0x000000a8       0x84 ./include/ucontext.o
 .debug_frame   0x0000012c      0x1b4 ./Utilities/fsl_debug_console.o
 .debug_frame   0x000002e0       0xe0 ./Sources/main.o
 .debug_frame   0x000003c0       0x2c ./Project_Settings/Startup_Code/startup.o
 .debug_frame   0x000003ec       0x44 ./Project_Settings/Startup_Code/system_MK64F12.o
 .debug_frame   0x00000430      0x120 ./Board/board.o
 .debug_frame   0x00000550       0x2c ./Board/hardware_init.o
 .debug_frame   0x0000057c      0x250 ./Board/pin_mux.o
 .debug_frame   0x000007cc      0x3f4 C:/Freescale/KSDK_1.3.0/lib/ksdk_platform_lib/kds/K64F12/debug/libksdk_platform.a(fsl_uart_hal.o)
 .debug_frame   0x00000bc0      0x80c C:/Freescale/KSDK_1.3.0/lib/ksdk_platform_lib/kds/K64F12/debug/libksdk_platform.a(fsl_clock_MK64F12.o)
 .debug_frame   0x000013cc      0x46c C:/Freescale/KSDK_1.3.0/lib/ksdk_platform_lib/kds/K64F12/debug/libksdk_platform.a(fsl_clock_manager.o)
 .debug_frame   0x00001838      0x2e0 C:/Freescale/KSDK_1.3.0/lib/ksdk_platform_lib/kds/K64F12/debug/libksdk_platform.a(fsl_sim_hal_MK64F12.o)
 .debug_frame   0x00001b18       0x2c C:/Freescale/KSDK_1.3.0/lib/ksdk_platform_lib/kds/K64F12/debug/libksdk_platform.a(fsl_osc_hal.o)
 .debug_frame   0x00001b44      0x350 C:/Freescale/KSDK_1.3.0/lib/ksdk_platform_lib/kds/K64F12/debug/libksdk_platform.a(fsl_mcg_hal.o)
 .debug_frame   0x00001e94      0x1f4 C:/Freescale/KSDK_1.3.0/lib/ksdk_platform_lib/kds/K64F12/debug/libksdk_platform.a(fsl_mcg_hal_modes.o)
 .debug_frame   0x00002088       0x48 c:/freescale/kds_v3/toolchain/bin/../lib/gcc/arm-none-eabi/4.8.4/../../../../arm-none-eabi/lib/armv7e-m/fpu\libg_s.a(lib_a-assert.o)
 .debug_frame   0x000020d0       0x28 c:/freescale/kds_v3/toolchain/bin/../lib/gcc/arm-none-eabi/4.8.4/../../../../arm-none-eabi/lib/armv7e-m/fpu\libg_s.a(lib_a-exit.o)
 .debug_frame   0x000020f8       0x58 c:/freescale/kds_v3/toolchain/bin/../lib/gcc/arm-none-eabi/4.8.4/../../../../arm-none-eabi/lib/armv7e-m/fpu\libg_s.a(lib_a-fprintf.o)
 .debug_frame   0x00002150       0x2c c:/freescale/kds_v3/toolchain/bin/../lib/gcc/arm-none-eabi/4.8.4/../../../../arm-none-eabi/lib/armv7e-m/fpu\libg_s.a(lib_a-init.o)
 .debug_frame   0x0000217c       0x30 c:/freescale/kds_v3/toolchain/bin/../lib/gcc/arm-none-eabi/4.8.4/../../../../arm-none-eabi/lib/armv7e-m/fpu\libg_s.a(lib_a-malloc.o)
 .debug_frame   0x000021ac       0x20 c:/freescale/kds_v3/toolchain/bin/../lib/gcc/arm-none-eabi/4.8.4/../../../../arm-none-eabi/lib/armv7e-m/fpu\libg_s.a(lib_a-memset.o)
 .debug_frame   0x000021cc       0x2c c:/freescale/kds_v3/toolchain/bin/../lib/gcc/arm-none-eabi/4.8.4/../../../../arm-none-eabi/lib/armv7e-m/fpu\libg_s.a(lib_a-nano-freer.o)
 .debug_frame   0x000021f8       0x2c c:/freescale/kds_v3/toolchain/bin/../lib/gcc/arm-none-eabi/4.8.4/../../../../arm-none-eabi/lib/armv7e-m/fpu\libg_s.a(lib_a-nano-mallocr.o)
 .debug_frame   0x00002224       0x40 c:/freescale/kds_v3/toolchain/bin/../lib/gcc/arm-none-eabi/4.8.4/../../../../arm-none-eabi/lib/armv7e-m/fpu\libg_s.a(lib_a-perror.o)
 .debug_frame   0x00002264       0x60 c:/freescale/kds_v3/toolchain/bin/../lib/gcc/arm-none-eabi/4.8.4/../../../../arm-none-eabi/lib/armv7e-m/fpu\libg_s.a(lib_a-printf.o)
 .debug_frame   0x000022c4       0x3c c:/freescale/kds_v3/toolchain/bin/../lib/gcc/arm-none-eabi/4.8.4/../../../../arm-none-eabi/lib/armv7e-m/fpu\libg_s.a(lib_a-puts.o)
 .debug_frame   0x00002300       0x2c c:/freescale/kds_v3/toolchain/bin/../lib/gcc/arm-none-eabi/4.8.4/../../../../arm-none-eabi/lib/armv7e-m/fpu\libg_s.a(lib_a-sbrkr.o)
 .debug_frame   0x0000232c       0x30 c:/freescale/kds_v3/toolchain/bin/../lib/gcc/arm-none-eabi/4.8.4/../../../../arm-none-eabi/lib/armv7e-m/fpu\libg_s.a(lib_a-setvbuf.o)
 .debug_frame   0x0000235c       0x38 c:/freescale/kds_v3/toolchain/bin/../lib/gcc/arm-none-eabi/4.8.4/../../../../arm-none-eabi/lib/armv7e-m/fpu\libg_s.a(lib_a-strerror.o)
 .debug_frame   0x00002394       0x20 c:/freescale/kds_v3/toolchain/bin/../lib/gcc/arm-none-eabi/4.8.4/../../../../arm-none-eabi/lib/armv7e-m/fpu\libg_s.a(lib_a-u_strerr.o)
 .debug_frame   0x000023b4       0xa8 c:/freescale/kds_v3/toolchain/bin/../lib/gcc/arm-none-eabi/4.8.4/../../../../arm-none-eabi/lib/armv7e-m/fpu\libg_s.a(lib_a-vfprintf.o)
 .debug_frame   0x0000245c       0x60 c:/freescale/kds_v3/toolchain/bin/../lib/gcc/arm-none-eabi/4.8.4/../../../../arm-none-eabi/lib/armv7e-m/fpu\libg_s.a(lib_a-vfprintf_i.o)
 .debug_frame   0x000024bc       0x3c c:/freescale/kds_v3/toolchain/bin/../lib/gcc/arm-none-eabi/4.8.4/../../../../arm-none-eabi/lib/armv7e-m/fpu\libg_s.a(lib_a-wbuf.o)
 .debug_frame   0x000024f8       0x2c c:/freescale/kds_v3/toolchain/bin/../lib/gcc/arm-none-eabi/4.8.4/../../../../arm-none-eabi/lib/armv7e-m/fpu\libg_s.a(lib_a-wsetup.o)
 .debug_frame   0x00002524       0x28 c:/freescale/kds_v3/toolchain/bin/../lib/gcc/arm-none-eabi/4.8.4/../../../../arm-none-eabi/lib/armv7e-m/fpu\libg_s.a(lib_a-abort.o)
 .debug_frame   0x0000254c       0x5c c:/freescale/kds_v3/toolchain/bin/../lib/gcc/arm-none-eabi/4.8.4/../../../../arm-none-eabi/lib/armv7e-m/fpu\libg_s.a(lib_a-fflush.o)
 .debug_frame   0x000025a8      0x12c c:/freescale/kds_v3/toolchain/bin/../lib/gcc/arm-none-eabi/4.8.4/../../../../arm-none-eabi/lib/armv7e-m/fpu\libg_s.a(lib_a-findfp.o)
 .debug_frame   0x000026d4       0x3c c:/freescale/kds_v3/toolchain/bin/../lib/gcc/arm-none-eabi/4.8.4/../../../../arm-none-eabi/lib/armv7e-m/fpu\libg_s.a(lib_a-fputc.o)
 .debug_frame   0x00002710       0x3c c:/freescale/kds_v3/toolchain/bin/../lib/gcc/arm-none-eabi/4.8.4/../../../../arm-none-eabi/lib/armv7e-m/fpu\libg_s.a(lib_a-fputs.o)
 .debug_frame   0x0000274c       0x30 c:/freescale/kds_v3/toolchain/bin/../lib/gcc/arm-none-eabi/4.8.4/../../../../arm-none-eabi/lib/armv7e-m/fpu\libg_s.a(lib_a-makebuf.o)
 .debug_frame   0x0000277c       0x28 c:/freescale/kds_v3/toolchain/bin/../lib/gcc/arm-none-eabi/4.8.4/../../../../arm-none-eabi/lib/armv7e-m/fpu\libg_s.a(lib_a-memchr-stub.o)
 .debug_frame   0x000027a4       0x3c c:/freescale/kds_v3/toolchain/bin/../lib/gcc/arm-none-eabi/4.8.4/../../../../arm-none-eabi/lib/armv7e-m/fpu\libg_s.a(lib_a-putc.o)
 .debug_frame   0x000027e0       0x48 c:/freescale/kds_v3/toolchain/bin/../lib/gcc/arm-none-eabi/4.8.4/../../../../arm-none-eabi/lib/armv7e-m/fpu\libg_s.a(lib_a-reent.o)
 .debug_frame   0x00002828       0xc0 c:/freescale/kds_v3/toolchain/bin/../lib/gcc/arm-none-eabi/4.8.4/../../../../arm-none-eabi/lib/armv7e-m/fpu\libg_s.a(lib_a-signal.o)
 .debug_frame   0x000028e8       0x3c c:/freescale/kds_v3/toolchain/bin/../lib/gcc/arm-none-eabi/4.8.4/../../../../arm-none-eabi/lib/armv7e-m/fpu\libg_s.a(lib_a-signalr.o)
 .debug_frame   0x00002924       0x80 c:/freescale/kds_v3/toolchain/bin/../lib/gcc/arm-none-eabi/4.8.4/../../../../arm-none-eabi/lib/armv7e-m/fpu\libg_s.a(lib_a-stdio.o)
 .debug_frame   0x000029a4       0x20 c:/freescale/kds_v3/toolchain/bin/../lib/gcc/arm-none-eabi/4.8.4/../../../../arm-none-eabi/lib/armv7e-m/fpu\libg_s.a(lib_a-strlen.o)
 .debug_frame   0x000029c4       0x2c c:/freescale/kds_v3/toolchain/bin/../lib/gcc/arm-none-eabi/4.8.4/../../../../arm-none-eabi/lib/armv7e-m/fpu\libg_s.a(lib_a-writer.o)
 .debug_frame   0x000029f0       0x2c c:/freescale/kds_v3/toolchain/bin/../lib/gcc/arm-none-eabi/4.8.4/../../../../arm-none-eabi/lib/armv7e-m/fpu\libg_s.a(lib_a-closer.o)
 .debug_frame   0x00002a1c       0x2c c:/freescale/kds_v3/toolchain/bin/../lib/gcc/arm-none-eabi/4.8.4/../../../../arm-none-eabi/lib/armv7e-m/fpu\libg_s.a(lib_a-fstatr.o)